Component: ARM Compiler 5.06 update 5 (build 528) Tool: armlink [4d35e2]

==============================================================================

Section Cross References

    led.o(i.LED1_OFF) refers to stm32f10x_gpio.o(i.GPIO_SetBits) for GPIO_SetBits
    led.o(i.LED1_ON) refers to stm32f10x_gpio.o(i.GPIO_ResetBits) for GPIO_ResetBits
    led.o(i.LED1_Turn) refers to stm32f10x_gpio.o(i.GPIO_ReadOutputDataBit) for GPIO_ReadOutputDataBit
    led.o(i.LED1_Turn) refers to stm32f10x_gpio.o(i.GPIO_SetBits) for GPIO_SetBits
    led.o(i.LED1_Turn) refers to stm32f10x_gpio.o(i.GPIO_ResetBits) for GPIO_ResetBits
    led.o(i.LED2_OFF) refers to stm32f10x_gpio.o(i.GPIO_SetBits) for GPIO_SetBits
    led.o(i.LED2_ON) refers to stm32f10x_gpio.o(i.GPIO_ResetBits) for GPIO_ResetBits
    led.o(i.LED2_Turn) refers to stm32f10x_gpio.o(i.GPIO_ReadOutputDataBit) for GPIO_ReadOutputDataBit
    led.o(i.LED2_Turn) refers to stm32f10x_gpio.o(i.GPIO_SetBits) for GPIO_SetBits
    led.o(i.LED2_Turn) refers to stm32f10x_gpio.o(i.GPIO_ResetBits) for GPIO_ResetBits
    led.o(i.LED_Init) refers to stm32f10x_rcc.o(i.RCC_APB2PeriphClockCmd) for RCC_APB2PeriphClockCmd
    led.o(i.LED_Init) refers to stm32f10x_gpio.o(i.GPIO_Init) for GPIO_Init
    led.o(i.LED_Init) refers to stm32f10x_gpio.o(i.GPIO_SetBits) for GPIO_SetBits
    oled.o(i.OLED_Clear) refers to oled.o(.bss) for OLED_DisplayBuf
    oled.o(i.OLED_ClearArea) refers to oled.o(.bss) for OLED_DisplayBuf
    oled.o(i.OLED_DrawArc) refers to oled.o(i.OLED_IsInAngle) for OLED_IsInAngle
    oled.o(i.OLED_DrawArc) refers to oled.o(i.OLED_DrawPoint) for OLED_DrawPoint
    oled.o(i.OLED_DrawCircle) refers to oled.o(i.OLED_DrawPoint) for OLED_DrawPoint
    oled.o(i.OLED_DrawEllipse) refers to dflt_clz.o(x$fpl$dflt) for __aeabi_i2d
    oled.o(i.OLED_DrawEllipse) refers to daddsub_clz.o(x$fpl$dadd) for __aeabi_dadd
    oled.o(i.OLED_DrawEllipse) refers to dmul.o(x$fpl$dmul) for __aeabi_dmul
    oled.o(i.OLED_DrawEllipse) refers to d2f.o(x$fpl$d2f) for __aeabi_d2f
    oled.o(i.OLED_DrawEllipse) refers to oled.o(i.OLED_DrawPoint) for OLED_DrawPoint
    oled.o(i.OLED_DrawEllipse) refers to fleqf.o(x$fpl$fleqf) for __aeabi_cfcmple
    oled.o(i.OLED_DrawEllipse) refers to fflt_clz.o(x$fpl$fflt) for __aeabi_i2f
    oled.o(i.OLED_DrawEllipse) refers to faddsub_clz.o(x$fpl$fadd) for __aeabi_fadd
    oled.o(i.OLED_DrawEllipse) refers to daddsub_clz.o(x$fpl$dsub) for __aeabi_dsub
    oled.o(i.OLED_DrawEllipse) refers to dleqf.o(x$fpl$dleqf) for __aeabi_cdcmple
    oled.o(i.OLED_DrawLine) refers to oled.o(i.OLED_DrawPoint) for OLED_DrawPoint
    oled.o(i.OLED_DrawPoint) refers to oled.o(.bss) for OLED_DisplayBuf
    oled.o(i.OLED_DrawRectangle) refers to oled.o(i.OLED_DrawPoint) for OLED_DrawPoint
    oled.o(i.OLED_DrawTriangle) refers to oled.o(i.OLED_DrawLine) for OLED_DrawLine
    oled.o(i.OLED_DrawTriangle) refers to oled.o(i.OLED_pnpoly) for OLED_pnpoly
    oled.o(i.OLED_DrawTriangle) refers to oled.o(i.OLED_DrawPoint) for OLED_DrawPoint
    oled.o(i.OLED_GPIO_Init) refers to stm32f10x_rcc.o(i.RCC_APB2PeriphClockCmd) for RCC_APB2PeriphClockCmd
    oled.o(i.OLED_GPIO_Init) refers to stm32f10x_gpio.o(i.GPIO_Init) for GPIO_Init
    oled.o(i.OLED_GPIO_Init) refers to oled.o(i.OLED_W_SCL) for OLED_W_SCL
    oled.o(i.OLED_GPIO_Init) refers to oled.o(i.OLED_W_SDA) for OLED_W_SDA
    oled.o(i.OLED_GetPoint) refers to oled.o(.bss) for OLED_DisplayBuf
    oled.o(i.OLED_I2C_SendByte) refers to oled.o(i.OLED_W_SDA) for OLED_W_SDA
    oled.o(i.OLED_I2C_SendByte) refers to oled.o(i.OLED_W_SCL) for OLED_W_SCL
    oled.o(i.OLED_I2C_Start) refers to oled.o(i.OLED_W_SDA) for OLED_W_SDA
    oled.o(i.OLED_I2C_Start) refers to oled.o(i.OLED_W_SCL) for OLED_W_SCL
    oled.o(i.OLED_I2C_Stop) refers to oled.o(i.OLED_W_SDA) for OLED_W_SDA
    oled.o(i.OLED_I2C_Stop) refers to oled.o(i.OLED_W_SCL) for OLED_W_SCL
    oled.o(i.OLED_Init) refers to oled.o(i.OLED_GPIO_Init) for OLED_GPIO_Init
    oled.o(i.OLED_Init) refers to oled.o(i.OLED_WriteCommand) for OLED_WriteCommand
    oled.o(i.OLED_Init) refers to oled.o(i.OLED_Clear) for OLED_Clear
    oled.o(i.OLED_Init) refers to oled.o(i.OLED_Update) for OLED_Update
    oled.o(i.OLED_IsInAngle) refers to dflt_clz.o(x$fpl$dflt) for __aeabi_i2d
    oled.o(i.OLED_IsInAngle) refers to atan2.o(i.atan2) for atan2
    oled.o(i.OLED_IsInAngle) refers to ddiv.o(x$fpl$ddiv) for __aeabi_ddiv
    oled.o(i.OLED_IsInAngle) refers to dmul.o(x$fpl$dmul) for __aeabi_dmul
    oled.o(i.OLED_IsInAngle) refers to dfix.o(x$fpl$dfix) for __aeabi_d2iz
    oled.o(i.OLED_Printf) refers to vsprintf.o(.text) for vsprintf
    oled.o(i.OLED_Printf) refers to oled.o(i.OLED_ShowString) for OLED_ShowString
    oled.o(i.OLED_Reverse) refers to oled.o(.bss) for OLED_DisplayBuf
    oled.o(i.OLED_ReverseArea) refers to oled.o(.bss) for OLED_DisplayBuf
    oled.o(i.OLED_SetCursor) refers to oled.o(i.OLED_WriteCommand) for OLED_WriteCommand
[...]
    x$fpl$dretinf                            0x08005f20   Section       12  dretinf.o(x$fpl$dretinf)
    x$fpl$drleqf                             0x08005f2c   Section      108  drleqf.o(x$fpl$drleqf)
    x$fpl$drnd                               0x08005f98   Section      180  drnd.o(x$fpl$drnd)
    x$fpl$drsb                               0x0800604c   Section       22  daddsub_clz.o(x$fpl$drsb)
    x$fpl$dsub                               0x08006064   Section      468  daddsub_clz.o(x$fpl$dsub)
    _dsub1                                   0x08006075   Thumb Code     0  daddsub_clz.o(x$fpl$dsub)
    x$fpl$f2d                                0x08006238   Section       86  f2d.o(x$fpl$f2d)
    x$fpl$fadd                               0x08006290   Section      196  faddsub_clz.o(x$fpl$fadd)
    _fadd1                                   0x0800629f   Thumb Code     0  faddsub_clz.o(x$fpl$fadd)
    x$fpl$fcmpinf                            0x08006354   Section       24  fcmpi.o(x$fpl$fcmpinf)
    x$fpl$fdiv                               0x0800636c   Section      388  fdiv.o(x$fpl$fdiv)
    _fdiv1                                   0x0800636d   Thumb Code     0  fdiv.o(x$fpl$fdiv)
    x$fpl$ffixu                              0x080064f0   Section       62  ffixu.o(x$fpl$ffixu)
    x$fpl$ffltu                              0x08006530   Section       38  fflt_clz.o(x$fpl$ffltu)
    x$fpl$fleqf                              0x08006558   Section      104  fleqf.o(x$fpl$fleqf)
    x$fpl$fmul                               0x080065c0   Section      258  fmul.o(x$fpl$fmul)
    x$fpl$fnaninf                            0x080066c2   Section      140  fnaninf.o(x$fpl$fnaninf)
    x$fpl$fretinf                            0x0800674e   Section       10  fretinf.o(x$fpl$fretinf)
    x$fpl$frleqf                             0x08006758   Section       98  frleqf.o(x$fpl$frleqf)
    x$fpl$frsb                               0x080067ba   Section       20  faddsub_clz.o(x$fpl$frsb)
    x$fpl$fsub                               0x080067d0   Section      234  faddsub_clz.o(x$fpl$fsub)
    _fsub1                                   0x080067df   Thumb Code     0  faddsub_clz.o(x$fpl$fsub)
    x$fpl$retnan                             0x080068ba   Section      100  retnan.o(x$fpl$retnan)
    x$fpl$scalbn                             0x0800691e   Section       92  scalbn.o(x$fpl$scalbn)
    x$fpl$trapveneer                         0x0800697a   Section       48  trapv.o(x$fpl$trapveneer)
    .constdata                               0x080069aa   Section     7922  oled_data.o(.constdata)
    x$fpl$usenofp                            0x080069aa   Section        0  usenofp.o(x$fpl$usenofp)
    .constdata                               0x080088a0   Section       56  log.o(.constdata)
    Lg2                                      0x080088a0   Data          24  log.o(.constdata)
    Lg                                       0x080088b8   Data          32  log.o(.constdata)
    .constdata                               0x080088d8   Section       12  _monlen.o(.constdata)
    .constdata                               0x080088e8   Section        8  qnan.o(.constdata)
    .data                                    0x20000000   Section       20  key.o(.data)
    Count                                    0x20000003   Data           1  key.o(.data)
    PrevState                                0x20000004   Data           3  key.o(.data)
    CurrState                                0x20000007   Data           3  key.o(.data)
    S                                        0x2000000a   Data           3  key.o(.data)
    Timer                                    0x2000000e   Data           6  key.o(.data)
    .data                                    0x20000014   Section       13  menu.o(.data)
    .data                                    0x20000024   Section       11  ad.o(.data)
    window_count                             0x2000002d   Data           1  ad.o(.data)
    window_index                             0x2000002e   Data           1  ad.o(.data)
    .data                                    0x20000030   Section        8  hc_sr04.o(.data)
    g_Echo_Time                              0x20000030   Data           4  hc_sr04.o(.data)
    g_Tim4MsCount                            0x20000034   Data           2  hc_sr04.o(.data)
    g_Echo_Flag                              0x20000036   Data           1  hc_sr04.o(.data)
    g_WindowIndex                            0x20000037   Data           1  hc_sr04.o(.data)
    .data                                    0x20000038   Section        2  serial.o(.data)
    .data                                    0x2000003a   Section        4  voice_recognition.o(.data)
    .data                                    0x20000040   Section        5  count_down.o(.data)
    .data                                    0x20000046   Section        8  myrtc.o(.data)
    .data                                    0x20000050   Section       18  timer.o(.data)
    refresh_tick                             0x20000060   Data           2  timer.o(.data)
    .data                                    0x20000062   Section       20  stm32f10x_rcc.o(.data)
    APBAHBPrescTable                         0x20000062   Data          16  stm32f10x_rcc.o(.data)
    ADCPrescTable                            0x20000072   Data           4  stm32f10x_rcc.o(.data)
    .bss                                     0x20000078   Section     1024  oled.o(.bss)
    .bss                                     0x20000478   Section       32  ad.o(.bss)
    temp_window                              0x20000478   Data          32  ad.o(.bss)
    .bss                                     0x20000498   Section       12  hc_sr04.o(.bss)
    g_DistanceWindow                         0x20000498   Data          12  hc_sr04.o(.bss)
    .bss                                     0x200004a4   Section       44  localtime.o(.bss)
    _tms                                     0x200004a4   Data          44  localtime.o(.bss)
    .bss                                     0x200004d0   Section       96  libspace.o(.bss)
    HEAP                                     0x20000530   Section      512  startup_stm32f10x_md.o(HEAP)
    Heap_Mem                                 0x20000530   Data         512  startup_stm32f10x_md.o(HEAP)
    STACK                                    0x20000730   Section     1024  startup_stm32f10x_md.o(STACK)
    Stack_Mem                                0x20000730   Data        1024  startup_stm32f10x_md.o(STACK)
    __initial_sp                             0x20000b30   Data           0  startup_stm32f10x_md.o(STACK)

    Global Symbols

    Symbol Name                              Value     Ov Type        Size  Object(Section)

    BuildAttributes$$THM_ISAv4$P$D$K$B$S$PE$A:L22UL41UL21$X:L11$S22US41US21$IEEE1$IW$USESV6$~STKCKD$USESV7$~SHL$OTIME$ROPI$IEEEX$EBA8$UX$STANDARDLIB$REQ8$PRES8$EABIv2 0x00000000   Number         0  anon$$obj.o ABSOLUTE
    __ARM_use_no_argv                        0x00000000   Number         0  main.o ABSOLUTE
    _printf_flags                            0x00000000   Number         0  printf_stubs.o ABSOLUTE
    _printf_return_value                     0x00000000   Number         0  printf_stubs.o ABSOLUTE
    _printf_sizespec                         0x00000000   Number         0  printf_stubs.o ABSOLUTE
    _printf_widthprec                        0x00000000   Number         0  printf_stubs.o ABSOLUTE
    __ARM_exceptions_init                     - Undefined Weak Reference
    __alloca_initialize                       - Undefined Weak Reference
    __arm_preinit_                            - Undefined Weak Reference
    __cpp_initialize__aeabi_                  - Undefined Weak Reference
    __cxa_finalize                            - Undefined Weak Reference
    __sigvec_lookup                           - Undefined Weak Reference
    _atexit_init                              - Undefined Weak Reference
    _call_atexit_fns                          - Undefined Weak Reference
    _clock_init                               - Undefined Weak Reference
    _fp_trap_init                             - Undefined Weak Reference
    _fp_trap_shutdown                         - Undefined Weak Reference
    _get_lc_collate                           - Undefined Weak Reference
    _get_lc_monetary                          - Undefined Weak Reference
    _get_lc_time                              - Undefined Weak Reference
    _getenv_init                              - Undefined Weak Reference
    _handle_redirection                       - Undefined Weak Reference
    _init_alloc                               - Undefined Weak Reference
    _init_user_alloc                          - Undefined Weak Reference
    _initio                                   - Undefined Weak Reference
    _printf_mbtowc                            - Undefined Weak Reference
    _printf_wc                                - Undefined Weak Reference
    _rand_init                                - Undefined Weak Reference
    _signal_finish                            - Undefined Weak Reference
    _signal_init                              - Undefined Weak Reference
    _terminate_alloc                          - Undefined Weak Reference
    _terminate_user_alloc                     - Undefined Weak Reference
    _terminateio                              - Undefined Weak Reference
    __Vectors_Size                           0x000000ec   Number         0  startup_stm32f10x_md.o ABSOLUTE
    __Vectors                                0x08000000   Data           4  startup_stm32f10x_md.o(RESET)
    __Vectors_End                            0x080000ec   Data           0  startup_stm32f10x_md.o(RESET)
    __main                                   0x080000ed   Thumb Code     8  __main.o(!!!main)
    __scatterload                            0x080000f5   Thumb Code     0  __scatter.o(!!!scatter)
    __scatterload_rt2                        0x080000f5   Thumb Code    44  __scatter.o(!!!scatter)
    __scatterload_rt2_thumb_only             0x080000f5   Thumb Code     0  __scatter.o(!!!scatter)
    __scatterload_null                       0x08000103   Thumb Code     0  __scatter.o(!!!scatter)
    __scatterload_copy                       0x08000129   Thumb Code    26  __scatter_copy.o(!!handler_copy)
    __scatterload_zeroinit                   0x08000145   Thumb Code    28  __scatter_zi.o(!!handler_zi)
    __rt_lib_init                            0x08000161   Thumb Code     0  libinit.o(.ARM.Collect$$libinit$$00000000)
    __rt_lib_init_alloca_1                   0x08000163   Thumb Code     0  libinit2.o(.ARM.Collect$$libinit$$0000002E)
    __rt_lib_init_argv_1                     0x08000163   Thumb Code     0  libinit2.o(.ARM.Collect$$libinit$$0000002C)
    __rt_lib_init_atexit_1                   0x08000163   Thumb Code     0  libinit2.o(.ARM.Collect$$libinit$$0000001B)
    __rt_lib_init_clock_1                    0x08000163   Thumb Code     0  libinit2.o(.ARM.Collect$$libinit$$00000021)
    __rt_lib_init_cpp_1                      0x08000163   Thumb Code     0  libinit2.o(.ARM.Collect$$libinit$$00000032)
    __rt_lib_init_exceptions_1               0x08000163   Thumb Code     0  libinit2.o(.ARM.Collect$$libinit$$00000030)
    __rt_lib_init_fp_1                       0x08000163   Thumb Code     0  libinit2.o(.ARM.Collect$$libinit$$00000002)
    __rt_lib_init_fp_trap_1                  0x08000163   Thumb Code     0  libinit2.o(.ARM.Collect$$libinit$$0000001F)
    __rt_lib_init_getenv_1                   0x08000163   Thumb Code     0  libinit2.o(.ARM.Collect$$libinit$$00000023)
    __rt_lib_init_heap_1                     0x08000163   Thumb Code     0  libinit2.o(.ARM.Collect$$libinit$$0000000A)
    __rt_lib_init_lc_collate_1               0x08000163   Thumb Code     0  libinit2.o(.ARM.Collect$$libinit$$00000011)
    __rt_lib_init_lc_ctype_1                 0x08000163   Thumb Code     0  libinit2.o(.ARM.Collect$$libinit$$00000013)
    __rt_lib_init_lc_monetary_1              0x08000163   Thumb Code     0  libinit2.o(.ARM.Collect$$libinit$$00000015)
    __rt_lib_init_lc_numeric_1               0x08000163   Thumb Code     0  libinit2.o(.ARM.Collect$$libinit$$00000017)
    __rt_lib_init_lc_time_1                  0x08000163   Thumb Code     0  libinit2.o(.ARM.Collect$$libinit$$00000019)
    __rt_lib_init_preinit_1                  0x08000163   Thumb Code     0  libinit2.o(.ARM.Collect$$libinit$$00000004)
    __rt_lib_init_rand_1                     0x08000163   Thumb Code     0  libinit2.o(.ARM.Collect$$libinit$$0000000E)
    __rt_lib_init_return                     0x08000163   Thumb Code     0  libinit2.o(.ARM.Collect$$libinit$$00000033)
    __rt_lib_init_signal_1                   0x08000163   Thumb Code     0  libinit2.o(.ARM.Collect$$libinit$$0000001D)
    __rt_lib_init_stdio_1                    0x08000163   Thumb Code     0  libinit2.o(.ARM.Collect$$libinit$$00000025)
    __rt_lib_init_user_alloc_1               0x08000163   Thumb Code     0  libinit2.o(.ARM.Collect$$libinit$$0000000C)
    __rt_lib_shutdown                        0x08000165   Thumb Code     0  libshutdown.o(.ARM.Collect$$libshutdown$$00000000)
    __rt_lib_shutdown_cpp_1                  0x08000167   Thumb Code     0  libshutdown2.o(.ARM.Collect$$libshutdown$$00000002)
    __rt_lib_shutdown_fp_trap_1              0x08000167   Thumb Code     0  libshutdown2.o(.ARM.Collect$$libshutdown$$00000007)
    __rt_lib_shutdown_heap_1                 0x08000167   Thumb Code     0  libshutdown2.o(.ARM.Collect$$libshutdown$$0000000F)
    __rt_lib_shutdown_return                 0x08000167   Thumb Code     0  libshutdown2.o(.ARM.Collect$$libshutdown$$00000010)
    __rt_lib_shutdown_signal_1               0x08000167   Thumb Code     0  libshutdown2.o(.ARM.Collect$$libshutdown$$0000000A)
    __rt_lib_shutdown_stdio_1                0x08000167   Thumb Code     0  libshutdown2.o(.ARM.Collect$$libshutdown$$00000004)
    __rt_lib_shutdown_user_alloc_1           0x08000167   Thumb Code     0  libshutdown2.o(.ARM.Collect$$libshutdown$$0000000C)
    __rt_entry                               0x08000169   Thumb Code     0  __rtentry.o(.ARM.Collect$$rtentry$$00000000)
    __rt_entry_presh_1                       0x08000169   Thumb Code     0  __rtentry2.o(.ARM.Collect$$rtentry$$00000002)
    __rt_entry_sh                            0x08000169   Thumb Code     0  __rtentry4.o(.ARM.Collect$$rtentry$$00000004)
    __rt_entry_li                            0x0800016f   Thumb Code     0  __rtentry2.o(.ARM.Collect$$rtentry$$0000000A)
    __rt_entry_postsh_1                      0x0800016f   Thumb Code     0  __rtentry2.o(.ARM.Collect$$rtentry$$00000009)
    __rt_entry_main                          0x08000173   Thumb Code     0  __rtentry2.o(.ARM.Collect$$rtentry$$0000000D)
    __rt_entry_postli_1                      0x08000173   Thumb Code     0  __rtentry2.o(.ARM.Collect$$rtentry$$0000000C)
    __rt_exit                                0x0800017b   Thumb Code     0  rtexit.o(.ARM.Collect$$rtexit$$00000000)
    __rt_exit_ls                             0x0800017d   Thumb Code     0  rtexit2.o(.ARM.Collect$$rtexit$$00000003)
    __rt_exit_prels_1                        0x0800017d   Thumb Code     0  rtexit2.o(.ARM.Collect$$rtexit$$00000002)
    __rt_exit_exit                           0x08000181   Thumb Code     0  rtexit2.o(.ARM.Collect$$rtexit$$00000004)
    Reset_Handler                            0x08000189   Thumb Code     8  startup_stm32f10x_md.o(.text)
    ADC1_2_IRQHandler                        0x080001a3   Thumb Code     0  startup_stm32f10x_md.o(.text)
    CAN1_RX1_IRQHandler                      0x080001a3   Thumb Code     0  startup_stm32f10x_md.o(.text)
    CAN1_SCE_IRQHandler                      0x080001a3   Thumb Code     0  startup_stm32f10x_md.o(.text)
    DMA1_Channel1_IRQHandler                 0x080001a3   Thumb Code     0  startup_stm32f10x_md.o(.text)
    DMA1_Channel2_IRQHandler                 0x080001a3   Thumb Code     0  startup_stm32f10x_md.o(.text)
    DMA1_Channel3_IRQHandler                 0x080001a3   Thumb Code     0  startup_stm32f10x_md.o(.text)
    DMA1_Channel4_IRQHandler                 0x080001a3   Thumb Code     0  startup_stm32f10x_md.o(.text)
    DMA1_Channel5_IRQHandler                 0x080001a3   Thumb Code     0  startup_stm32f10x_md.o(.text)
    DMA1_Channel6_IRQHandler                 0x080001a3   Thumb Code     0  startup_stm32f10x_md.o(.text)
    DMA1_Channel7_IRQHandler                 0x080001a3   Thumb Code     0  startup_stm32f10x_md.o(.text)
    EXTI0_IRQHandler                         0x080001a3   Thumb Code     0  startup_stm32f10x_md.o(.text)
    EXTI15_10_IRQHandler                     0x080001a3   Thumb Code     0  startup_stm32f10x_md.o(.text)
    EXTI1_IRQHandler                         0x080001a3   Thumb Code     0  startup_stm32f10x_md.o(.text)
    EXTI2_IRQHandler                         0x080001a3   Thumb Code     0  startup_stm32f10x_md.o(.text)
    EXTI3_IRQHandler                         0x080001a3   Thumb Code     0  startup_stm32f10x_md.o(.text)
    EXTI9_5_IRQHandler                       0x080001a3   Thumb Code     0  startup_stm32f10x_md.o(.text)
    FLASH_IRQHandler                         0x080001a3   Thumb Code     0  startup_stm32f10x_md.o(.text)
    I2C1_ER_IRQHandler                       0x080001a3   Thumb Code     0  startup_stm32f10x_md.o(.text)
    I2C1_EV_IRQHandler                       0x080001a3   Thumb Code     0  startup_stm32f10x_md.o(.text)
    I2C2_ER_IRQHandler                       0x080001a3   Thumb Code     0  startup_stm32f10x_md.o(.text)
    I2C2_EV_IRQHandler                       0x080001a3   Thumb Code     0  startup_stm32f10x_md.o(.text)
    PVD_IRQHandler                           0x080001a3   Thumb Code     0  startup_stm32f10x_md.o(.text)
    RCC_IRQHandler                           0x080001a3   Thumb Code     0  startup_stm32f10x_md.o(.text)
    RTCAlarm_IRQHandler                      0x080001a3   Thumb Code     0  startup_stm32f10x_md.o(.text)
    RTC_IRQHandler                           0x080001a3   Thumb Code     0  startup_stm32f10x_md.o(.text)
    SPI1_IRQHandler                          0x080001a3   Thumb Code     0  startup_stm32f10x_md.o(.text)
    SPI2_IRQHandler                          0x080001a3   Thumb Code     0  startup_stm32f10x_md.o(.text)
    TAMPER_IRQHandler                        0x080001a3   Thumb Code     0  startup_stm32f10x_md.o(.text)
    TIM1_BRK_IRQHandler                      0x080001a3   Thumb Code     0  startup_stm32f10x_md.o(.text)
    TIM1_CC_IRQHandler                       0x080001a3   Thumb Code     0  startup_stm32f10x_md.o(.text)
    TIM1_TRG_COM_IRQHandler                  0x080001a3   Thumb Code     0  startup_stm32f10x_md.o(.text)
    TIM2_IRQHandler                          0x080001a3   Thumb Code     0  startup_stm32f10x_md.o(.text)
    USART2_IRQHandler                        0x080001a3   Thumb Code     0  startup_stm32f10x_md.o(.text)
    USART3_IRQHandler                        0x080001a3   Thumb Code     0  startup_stm32f10x_md.o(.text)
    USBWakeUp_IRQHandler                     0x080001a3   Thumb Code     0  startup_stm32f10x_md.o(.text)
    USB_HP_CAN1_TX_IRQHandler                0x080001a3   Thumb Code     0  startup_stm32f10x_md.o(.text)
    USB_LP_CAN1_RX0_IRQHandler               0x080001a3   Thumb Code     0  startup_stm32f10x_md.o(.text)
    WWDG_IRQHandler                          0x080001a3   Thumb Code     0  startup_stm32f10x_md.o(.text)
    __user_initial_stackheap                 0x080001a5   Thumb Code     0  startup_stm32f10x_md.o(.text)
    __aeabi_memcpy4                          0x080001c9   Thumb Code     0  rt_memcpy_w.o(.text)
    __aeabi_memcpy8                          0x080001c9   Thumb Code     0  rt_memcpy_w.o(.text)
    __rt_memcpy_w                            0x080001c9   Thumb Code   100  rt_memcpy_w.o(.text)
    _memcpy_lastbytes_aligned                0x08000211   Thumb Code     0  rt_memcpy_w.o(.text)
    strcmp                                   0x0800022d   Thumb Code   128  strcmpv7m.o(.text)
    localtime                                0x080002ad   Thumb Code     6  localtime.o(.text)
    mktime                                   0x080002f7   Thumb Code   356  mktime.o(.text)
    __use_two_region_memory                  0x08000465   Thumb Code     2  heapauxi.o(.text)
    __rt_heap_escrow$2region                 0x08000467   Thumb Code     2  heapauxi.o(.text)
    __rt_heap_expand$2region                 0x08000469   Thumb Code     2  heapauxi.o(.text)
    __read_errno                             0x0800046b   Thumb Code    10  _rserrno.o(.text)
    __set_errno                              0x08000475   Thumb Code    12  _rserrno.o(.text)
    _localtime_r                             0x08000481   Thumb Code   178  localtime_internal.o(.text)
    _n$localtime_r                           0x08000481   Thumb Code     0  localtime_internal.o(.text)
    __aeabi_errno_addr                       0x08000539   Thumb Code     8  rt_errno_addr_intlibspace.o(.text)
    __errno$intlibspace                      0x08000539   Thumb Code     0  rt_errno_addr_intlibspace.o(.text)
    __rt_errno_addr$intlibspace              0x08000539   Thumb Code     0  rt_errno_addr_intlibspace.o(.text)
    __aeabi_memclr4                          0x08000541   Thumb Code     0  rt_memclr_w.o(.text)
    __aeabi_memclr8                          0x08000541   Thumb Code     0  rt_memclr_w.o(.text)
    __rt_memclr_w                            0x08000541   Thumb Code    78  rt_memclr_w.o(.text)
    _memset_w                                0x08000545   Thumb Code     0  rt_memclr_w.o(.text)
    __user_libspace                          0x08000591   Thumb Code     8  libspace.o(.text)
    __user_perproc_libspace                  0x08000591   Thumb Code     0  libspace.o(.text)
    __user_perthread_libspace                0x08000591   Thumb Code     0  libspace.o(.text)
    __user_setup_stackheap                   0x08000599   Thumb Code    74  sys_stackheap_outer.o(.text)
    exit                                     0x080005e3   Thumb Code    18  exit.o(.text)
    _sys_exit                                0x080005f5   Thumb Code     8  sys_exit.o(.text)
    __I$use$semihosting                      0x08000601   Thumb Code     0  use_no_semi.o(.text)
    __use_no_semihosting_swi                 0x08000601   Thumb Code     2  use_no_semi.o(.text)
    ADC_Cmd                                  0x08000603   Thumb Code    22  stm32f10x_adc.o(i.ADC_Cmd)
    __semihosting_library_function           0x08000603   Thumb Code     0  indicate_semi.o(.text)
    ADC_DMACmd                               0x08000619   Thumb Code    22  stm32f10x_adc.o(i.ADC_DMACmd)
    ADC_GetCalibrationStatus                 0x0800062f   Thumb Code    20  stm32f10x_adc.o(i.ADC_GetCalibrationStatus)
    ADC_GetResetCalibrationStatus            0x08000643   Thumb Code    20  stm32f10x_adc.o(i.ADC_GetResetCalibrationStatus)
    ADC_Init                                 0x08000659   Thumb Code    70  stm32f10x_adc.o(i.ADC_Init)
    ADC_RegularChannelConfig                 0x080006a9   Thumb Code   184  stm32f10x_adc.o(i.ADC_RegularChannelConfig)
    ADC_ResetCalibration                     0x08000761   Thumb Code    10  stm32f10x_adc.o(i.ADC_ResetCalibration)
    ADC_SoftwareStartConvCmd                 0x0800076b   Thumb Code    22  stm32f10x_adc.o(i.ADC_SoftwareStartConvCmd)
    ADC_StartCalibration                     0x08000781   Thumb Code    10  stm32f10x_adc.o(i.ADC_StartCalibration)
    AD_Collect_Start                         0x0800078d   Thumb Code    54  ad.o(i.AD_Collect_Start)
    AD_Collect_Stop                          0x080007d1   Thumb Code    60  ad.o(i.AD_Collect_Stop)
    AD_Init                                  0x08000821   Thumb Code   252  ad.o(i.AD_Init)
    AD_to_Temp                               0x0800092d   Thumb Code   278  ad.o(i.AD_to_Temp)
    BKP_ReadBackupRegister                   0x08000a81   Thumb Code    24  stm32f10x_bkp.o(i.BKP_ReadBackupRegister)
    BKP_WriteBackupRegister                  0x08000a9d   Thumb Code    22  stm32f10x_bkp.o(i.BKP_WriteBackupRegister)
    BusFault_Handler                         0x08000ab9   Thumb Code     4  stm32f10x_it.o(i.BusFault_Handler)
    Count_Add_1h                             0x08000b0d   Thumb Code    14  count_down.o(i.Count_Add_1h)
    Count_Add_1m                             0x08000b21   Thumb Code    12  count_down.o(i.Count_Add_1m)
    Count_Add_1s                             0x08000b31   Thumb Code    12  count_down.o(i.Count_Add_1s)
    Count_Add_Hour                           0x08000b41   Thumb Code    22  count_down.o(i.Count_Add_Hour)
    Count_Add_Minute                         0x08000b5d   Thumb Code    18  count_down.o(i.Count_Add_Minute)
    Count_Add_Second                         0x08000b75   Thumb Code    12  count_down.o(i.Count_Add_Second)
    Count_Down_Init                          0x08000b85   Thumb Code   112  count_down.o(i.Count_Down_Init)
    Count_Down_Over                          0x08000bf9   Thumb Code    10  voice_recognition.o(i.Count_Down_Over)
    Count_Set_0                              0x08000c05   Thumb Code     8  count_down.o(i.Count_Set_0)
    Count_Start                              0x08000c11   Thumb Code    18  count_down.o(i.Count_Start)
    Count_Stop                               0x08000c2d   Thumb Code    18  count_down.o(i.Count_Stop)
    Count_Sub_1h                             0x08000c49   Thumb Code    32  count_down.o(i.Count_Sub_1h)
    Count_Sub_1m                             0x08000c6d   Thumb Code    28  count_down.o(i.Count_Sub_1m)
    Count_Sub_1s                             0x08000c8d   Thumb Code    26  count_down.o(i.Count_Sub_1s)
    DMA_Cmd                                  0x08000cad   Thumb Code    24  stm32f10x_dma.o(i.DMA_Cmd)
    DMA_Init                                 0x08000cc5   Thumb Code    60  stm32f10x_dma.o(i.DMA_Init)
    DebugMon_Handler                         0x08000d01   Thumb Code     2  stm32f10x_it.o(i.DebugMon_Handler)
    Delay_ms                                 0x08000d03   Thumb Code    24  delay.o(i.Delay_ms)
    Delay_us                                 0x08000d1b   Thumb Code    46  delay.o(i.Delay_us)
    Distance_Warn                            0x08000d49   Thumb Code    10  voice_recognition.o(i.Distance_Warn)
    EXTI4_IRQHandler                         0x08000dd5   Thumb Code   100  hc_sr04.o(i.EXTI4_IRQHandler)
    EXTI_ClearITPendingBit                   0x08000e4d   Thumb Code     6  stm32f10x_exti.o(i.EXTI_ClearITPendingBit)
    EXTI_GetITStatus                         0x08000e59   Thumb Code    34  stm32f10x_exti.o(i.EXTI_GetITStatus)
    EXTI_Init                                0x08000e81   Thumb Code   142  stm32f10x_exti.o(i.EXTI_Init)
    GPIO_EXTILineConfig                      0x08000f15   Thumb Code    60  stm32f10x_gpio.o(i.GPIO_EXTILineConfig)
    GPIO_Init                                0x08000f55   Thumb Code   278  stm32f10x_gpio.o(i.GPIO_Init)
    GPIO_ReadInputDataBit                    0x0800106b   Thumb Code    18  stm32f10x_gpio.o(i.GPIO_ReadInputDataBit)
    GPIO_ResetBits                           0x0800107d   Thumb Code     4  stm32f10x_gpio.o(i.GPIO_ResetBits)
    GPIO_SetBits                             0x08001081   Thumb Code     4  stm32f10x_gpio.o(i.GPIO_SetBits)
    GPIO_StructInit                          0x08001085   Thumb Code    16  stm32f10x_gpio.o(i.GPIO_StructInit)
    GPIO_WriteBit                            0x08001095   Thumb Code    10  stm32f10x_gpio.o(i.GPIO_WriteBit)
    Get_Count                                0x0800115d   Thumb Code     6  count_down.o(i.Get_Count)
    HC_SR04_GetDistance                      0x08001169   Thumb Code    54  hc_sr04.o(i.HC_SR04_GetDistance)
    HC_SR04_Init                             0x080011a9   Thumb Code    80  hc_sr04.o(i.HC_SR04_Init)
    HardFault_Handler                        0x08001205   Thumb Code     4  stm32f10x_it.o(i.HardFault_Handler)
    Key_Check                                0x08001209   Thumb Code    32  key.o(i.Key_Check)
    Key_GetState                             0x0800122d   Thumb Code    62  key.o(i.Key_GetState)
    Key_Init                                 0x08001271   Thumb Code    40  key.o(i.Key_Init)
    Key_Tick                                 0x0800129d   Thumb Code   492  key.o(i.Key_Tick)
    MemManage_Handler                        0x080014a1   Thumb Code     4  stm32f10x_it.o(i.MemManage_Handler)
    Menu1                                    0x080014a5   Thumb Code   442  menu.o(i.Menu1)
    Menu2_Clock                              0x0800171d   Thumb Code   562  menu.o(i.Menu2_Clock)
    Menu2_CountDown                          0x080019a9   Thumb Code   662  menu.o(i.Menu2_CountDown)
    Menu2_Debug                              0x08001cc1   Thumb Code   430  menu.o(i.Menu2_Debug)
    Menu2_Fan                                0x08001ee5   Thumb Code   658  menu.o(i.Menu2_Fan)
    Menu2_Temp                               0x08002201   Thumb Code   636  menu.o(i.Menu2_Temp)
    Menu3_CountDown                          0x08002505   Thumb Code   718  menu.o(i.Menu3_CountDown)
    Menu3_SetDateAndTime                     0x0800289d   Thumb Code   240  menu.o(i.Menu3_SetDateAndTime)
    Menu4_SetDate                            0x080029e5   Thumb Code   636  menu.o(i.Menu4_SetDate)
    Menu4_SetTime                            0x08002d05   Thumb Code   636  menu.o(i.Menu4_SetTime)
    Motor_Init                               0x08003025   Thumb Code    42  motor.o(i.Motor_Init)
    Motor_SetGear                            0x08003055   Thumb Code    18  motor.o(i.Motor_SetGear)
    Motor_SetSpeed                           0x08003069   Thumb Code    58  motor.o(i.Motor_SetSpeed)
    Motor_Stop                               0x080030a9   Thumb Code    26  motor.o(i.Motor_Stop)
    MyRTC_Add_1Day                           0x080030c9   Thumb Code    78  myrtc.o(i.MyRTC_Add_1Day)
    MyRTC_Add_1Hour                          0x0800311d   Thumb Code    78  myrtc.o(i.MyRTC_Add_1Hour)
    MyRTC_Add_1Minute                        0x08003171   Thumb Code    78  myrtc.o(i.MyRTC_Add_1Minute)
    MyRTC_Add_1Month                         0x080031c5   Thumb Code    76  myrtc.o(i.MyRTC_Add_1Month)
    MyRTC_Add_1Second                        0x08003215   Thumb Code    78  myrtc.o(i.MyRTC_Add_1Second)
    MyRTC_Add_1Year                          0x08003269   Thumb Code    76  myrtc.o(i.MyRTC_Add_1Year)
    MyRTC_GetCurrentSec                      0x080032b9   Thumb Code    12  myrtc.o(i.MyRTC_GetCurrentSec)
    MyRTC_Init                               0x080032c5   Thumb Code   142  myrtc.o(i.MyRTC_Init)
    MyRTC_ReadTime                           0x08003359   Thumb Code    72  myrtc.o(i.MyRTC_ReadTime)
    MyRTC_SetTime                            0x080033a5   Thumb Code    70  myrtc.o(i.MyRTC_SetTime)
    MyRTC_Sub_1Day                           0x080033f1   Thumb Code    78  myrtc.o(i.MyRTC_Sub_1Day)
    MyRTC_Sub_1Hour                          0x08003445   Thumb Code    78  myrtc.o(i.MyRTC_Sub_1Hour)
    MyRTC_Sub_1Minute                        0x08003499   Thumb Code    78  myrtc.o(i.MyRTC_Sub_1Minute)
    MyRTC_Sub_1Month                         0x080034ed   Thumb Code    74  myrtc.o(i.MyRTC_Sub_1Month)
    MyRTC_Sub_1Second                        0x0800353d   Thumb Code    78  myrtc.o(i.MyRTC_Sub_1Second)
    MyRTC_Sub_1Year                          0x08003591   Thumb Code    76  myrtc.o(i.MyRTC_Sub_1Year)
    NMI_Handler                              0x080035e1   Thumb Code     2  stm32f10x_it.o(i.NMI_Handler)
    NVIC_Init                                0x080035e5   Thumb Code   100  misc.o(i.NVIC_Init)
    NVIC_PriorityGroupConfig                 0x08003655   Thumb Code    10  misc.o(i.NVIC_PriorityGroupConfig)
    OLED_Clear                               0x08003669   Thumb Code    36  oled.o(i.OLED_Clear)
    OLED_ClearArea                           0x08003691   Thumb Code   140  oled.o(i.OLED_ClearArea)
    OLED_DrawPoint                           0x08003721   Thumb Code    76  oled.o(i.OLED_DrawPoint)
    OLED_DrawRectangle                       0x08003771   Thumb Code   142  oled.o(i.OLED_DrawRectangle)
    OLED_GPIO_Init                           0x08003801   Thumb Code    92  oled.o(i.OLED_GPIO_Init)
    OLED_I2C_SendByte                        0x08003861   Thumb Code    62  oled.o(i.OLED_I2C_SendByte)
    OLED_I2C_Start                           0x0800389f   Thumb Code    28  oled.o(i.OLED_I2C_Start)
    OLED_I2C_Stop                            0x080038bb   Thumb Code    22  oled.o(i.OLED_I2C_Stop)
    OLED_Init                                0x080038d1   Thumb Code   154  oled.o(i.OLED_Init)
    OLED_Pow                                 0x0800396b   Thumb Code    20  oled.o(i.OLED_Pow)
    OLED_ReverseArea                         0x08003981   Thumb Code   140  oled.o(i.OLED_ReverseArea)
    OLED_SetCursor                           0x08003a11   Thumb Code    34  oled.o(i.OLED_SetCursor)
    OLED_ShowChar                            0x08003a35   Thumb Code    74  oled.o(i.OLED_ShowChar)
    OLED_ShowFloatNum                        0x08003a89   Thumb Code   210  oled.o(i.OLED_ShowFloatNum)
    OLED_ShowImage                           0x08003b5d   Thumb Code   248  oled.o(i.OLED_ShowImage)
    OLED_ShowNum                             0x08003c59   Thumb Code    76  oled.o(i.OLED_ShowNum)
    OLED_ShowString                          0x08003ca5   Thumb Code   442  oled.o(i.OLED_ShowString)
    OLED_Update                              0x08003e69   Thumb Code    36  oled.o(i.OLED_Update)
    OLED_UpdateArea                          0x08003e91   Thumb Code   120  oled.o(i.OLED_UpdateArea)
    OLED_W_SCL                               0x08003f0d   Thumb Code    18  oled.o(i.OLED_W_SCL)
    OLED_W_SDA                               0x08003f25   Thumb Code    18  oled.o(i.OLED_W_SDA)
    OLED_WriteCommand                        0x08003f3d   Thumb Code    32  oled.o(i.OLED_WriteCommand)
    OLED_WriteData                           0x08003f5d   Thumb Code    46  oled.o(i.OLED_WriteData)
    PWM_Init                                 0x08003f8d   Thumb Code   144  pwm.o(i.PWM_Init)
    PWM_SetCompare1                          0x08004021   Thumb Code    16  pwm.o(i.PWM_SetCompare1)
    PWR_BackupAccessCmd                      0x08004031   Thumb Code     6  stm32f10x_pwr.o(i.PWR_BackupAccessCmd)
    PendSV_Handler                           0x0800403d   Thumb Code     2  stm32f10x_it.o(i.PendSV_Handler)
    RCC_ADCCLKConfig                         0x08004041   Thumb Code    18  stm32f10x_rcc.o(i.RCC_ADCCLKConfig)
    RCC_AHBPeriphClockCmd                    0x08004059   Thumb Code    26  stm32f10x_rcc.o(i.RCC_AHBPeriphClockCmd)
    RCC_APB1PeriphClockCmd                   0x08004079   Thumb Code    26  stm32f10x_rcc.o(i.RCC_APB1PeriphClockCmd)
    RCC_APB2PeriphClockCmd                   0x08004099   Thumb Code    26  stm32f10x_rcc.o(i.RCC_APB2PeriphClockCmd)
    RCC_GetClocksFreq                        0x080040b9   Thumb Code   192  stm32f10x_rcc.o(i.RCC_GetClocksFreq)
    RCC_GetFlagStatus                        0x0800418d   Thumb Code    56  stm32f10x_rcc.o(i.RCC_GetFlagStatus)
    RCC_LSEConfig                            0x080041c9   Thumb Code    46  stm32f10x_rcc.o(i.RCC_LSEConfig)
    RCC_RTCCLKCmd                            0x080041fd   Thumb Code     6  stm32f10x_rcc.o(i.RCC_RTCCLKCmd)
    RCC_RTCCLKConfig                         0x08004209   Thumb Code    12  stm32f10x_rcc.o(i.RCC_RTCCLKConfig)
    RTC_EnterConfigMode                      0x08004219   Thumb Code    14  stm32f10x_rtc.o(i.RTC_EnterConfigMode)
    RTC_ExitConfigMode                       0x0800422d   Thumb Code    16  stm32f10x_rtc.o(i.RTC_ExitConfigMode)
    RTC_GetCounter                           0x08004241   Thumb Code    16  stm32f10x_rtc.o(i.RTC_GetCounter)
    RTC_SetCounter                           0x08004255   Thumb Code    24  stm32f10x_rtc.o(i.RTC_SetCounter)
    RTC_SetPrescaler                         0x08004271   Thumb Code    26  stm32f10x_rtc.o(i.RTC_SetPrescaler)
    RTC_WaitForLastTask                      0x08004291   Thumb Code    16  stm32f10x_rtc.o(i.RTC_WaitForLastTask)
    RTC_WaitForSynchro                       0x080042a5   Thumb Code    30  stm32f10x_rtc.o(i.RTC_WaitForSynchro)
    SVC_Handler                              0x080042c9   Thumb Code     2  stm32f10x_it.o(i.SVC_Handler)
    Serial_GetRxData                         0x080042cd   Thumb Code     6  serial.o(i.Serial_GetRxData)
    Serial_GetRxFlag                         0x080042d9   Thumb Code    22  serial.o(i.Serial_GetRxFlag)
    Serial_Init                              0x080042f5   Thumb Code   172  serial.o(i.Serial_Init)
    Serial_SendByte                          0x080043a9   Thumb Code    28  serial.o(i.Serial_SendByte)
    SysTick_Handler                          0x080044b1   Thumb Code     2  stm32f10x_it.o(i.SysTick_Handler)
    SystemInit                               0x080044b5   Thumb Code    78  system_stm32f10x.o(i.SystemInit)
    TIM1_UP_IRQHandler                       0x08004515   Thumb Code    84  count_down.o(i.TIM1_UP_IRQHandler)
    TIM3_IRQHandler                          0x08004585   Thumb Code   262  timer.o(i.TIM3_IRQHandler)
    TIM4_IRQHandler                          0x080046bd   Thumb Code    32  hc_sr04.o(i.TIM4_IRQHandler)
    TIM_CCxCmd                               0x08004755   Thumb Code    30  stm32f10x_tim.o(i.TIM_CCxCmd)
    TIM_ClearFlag                            0x08004773   Thumb Code     6  stm32f10x_tim.o(i.TIM_ClearFlag)
    TIM_ClearITPendingBit                    0x08004779   Thumb Code     6  stm32f10x_tim.o(i.TIM_ClearITPendingBit)
    TIM_Cmd                                  0x0800477f   Thumb Code    24  stm32f10x_tim.o(i.TIM_Cmd)
    TIM_GetCounter                           0x08004797   Thumb Code     6  stm32f10x_tim.o(i.TIM_GetCounter)
    TIM_GetITStatus                          0x0800479d   Thumb Code    34  stm32f10x_tim.o(i.TIM_GetITStatus)
    TIM_ITConfig                             0x080047bf   Thumb Code    18  stm32f10x_tim.o(i.TIM_ITConfig)
    TIM_InternalClockConfig                  0x080047d1   Thumb Code    12  stm32f10x_tim.o(i.TIM_InternalClockConfig)
    TIM_OC1Init                              0x080047dd   Thumb Code   132  stm32f10x_tim.o(i.TIM_OC1Init)
    TIM_OCStructInit                         0x08004875   Thumb Code    20  stm32f10x_tim.o(i.TIM_OCStructInit)
    TIM_SetCompare1                          0x08004889   Thumb Code     4  stm32f10x_tim.o(i.TIM_SetCompare1)
    TIM_SetCounter                           0x0800488d   Thumb Code     4  stm32f10x_tim.o(i.TIM_SetCounter)
    TIM_TimeBaseInit                         0x08004891   Thumb Code   122  stm32f10x_tim.o(i.TIM_TimeBaseInit)
    Temp_Match_Gear                          0x08004935   Thumb Code   160  timer.o(i.Temp_Match_Gear)
    Timer_Init                               0x08004aa1   Thumb Code   120  timer.o(i.Timer_Init)
    USART1_IRQHandler                        0x08004b1d   Thumb Code    44  serial.o(i.USART1_IRQHandler)
    USART_ClearITPendingBit                  0x08004b55   Thumb Code    30  stm32f10x_usart.o(i.USART_ClearITPendingBit)
    USART_Cmd                                0x08004b73   Thumb Code    24  stm32f10x_usart.o(i.USART_Cmd)
    USART_GetFlagStatus                      0x08004b8b   Thumb Code    26  stm32f10x_usart.o(i.USART_GetFlagStatus)
    USART_GetITStatus                        0x08004ba5   Thumb Code    84  stm32f10x_usart.o(i.USART_GetITStatus)
    USART_ITConfig                           0x08004bf9   Thumb Code    74  stm32f10x_usart.o(i.USART_ITConfig)
    USART_Init                               0x08004c45   Thumb Code   210  stm32f10x_usart.o(i.USART_Init)
    USART_ReceiveData                        0x08004d1d   Thumb Code    10  stm32f10x_usart.o(i.USART_ReceiveData)
    USART_SendData                           0x08004d27   Thumb Code     8  stm32f10x_usart.o(i.USART_SendData)
    UsageFault_Handler                       0x08004d2f   Thumb Code     4  stm32f10x_it.o(i.UsageFault_Handler)
    Voice_Recognition                        0x08004d35   Thumb Code  1236  voice_recognition.o(i.Voice_Recognition)
    Voice_Recognition_Init                   0x0800520d   Thumb Code     8  voice_recognition.o(i.Voice_Recognition_Init)
    __kernel_poly                            0x08005215   Thumb Code   170  poly.o(i.__kernel_poly)
    __mathlib_dbl_divzero                    0x080052c1   Thumb Code    12  dunder.o(i.__mathlib_dbl_divzero)
    __mathlib_dbl_infnan                     0x080052d1   Thumb Code     6  dunder.o(i.__mathlib_dbl_infnan)
    __mathlib_dbl_invalid                    0x080052d7   Thumb Code    12  dunder.o(i.__mathlib_dbl_invalid)
    log                                      0x080052e5   Thumb Code   808  log.o(i.log)
    main                                     0x08005641   Thumb Code    48  main.o(i.main)
    round                                    0x08005671   Thumb Code   136  round.o(i.round)
    __aeabi_d2f                              0x08005705   Thumb Code     0  d2f.o(x$fpl$d2f)
    _d2f                                     0x08005705   Thumb Code    98  d2f.o(x$fpl$d2f)
    __aeabi_dadd                             0x08005769   Thumb Code     0  daddsub_clz.o(x$fpl$dadd)
    _dadd                                    0x08005769   Thumb Code   332  daddsub_clz.o(x$fpl$dadd)
    __fpl_dcheck_NaN1                        0x080058b9   Thumb Code    10  dcheck1.o(x$fpl$dcheck1)
    __fpl_dcmp_Inf                           0x080058c9   Thumb Code    24  dcmpi.o(x$fpl$dcmpinf)
    __aeabi_ddiv                             0x080058e1   Thumb Code     0  ddiv.o(x$fpl$ddiv)
    _ddiv                                    0x080058e1   Thumb Code   552  ddiv.o(x$fpl$ddiv)
    __aeabi_cdcmpeq                          0x08005b91   Thumb Code     0  deqf.o(x$fpl$deqf)
    _dcmpeq                                  0x08005b91   Thumb Code   120  deqf.o(x$fpl$deqf)
    __aeabi_d2uiz                            0x08005c09   Thumb Code     0  dfixu.o(x$fpl$dfixu)
    _dfixu                                   0x08005c09   Thumb Code    90  dfixu.o(x$fpl$dfixu)
    __aeabi_i2d                              0x08005c63   Thumb Code     0  dflt_clz.o(x$fpl$dflt)
    _dflt                                    0x08005c63   Thumb Code    46  dflt_clz.o(x$fpl$dflt)
    __aeabi_ui2d                             0x08005c91   Thumb Code     0  dflt_clz.o(x$fpl$dfltu)
    _dfltu                                   0x08005c91   Thumb Code    38  dflt_clz.o(x$fpl$dfltu)
    __aeabi_cdcmple                          0x08005cb9   Thumb Code     0  dleqf.o(x$fpl$dleqf)
    _dcmple                                  0x08005cb9   Thumb Code   120  dleqf.o(x$fpl$dleqf)
    __fpl_dcmple_InfNaN                      0x08005d1b   Thumb Code     0  dleqf.o(x$fpl$dleqf)
    __aeabi_dmul                             0x08005d31   Thumb Code     0  dmul.o(x$fpl$dmul)
    _dmul                                    0x08005d31   Thumb Code   332  dmul.o(x$fpl$dmul)
    __fpl_dnaninf                            0x08005e85   Thumb Code   156  dnaninf.o(x$fpl$dnaninf)
    __fpl_dretinf                            0x08005f21   Thumb Code    12  dretinf.o(x$fpl$dretinf)
    __aeabi_cdrcmple                         0x08005f2d   Thumb Code     0  drleqf.o(x$fpl$drleqf)
    _drcmple                                 0x08005f2d   Thumb Code   108  drleqf.o(x$fpl$drleqf)
    _drnd                                    0x08005f99   Thumb Code   180  drnd.o(x$fpl$drnd)
    __aeabi_drsub                            0x0800604d   Thumb Code     0  daddsub_clz.o(x$fpl$drsb)
    _drsb                                    0x0800604d   Thumb Code    22  daddsub_clz.o(x$fpl$drsb)
    __aeabi_dsub                             0x08006065   Thumb Code     0  daddsub_clz.o(x$fpl$dsub)
    _dsub                                    0x08006065   Thumb Code   464  daddsub_clz.o(x$fpl$dsub)
    __aeabi_f2d                              0x08006239   Thumb Code     0  f2d.o(x$fpl$f2d)
    _f2d                                     0x08006239   Thumb Code    86  f2d.o(x$fpl$f2d)
    __aeabi_fadd                             0x08006291   Thumb Code     0  faddsub_clz.o(x$fpl$fadd)
    _fadd                                    0x08006291   Thumb Code   196  faddsub_clz.o(x$fpl$fadd)
    __fpl_fcmp_Inf                           0x08006355   Thumb Code    24  fcmpi.o(x$fpl$fcmpinf)
    __aeabi_fdiv                             0x0800636d   Thumb Code     0  fdiv.o(x$fpl$fdiv)
    _fdiv                                    0x0800636d   Thumb Code   384  fdiv.o(x$fpl$fdiv)
    __aeabi_f2uiz                            0x080064f1   Thumb Code     0  ffixu.o(x$fpl$ffixu)
    _ffixu                                   0x080064f1   Thumb Code    62  ffixu.o(x$fpl$ffixu)
    __aeabi_ui2f                             0x08006531   Thumb Code     0  fflt_clz.o(x$fpl$ffltu)
    _ffltu                                   0x08006531   Thumb Code    38  fflt_clz.o(x$fpl$ffltu)
    __aeabi_cfcmple                          0x08006559   Thumb Code     0  fleqf.o(x$fpl$fleqf)
    _fcmple                                  0x08006559   Thumb Code   104  fleqf.o(x$fpl$fleqf)
    __fpl_fcmple_InfNaN                      0x080065ab   Thumb Code     0  fleqf.o(x$fpl$fleqf)
    __aeabi_fmul                             0x080065c1   Thumb Code     0  fmul.o(x$fpl$fmul)
    _fmul                                    0x080065c1   Thumb Code   258  fmul.o(x$fpl$fmul)
    __fpl_fnaninf                            0x080066c3   Thumb Code   140  fnaninf.o(x$fpl$fnaninf)
    __fpl_fretinf                            0x0800674f   Thumb Code    10  fretinf.o(x$fpl$fretinf)
    __aeabi_cfrcmple                         0x08006759   Thumb Code     0  frleqf.o(x$fpl$frleqf)
    _frcmple                                 0x08006759   Thumb Code    98  frleqf.o(x$fpl$frleqf)
    __aeabi_frsub                            0x080067bb   Thumb Code     0  faddsub_clz.o(x$fpl$frsb)
    _frsb                                    0x080067bb   Thumb Code    20  faddsub_clz.o(x$fpl$frsb)
    __aeabi_fsub                             0x080067d1   Thumb Code     0  faddsub_clz.o(x$fpl$fsub)
    _fsub                                    0x080067d1   Thumb Code   234  faddsub_clz.o(x$fpl$fsub)
    __fpl_return_NaN                         0x080068bb   Thumb Code   100  retnan.o(x$fpl$retnan)
    __ARM_scalbn                             0x0800691f   Thumb Code    92  scalbn.o(x$fpl$scalbn)
    __fpl_cmpreturn                          0x0800697b   Thumb Code    48  trapv.o(x$fpl$trapveneer)
    OLED_F8x16                               0x080069aa   Data        1520  oled_data.o(.constdata)
    __I$use$fp                               0x080069aa   Number         0  usenofp.o(x$fpl$usenofp)
    OLED_F6x8                                0x08006f9a   Data         570  oled_data.o(.constdata)
    OLED_CF16x16                             0x080071d4   Data        4440  oled_data.o(.constdata)
    Diode                                    0x0800832c   Data          32  oled_data.o(.constdata)
    Dajinyu                                  0x0800834c   Data         504  oled_data.o(.constdata)
    cxk                                      0x08008544   Data         504  oled_data.o(.constdata)
    cxk1                                     0x0800873c   Data         352  oled_data.o(.constdata)
    _monlen                                  0x080088d8   Data          12  _monlen.o(.constdata)
    __mathlib_zero                           0x080088e8   Data           8  qnan.o(.constdata)
    Region$$Table$$Base                      0x080088f0   Number         0  anon$$obj.o(Region$$Table)
    Region$$Table$$Limit                     0x08008910   Number         0  anon$$obj.o(Region$$Table)
    Key_Flag                                 0x20000000   Data           3  key.o(.data)
    CurrSelect1                              0x20000014   Data           1  menu.o(.data)
    CurrSelect2                              0x20000015   Data           1  menu.o(.data)
    CurrSelect3                              0x20000016   Data           1  menu.o(.data)
    CurrSelect4                              0x20000017   Data           1  menu.o(.data)
    CurrState                                0x20000018   Data           1  menu.o(.data)
    Working                                  0x20000019   Data           1  menu.o(.data)
    Gear                                     0x2000001a   Data           1  menu.o(.data)
    Last_Gear                                0x2000001b   Data           1  menu.o(.data)
    Temp                                     0x2000001c   Data           4  menu.o(.data)
    Temp2Gear                                0x20000020   Data           1  menu.o(.data)
    AD_Value                                 0x20000024   Data           2  ad.o(.data)
    Temp_Value                               0x20000028   Data           4  ad.o(.data)
    AD_Collect_Status                        0x2000002c   Data           1  ad.o(.data)
    Serial_RxData                            0x20000038   Data           1  serial.o(.data)
    Serial_RxFlag                            0x20000039   Data           1  serial.o(.data)
    RxData                                   0x2000003a   Data           1  voice_recognition.o(.data)
    temp_int                                 0x2000003b   Data           1  voice_recognition.o(.data)
    temp_dec                                 0x2000003c   Data           1  voice_recognition.o(.data)
    Count_State                              0x2000003d   Data           1  voice_recognition.o(.data)
    cnt                                      0x20000040   Data           4  count_down.o(.data)
    Count_Started                            0x20000044   Data           1  count_down.o(.data)
    MyRTC_Time                               0x20000046   Data           8  myrtc.o(.data)
    last_warn_sec                            0x20000050   Data           4  timer.o(.data)
    now_sec                                  0x20000054   Data           4  timer.o(.data)
    IsSafe                                   0x20000058   Data           1  timer.o(.data)
    current_dist                             0x2000005c   Data           4  timer.o(.data)
    OLED_DisplayBuf                          0x20000078   Data        1024  oled.o(.bss)
    __libspace_start                         0x200004d0   Data          96  libspace.o(.bss)
    __temporary_stack_top$libspace           0x20000530   Data           0  libspace.o(.bss)



==============================================================================

Memory Map of the image

  Image Entry point : 0x080000ed

  Load Region LR_IROM1 (Base: 0x08000000, Size: 0x00008988, Max: 0x00010000, ABSOLUTE)

    Execution Region ER_IROM1 (Exec base: 0x08000000, Load base: 0x08000000, Size: 0x00008910, Max: 0x00010000, ABSOLUTE)

    Exec Addr    Load Addr    Size         Type   Attr      Idx    E Section Name        Object

    0x08000000   0x08000000   0x000000ec   Data   RO         1196    RESET               startup_stm32f10x_md.o
    0x080000ec   0x080000ec   0x00000008   Code   RO         4398  * !!!main             c_w.l(__main.o)
    0x080000f4   0x080000f4   0x00000034   Code   RO         4860    !!!scatter          c_w.l(__scatter.o)
    0x08000128   0x08000128   0x0000001a   Code   RO         4862    !!handler_copy      c_w.l(__scatter_copy.o)
    0x08000142   0x08000142   0x00000002   PAD
    0x08000144   0x08000144   0x0000001c   Code   RO         4864    !!handler_zi        c_w.l(__scatter_zi.o)
    0x08000160   0x08000160   0x00000002   Code   RO         4724    .ARM.Collect$$libinit$$00000000  c_w.l(libinit.o)
    0x08000162   0x08000162   0x00000000   Code   RO         4735    .ARM.Collect$$libinit$$00000002  c_w.l(libinit2.o)
    0x08000162   0x08000162   0x00000000   Code   RO         4737    .ARM.Collect$$libinit$$00000004  c_w.l(libinit2.o)
    0x08000162   0x08000162   0x00000000   Code   RO         4740    .ARM.Collect$$libinit$$0000000A  c_w.l(libinit2.o)
    0x08000162   0x08000162   0x00000000   Code   RO         4742    .ARM.Collect$$libinit$$0000000C  c_w.l(libinit2.o)
    0x08000162   0x08000162   0x00000000   Code   RO         4744    .ARM.Collect$$libinit$$0000000E  c_w.l(libinit2.o)
    0x08000162   0x08000162   0x00000000   Code   RO         4747    .ARM.Collect$$libinit$$00000011  c_w.l(libinit2.o)
    0x08000162   0x08000162   0x00000000   Code   RO         4749    .ARM.Collect$$libinit$$00000013  c_w.l(libinit2.o)
    0x08000162   0x08000162   0x00000000   Code   RO         4751    .ARM.Collect$$libinit$$00000015  c_w.l(libinit2.o)
    0x08000162   0x08000162   0x00000000   Code   RO         4753    .ARM.Collect$$libinit$$00000017  c_w.l(libinit2.o)
    0x08000162   0x08000162   0x00000000   Code   RO         4755    .ARM.Collect$$libinit$$00000019  c_w.l(libinit2.o)
    0x08000162   0x08000162   0x00000000   Code   RO         4757    .ARM.Collect$$libinit$$0000001B  c_w.l(libinit2.o)
    0x08000162   0x08000162   0x00000000   Code   RO         4759    .ARM.Collect$$libinit$$0000001D  c_w.l(libinit2.o)
    0x08000162   0x08000162   0x00000000   Code   RO         4761    .ARM.Collect$$libinit$$0000001F  c_w.l(libinit2.o)
    0x08000162   0x08000162   0x00000000   Code   RO         4763    .ARM.Collect$$libinit$$00000021  c_w.l(libinit2.o)
    0x08000162   0x08000162   0x00000000   Code   RO         4765    .ARM.Collect$$libinit$$00000023  c_w.l(libinit2.o)
    0x08000162   0x08000162   0x00000000   Code   RO         4767    .ARM.Collect$$libinit$$00000025  c_w.l(libinit2.o)
    0x08000162   0x08000162   0x00000000   Code   RO         4771    .ARM.Collect$$libinit$$0000002C  c_w.l(libinit2.o)
    0x08000162   0x08000162   0x00000000   Code   RO         4773    .ARM.Collect$$libinit$$0000002E  c_w.l(libinit2.o)
    0x08000162   0x08000162   0x00000000   Code   RO         4775    .ARM.Collect$$libinit$$00000030  c_w.l(libinit2.o)
    0x08000162   0x08000162   0x00000000   Code   RO         4777    .ARM.Collect$$libinit$$00000032  c_w.l(libinit2.o)
    0x08000162   0x08000162   0x00000002   Code   RO         4778    .ARM.Collect$$libinit$$00000033  c_w.l(libinit2.o)
    0x08000164   0x08000164   0x00000002   Code   RO         4800    .ARM.Collect$$libshutdown$$00000000  c_w.l(libshutdown.o)
    0x08000166   0x08000166   0x00000000   Code   RO         4813    .ARM.Collect$$libshutdown$$00000002  c_w.l(libshutdown2.o)
    0x08000166   0x08000166   0x00000000   Code   RO         4815    .ARM.Collect$$libshutdown$$00000004  c_w.l(libshutdown2.o)
    0x08000166   0x08000166   0x00000000   Code   RO         4818    .ARM.Collect$$libshutdown$$00000007  c_w.l(libshutdown2.o)
    0x08000166   0x08000166   0x00000000   Code   RO         4821    .ARM.Collect$$libshutdown$$0000000A  c_w.l(libshutdown2.o)
    0x08000166   0x08000166   0x00000000   Code   RO         4823    .ARM.Collect$$libshutdown$$0000000C  c_w.l(libshutdown2.o)
    0x08000166   0x08000166   0x00000000   Code   RO         4826    .ARM.Collect$$libshutdown$$0000000F  c_w.l(libshutdown2.o)
    0x08000166   0x08000166   0x00000002   Code   RO         4827    .ARM.Collect$$libshutdown$$00000010  c_w.l(libshutdown2.o)
    0x08000168   0x08000168   0x00000000   Code   RO         4480    .ARM.Collect$$rtentry$$00000000  c_w.l(__rtentry.o)
    0x08000168   0x08000168   0x00000000   Code   RO         4632    .ARM.Collect$$rtentry$$00000002  c_w.l(__rtentry2.o)
    0x08000168   0x08000168   0x00000006   Code   RO         4644    .ARM.Collect$$rtentry$$00000004  c_w.l(__rtentry4.o)
    0x0800016e   0x0800016e   0x00000000   Code   RO         4634    .ARM.Collect$$rtentry$$00000009  c_w.l(__rtentry2.o)
    0x0800016e   0x0800016e   0x00000004   Code   RO         4635    .ARM.Collect$$rtentry$$0000000A  c_w.l(__rtentry2.o)
    0x08000172   0x08000172   0x00000000   Code   RO         4637    .ARM.Collect$$rtentry$$0000000C  c_w.l(__rtentry2.o)
    0x08000172   0x08000172   0x00000008   Code   RO         4638    .ARM.Collect$$rtentry$$0000000D  c_w.l(__rtentry2.o)
    0x0800017a   0x0800017a   0x00000002   Code   RO         4729    .ARM.Collect$$rtexit$$00000000  c_w.l(rtexit.o)
    0x0800017c   0x0800017c   0x00000000   Code   RO         4782    .ARM.Collect$$rtexit$$00000002  c_w.l(rtexit2.o)
    0x0800017c   0x0800017c   0x00000004   Code   RO         4783    .ARM.Collect$$rtexit$$00000003  c_w.l(rtexit2.o)
    0x08000180   0x08000180   0x00000006   Code   RO         4784    .ARM.Collect$$rtexit$$00000004  c_w.l(rtexit2.o)
    0x08000186   0x08000186   0x00000002   PAD
    0x08000188   0x08000188   0x00000040   Code   RO         1197    .text               startup_stm32f10x_md.o
    0x080001c8   0x080001c8   0x00000064   Code   RO         4387    .text               c_w.l(rt_memcpy_w.o)
    0x0800022c   0x0800022c   0x00000080   Code   RO         4389    .text               c_w.l(strcmpv7m.o)
    0x080002ac   0x080002ac   0x0000000c   Code   RO         4391    .text               c_w.l(localtime.o)
    0x080002b8   0x080002b8   0x000001ac   Code   RO         4394    .text               c_w.l(mktime.o)
    0x08000464   0x08000464   0x00000006   Code   RO         4396    .text               c_w.l(heapauxi.o)
    0x0800046a   0x0800046a   0x00000016   Code   RO         4481    .text               c_w.l(_rserrno.o)
    0x08000480   0x08000480   0x000000b8   Code   RO         4575    .text               c_w.l(localtime_internal.o)
    0x08000538   0x08000538   0x00000008   Code   RO         4649    .text               c_w.l(rt_errno_addr_intlibspace.o)
    0x08000540   0x08000540   0x0000004e   Code   RO         4669    .text               c_w.l(rt_memclr_w.o)
    0x0800058e   0x0800058e   0x00000002   PAD
    0x08000590   0x08000590   0x00000008   Code   RO         4675    .text               c_w.l(libspace.o)
    0x08000598   0x08000598   0x0000004a   Code   RO         4678    .text               c_w.l(sys_stackheap_outer.o)
    0x080005e2   0x080005e2   0x00000012   Code   RO         4717    .text               c_w.l(exit.o)
    0x080005f4   0x080005f4   0x0000000c   Code   RO         4792    .text               c_w.l(sys_exit.o)
    0x08000600   0x08000600   0x00000002   Code   RO         4803    .text               c_w.l(use_no_semi.o)
    0x08000602   0x08000602   0x00000000   Code   RO         4805    .text               c_w.l(indicate_semi.o)
    0x08000602   0x08000602   0x00000016   Code   RO         1310    i.ADC_Cmd           stm32f10x_adc.o
    0x08000618   0x08000618   0x00000016   Code   RO         1311    i.ADC_DMACmd        stm32f10x_adc.o
    0x0800062e   0x0800062e   0x00000014   Code   RO         1318    i.ADC_GetCalibrationStatus  stm32f10x_adc.o
    0x08000642   0x08000642   0x00000014   Code   RO         1324    i.ADC_GetResetCalibrationStatus  stm32f10x_adc.o
    0x08000656   0x08000656   0x00000002   PAD
    0x08000658   0x08000658   0x00000050   Code   RO         1328    i.ADC_Init          stm32f10x_adc.o
    0x080006a8   0x080006a8   0x000000b8   Code   RO         1332    i.ADC_RegularChannelConfig  stm32f10x_adc.o
    0x08000760   0x08000760   0x0000000a   Code   RO         1333    i.ADC_ResetCalibration  stm32f10x_adc.o
    0x0800076a   0x0800076a   0x00000016   Code   RO         1335    i.ADC_SoftwareStartConvCmd  stm32f10x_adc.o
    0x08000780   0x08000780   0x0000000a   Code   RO         1337    i.ADC_StartCalibration  stm32f10x_adc.o
    0x0800078a   0x0800078a   0x00000002   PAD
    0x0800078c   0x0800078c   0x00000044   Code   RO          687    i.AD_Collect_Start  ad.o
    0x080007d0   0x080007d0   0x00000050   Code   RO          688    i.AD_Collect_Stop   ad.o
    0x08000820   0x08000820   0x0000010c   Code   RO          689    i.AD_Init           ad.o
    0x0800092c   0x0800092c   0x00000154   Code   RO          690    i.AD_to_Temp        ad.o
    0x08000a80   0x08000a80   0x0000001c   Code   RO         1536    i.BKP_ReadBackupRegister  stm32f10x_bkp.o
    0x08000a9c   0x08000a9c   0x0000001c   Code   RO         1540    i.BKP_WriteBackupRegister  stm32f10x_bkp.o
    0x08000ab8   0x08000ab8   0x00000004   Code   RO         4320    i.BusFault_Handler  stm32f10x_it.o
    0x08000abc   0x08000abc   0x00000050   Code   RO          735    i.CalcWindowAverage  hc_sr04.o
    0x08000b0c   0x08000b0c   0x00000014   Code   RO          906    i.Count_Add_1h      count_down.o
    0x08000b20   0x08000b20   0x00000010   Code   RO          907    i.Count_Add_1m      count_down.o
    0x08000b30   0x08000b30   0x00000010   Code   RO          908    i.Count_Add_1s      count_down.o
    0x08000b40   0x08000b40   0x0000001c   Code   RO          909    i.Count_Add_Hour    count_down.o
    0x08000b5c   0x08000b5c   0x00000018   Code   RO          910    i.Count_Add_Minute  count_down.o
    0x08000b74   0x08000b74   0x00000010   Code   RO          911    i.Count_Add_Second  count_down.o
    0x08000b84   0x08000b84   0x00000074   Code   RO          912    i.Count_Down_Init   count_down.o
    0x08000bf8   0x08000bf8   0x0000000a   Code   RO          861    i.Count_Down_Over   voice_recognition.o
    0x08000c02   0x08000c02   0x00000002   PAD
    0x08000c04   0x08000c04   0x0000000c   Code   RO          913    i.Count_Set_0       count_down.o
    0x08000c10   0x08000c10   0x0000001c   Code   RO          914    i.Count_Start       count_down.o
    0x08000c2c   0x08000c2c   0x0000001c   Code   RO          915    i.Count_Stop        count_down.o
    0x08000c48   0x08000c48   0x00000024   Code   RO          916    i.Count_Sub_1h      count_down.o
    0x08000c6c   0x08000c6c   0x00000020   Code   RO          917    i.Count_Sub_1m      count_down.o
    0x08000c8c   0x08000c8c   0x00000020   Code   RO          918    i.Count_Sub_1s      count_down.o
    0x08000cac   0x08000cac   0x00000018   Code   RO         2016    i.DMA_Cmd           stm32f10x_dma.o
    0x08000cc4   0x08000cc4   0x0000003c   Code   RO         2022    i.DMA_Init          stm32f10x_dma.o
    0x08000d00   0x08000d00   0x00000002   Code   RO         4321    i.DebugMon_Handler  stm32f10x_it.o
    0x08000d02   0x08000d02   0x00000018   Code   RO         1012    i.Delay_ms          delay.o
    0x08000d1a   0x08000d1a   0x0000002e   Code   RO         1014    i.Delay_us          delay.o
    0x08000d48   0x08000d48   0x0000000a   Code   RO          862    i.Distance_Warn     voice_recognition.o
    0x08000d52   0x08000d52   0x00000002   PAD
    0x08000d54   0x08000d54   0x00000080   Code   RO          736    i.ECHO_EXTI_Init    hc_sr04.o
    0x08000dd4   0x08000dd4   0x00000078   Code   RO          737    i.EXTI4_IRQHandler  hc_sr04.o
    0x08000e4c   0x08000e4c   0x0000000c   Code   RO         2090    i.EXTI_ClearITPendingBit  stm32f10x_exti.o
    0x08000e58   0x08000e58   0x00000028   Code   RO         2094    i.EXTI_GetITStatus  stm32f10x_exti.o
    0x08000e80   0x08000e80   0x00000094   Code   RO         2095    i.EXTI_Init         stm32f10x_exti.o
    0x08000f14   0x08000f14   0x00000040   Code   RO         2449    i.GPIO_EXTILineConfig  stm32f10x_gpio.o
    0x08000f54   0x08000f54   0x00000116   Code   RO         2452    i.GPIO_Init         stm32f10x_gpio.o
    0x0800106a   0x0800106a   0x00000012   Code   RO         2456    i.GPIO_ReadInputDataBit  stm32f10x_gpio.o
    0x0800107c   0x0800107c   0x00000004   Code   RO         2459    i.GPIO_ResetBits    stm32f10x_gpio.o
    0x08001080   0x08001080   0x00000004   Code   RO         2460    i.GPIO_SetBits      stm32f10x_gpio.o
    0x08001084   0x08001084   0x00000010   Code   RO         2461    i.GPIO_StructInit   stm32f10x_gpio.o
    0x08001094   0x08001094   0x0000000a   Code   RO         2463    i.GPIO_WriteBit     stm32f10x_gpio.o
    0x0800109e   0x0800109e   0x00000002   PAD
    0x080010a0   0x080010a0   0x000000bc   Code   RO          738    i.GetSingleDistance  hc_sr04.o
    0x0800115c   0x0800115c   0x0000000c   Code   RO          919    i.Get_Count         count_down.o
    0x08001168   0x08001168   0x00000040   Code   RO          739    i.HC_SR04_GetDistance  hc_sr04.o
    0x080011a8   0x080011a8   0x0000005c   Code   RO          740    i.HC_SR04_Init      hc_sr04.o
    0x08001204   0x08001204   0x00000004   Code   RO         4322    i.HardFault_Handler  stm32f10x_it.o
    0x08001208   0x08001208   0x00000024   Code   RO          517    i.Key_Check         key.o
    0x0800122c   0x0800122c   0x00000044   Code   RO          519    i.Key_GetState      key.o
    0x08001270   0x08001270   0x0000002c   Code   RO          520    i.Key_Init          key.o
    0x0800129c   0x0800129c   0x00000204   Code   RO          522    i.Key_Tick          key.o
    0x080014a0   0x080014a0   0x00000004   Code   RO         4323    i.MemManage_Handler  stm32f10x_it.o
    0x080014a4   0x080014a4   0x00000278   Code   RO          580    i.Menu1             menu.o
    0x0800171c   0x0800171c   0x0000028c   Code   RO          581    i.Menu2_Clock       menu.o
    0x080019a8   0x080019a8   0x00000318   Code   RO          582    i.Menu2_CountDown   menu.o
    0x08001cc0   0x08001cc0   0x00000224   Code   RO          583    i.Menu2_Debug       menu.o
    0x08001ee4   0x08001ee4   0x0000031c   Code   RO          584    i.Menu2_Fan         menu.o
    0x08002200   0x08002200   0x00000304   Code   RO          585    i.Menu2_Temp        menu.o
    0x08002504   0x08002504   0x00000398   Code   RO          586    i.Menu3_CountDown   menu.o
    0x0800289c   0x0800289c   0x00000148   Code   RO          587    i.Menu3_SetDateAndTime  menu.o
    0x080029e4   0x080029e4   0x00000320   Code   RO          588    i.Menu4_SetDate     menu.o
    0x08002d04   0x08002d04   0x00000320   Code   RO          589    i.Menu4_SetTime     menu.o
    0x08003024   0x08003024   0x00000030   Code   RO          484    i.Motor_Init        motor.o
    0x08003054   0x08003054   0x00000012   Code   RO          485    i.Motor_SetGear     motor.o
    0x08003066   0x08003066   0x00000002   PAD
    0x08003068   0x08003068   0x00000040   Code   RO          486    i.Motor_SetSpeed    motor.o
    0x080030a8   0x080030a8   0x00000020   Code   RO          487    i.Motor_Stop        motor.o
    0x080030c8   0x080030c8   0x00000054   Code   RO         1036    i.MyRTC_Add_1Day    myrtc.o
    0x0800311c   0x0800311c   0x00000054   Code   RO         1037    i.MyRTC_Add_1Hour   myrtc.o
    0x08003170   0x08003170   0x00000054   Code   RO         1038    i.MyRTC_Add_1Minute  myrtc.o
    0x080031c4   0x080031c4   0x00000050   Code   RO         1039    i.MyRTC_Add_1Month  myrtc.o
    0x08003214   0x08003214   0x00000054   Code   RO         1040    i.MyRTC_Add_1Second  myrtc.o
    0x08003268   0x08003268   0x00000050   Code   RO         1041    i.MyRTC_Add_1Year   myrtc.o
    0x080032b8   0x080032b8   0x0000000c   Code   RO         1042    i.MyRTC_GetCurrentSec  myrtc.o
    0x080032c4   0x080032c4   0x00000094   Code   RO         1043    i.MyRTC_Init        myrtc.o
    0x08003358   0x08003358   0x0000004c   Code   RO         1044    i.MyRTC_ReadTime    myrtc.o
    0x080033a4   0x080033a4   0x0000004c   Code   RO         1045    i.MyRTC_SetTime     myrtc.o
    0x080033f0   0x080033f0   0x00000054   Code   RO         1046    i.MyRTC_Sub_1Day    myrtc.o
    0x08003444   0x08003444   0x00000054   Code   RO         1047    i.MyRTC_Sub_1Hour   myrtc.o
    0x08003498   0x08003498   0x00000054   Code   RO         1048    i.MyRTC_Sub_1Minute  myrtc.o
    0x080034ec   0x080034ec   0x00000050   Code   RO         1049    i.MyRTC_Sub_1Month  myrtc.o
    0x0800353c   0x0800353c   0x00000054   Code   RO         1050    i.MyRTC_Sub_1Second  myrtc.o
    0x08003590   0x08003590   0x00000050   Code   RO         1051    i.MyRTC_Sub_1Year   myrtc.o
    0x080035e0   0x080035e0   0x00000002   Code   RO         4324    i.NMI_Handler       stm32f10x_it.o
    0x080035e2   0x080035e2   0x00000002   PAD
    0x080035e4   0x080035e4   0x00000070   Code   RO         1265    i.NVIC_Init         misc.o
    0x08003654   0x08003654   0x00000014   Code   RO         1266    i.NVIC_PriorityGroupConfig  misc.o
    0x08003668   0x08003668   0x00000028   Code   RO          137    i.OLED_Clear        oled.o
    0x08003690   0x08003690   0x00000090   Code   RO          138    i.OLED_ClearArea    oled.o
    0x08003720   0x08003720   0x00000050   Code   RO          143    i.OLED_DrawPoint    oled.o
    0x08003770   0x08003770   0x0000008e   Code   RO          144    i.OLED_DrawRectangle  oled.o
    0x080037fe   0x080037fe   0x00000002   PAD
    0x08003800   0x08003800   0x00000060   Code   RO          146    i.OLED_GPIO_Init    oled.o
    0x08003860   0x08003860   0x0000003e   Code   RO          148    i.OLED_I2C_SendByte  oled.o
    0x0800389e   0x0800389e   0x0000001c   Code   RO          149    i.OLED_I2C_Start    oled.o
    0x080038ba   0x080038ba   0x00000016   Code   RO          150    i.OLED_I2C_Stop     oled.o
    0x080038d0   0x080038d0   0x0000009a   Code   RO          151    i.OLED_Init         oled.o
    0x0800396a   0x0800396a   0x00000014   Code   RO          153    i.OLED_Pow          oled.o
    0x0800397e   0x0800397e   0x00000002   PAD
    0x08003980   0x08003980   0x00000090   Code   RO          156    i.OLED_ReverseArea  oled.o
    0x08003a10   0x08003a10   0x00000022   Code   RO          157    i.OLED_SetCursor    oled.o
    0x08003a32   0x08003a32   0x00000002   PAD
    0x08003a34   0x08003a34   0x00000054   Code   RO          159    i.OLED_ShowChar     oled.o
    0x08003a88   0x08003a88   0x000000d2   Code   RO          160    i.OLED_ShowFloatNum  oled.o
    0x08003b5a   0x08003b5a   0x00000002   PAD
    0x08003b5c   0x08003b5c   0x000000fc   Code   RO          162    i.OLED_ShowImage    oled.o
    0x08003c58   0x08003c58   0x0000004c   Code   RO          163    i.OLED_ShowNum      oled.o
    0x08003ca4   0x08003ca4   0x000001c4   Code   RO          165    i.OLED_ShowString   oled.o
    0x08003e68   0x08003e68   0x00000028   Code   RO          166    i.OLED_Update       oled.o
    0x08003e90   0x08003e90   0x0000007c   Code   RO          167    i.OLED_UpdateArea   oled.o
    0x08003f0c   0x08003f0c   0x00000018   Code   RO          168    i.OLED_W_SCL        oled.o
    0x08003f24   0x08003f24   0x00000018   Code   RO          169    i.OLED_W_SDA        oled.o
    0x08003f3c   0x08003f3c   0x00000020   Code   RO          170    i.OLED_WriteCommand  oled.o
    0x08003f5c   0x08003f5c   0x0000002e   Code   RO          171    i.OLED_WriteData    oled.o
    0x08003f8a   0x08003f8a   0x00000002   PAD
    0x08003f8c   0x08003f8c   0x00000094   Code   RO          383    i.PWM_Init          pwm.o
    0x08004020   0x08004020   0x00000010   Code   RO          384    i.PWM_SetCompare1   pwm.o
    0x08004030   0x08004030   0x0000000c   Code   RO         2815    i.PWR_BackupAccessCmd  stm32f10x_pwr.o
    0x0800403c   0x0800403c   0x00000002   Code   RO         4325    i.PendSV_Handler    stm32f10x_it.o
    0x0800403e   0x0800403e   0x00000002   PAD
    0x08004040   0x08004040   0x00000018   Code   RO         2878    i.RCC_ADCCLKConfig  stm32f10x_rcc.o
    0x08004058   0x08004058   0x00000020   Code   RO         2879    i.RCC_AHBPeriphClockCmd  stm32f10x_rcc.o
    0x08004078   0x08004078   0x00000020   Code   RO         2880    i.RCC_APB1PeriphClockCmd  stm32f10x_rcc.o
    0x08004098   0x08004098   0x00000020   Code   RO         2882    i.RCC_APB2PeriphClockCmd  stm32f10x_rcc.o
    0x080040b8   0x080040b8   0x000000d4   Code   RO         2890    i.RCC_GetClocksFreq  stm32f10x_rcc.o
    0x0800418c   0x0800418c   0x0000003c   Code   RO         2891    i.RCC_GetFlagStatus  stm32f10x_rcc.o
    0x080041c8   0x080041c8   0x00000034   Code   RO         2898    i.RCC_LSEConfig     stm32f10x_rcc.o
    0x080041fc   0x080041fc   0x0000000c   Code   RO         2905    i.RCC_RTCCLKCmd     stm32f10x_rcc.o
    0x08004208   0x08004208   0x00000010   Code   RO         2906    i.RCC_RTCCLKConfig  stm32f10x_rcc.o
    0x08004218   0x08004218   0x00000014   Code   RO         3083    i.RTC_EnterConfigMode  stm32f10x_rtc.o
    0x0800422c   0x0800422c   0x00000014   Code   RO         3084    i.RTC_ExitConfigMode  stm32f10x_rtc.o
    0x08004240   0x08004240   0x00000014   Code   RO         3085    i.RTC_GetCounter    stm32f10x_rtc.o
    0x08004254   0x08004254   0x0000001c   Code   RO         3091    i.RTC_SetCounter    stm32f10x_rtc.o
    0x08004270   0x08004270   0x00000020   Code   RO         3092    i.RTC_SetPrescaler  stm32f10x_rtc.o
    0x08004290   0x08004290   0x00000014   Code   RO         3093    i.RTC_WaitForLastTask  stm32f10x_rtc.o
    0x080042a4   0x080042a4   0x00000024   Code   RO         3094    i.RTC_WaitForSynchro  stm32f10x_rtc.o
    0x080042c8   0x080042c8   0x00000002   Code   RO         4326    i.SVC_Handler       stm32f10x_it.o
    0x080042ca   0x080042ca   0x00000002   PAD
    0x080042cc   0x080042cc   0x0000000c   Code   RO          788    i.Serial_GetRxData  serial.o
    0x080042d8   0x080042d8   0x0000001c   Code   RO          789    i.Serial_GetRxFlag  serial.o
    0x080042f4   0x080042f4   0x000000b4   Code   RO          790    i.Serial_Init       serial.o
    0x080043a8   0x080043a8   0x00000020   Code   RO          793    i.Serial_SendByte   serial.o
    0x080043c8   0x080043c8   0x00000008   Code   RO         1212    i.SetSysClock       system_stm32f10x.o
    0x080043d0   0x080043d0   0x000000e0   Code   RO         1213    i.SetSysClockTo72   system_stm32f10x.o
    0x080044b0   0x080044b0   0x00000002   Code   RO         4327    i.SysTick_Handler   stm32f10x_it.o
    0x080044b2   0x080044b2   0x00000002   PAD
    0x080044b4   0x080044b4   0x00000060   Code   RO         1215    i.SystemInit        system_stm32f10x.o
    0x08004514   0x08004514   0x00000070   Code   RO          920    i.TIM1_UP_IRQHandler  count_down.o
    0x08004584   0x08004584   0x00000138   Code   RO         1144    i.TIM3_IRQHandler   timer.o
    0x080046bc   0x080046bc   0x00000028   Code   RO          741    i.TIM4_IRQHandler   hc_sr04.o
    0x080046e4   0x080046e4   0x00000070   Code   RO          742    i.TIM4_TimeInit     hc_sr04.o
    0x08004754   0x08004754   0x0000001e   Code   RO         3518    i.TIM_CCxCmd        stm32f10x_tim.o
    0x08004772   0x08004772   0x00000006   Code   RO         3520    i.TIM_ClearFlag     stm32f10x_tim.o
    0x08004778   0x08004778   0x00000006   Code   RO         3521    i.TIM_ClearITPendingBit  stm32f10x_tim.o
    0x0800477e   0x0800477e   0x00000018   Code   RO         3526    i.TIM_Cmd           stm32f10x_tim.o
    0x08004796   0x08004796   0x00000006   Code   RO         3545    i.TIM_GetCounter    stm32f10x_tim.o
    0x0800479c   0x0800479c   0x00000022   Code   RO         3547    i.TIM_GetITStatus   stm32f10x_tim.o
    0x080047be   0x080047be   0x00000012   Code   RO         3551    i.TIM_ITConfig      stm32f10x_tim.o
    0x080047d0   0x080047d0   0x0000000c   Code   RO         3553    i.TIM_InternalClockConfig  stm32f10x_tim.o
    0x080047dc   0x080047dc   0x00000098   Code   RO         3555    i.TIM_OC1Init       stm32f10x_tim.o
    0x08004874   0x08004874   0x00000014   Code   RO         3573    i.TIM_OCStructInit  stm32f10x_tim.o
    0x08004888   0x08004888   0x00000004   Code   RO         3587    i.TIM_SetCompare1   stm32f10x_tim.o
    0x0800488c   0x0800488c   0x00000004   Code   RO         3591    i.TIM_SetCounter    stm32f10x_tim.o
    0x08004890   0x08004890   0x000000a4   Code   RO         3597    i.TIM_TimeBaseInit  stm32f10x_tim.o
    0x08004934   0x08004934   0x000000c8   Code   RO         1145    i.Temp_Match_Gear   timer.o
    0x080049fc   0x080049fc   0x00000078   Code   RO          691    i.Temp_SlidingWindow  ad.o
    0x08004a74   0x08004a74   0x0000002c   Code   RO          692    i.Temp_Window_Reset  ad.o
    0x08004aa0   0x08004aa0   0x0000007c   Code   RO         1146    i.Timer_Init        timer.o
    0x08004b1c   0x08004b1c   0x00000038   Code   RO          796    i.USART1_IRQHandler  serial.o
    0x08004b54   0x08004b54   0x0000001e   Code   RO         4062    i.USART_ClearITPendingBit  stm32f10x_usart.o
    0x08004b72   0x08004b72   0x00000018   Code   RO         4065    i.USART_Cmd         stm32f10x_usart.o
    0x08004b8a   0x08004b8a   0x0000001a   Code   RO         4068    i.USART_GetFlagStatus  stm32f10x_usart.o
    0x08004ba4   0x08004ba4   0x00000054   Code   RO         4069    i.USART_GetITStatus  stm32f10x_usart.o
    0x08004bf8   0x08004bf8   0x0000004a   Code   RO         4071    i.USART_ITConfig    stm32f10x_usart.o
    0x08004c42   0x08004c42   0x00000002   PAD
    0x08004c44   0x08004c44   0x000000d8   Code   RO         4072    i.USART_Init        stm32f10x_usart.o
    0x08004d1c   0x08004d1c   0x0000000a   Code   RO         4079    i.USART_ReceiveData  stm32f10x_usart.o
    0x08004d26   0x08004d26   0x00000008   Code   RO         4082    i.USART_SendData    stm32f10x_usart.o
    0x08004d2e   0x08004d2e   0x00000004   Code   RO         4328    i.UsageFault_Handler  stm32f10x_it.o
    0x08004d32   0x08004d32   0x00000002   PAD
    0x08004d34   0x08004d34   0x000004d8   Code   RO          863    i.Voice_Recognition  voice_recognition.o
    0x0800520c   0x0800520c   0x00000008   Code   RO          864    i.Voice_Recognition_Init  voice_recognition.o
    0x08005214   0x08005214   0x000000aa   Code   RO         4628    i.__kernel_poly     m_ws.l(poly.o)
    0x080052be   0x080052be   0x00000002   PAD
    0x080052c0   0x080052c0   0x00000010   Code   RO         4614    i.__mathlib_dbl_divzero  m_ws.l(dunder.o)
    0x080052d0   0x080052d0   0x00000006   Code   RO         4615    i.__mathlib_dbl_infnan  m_ws.l(dunder.o)
    0x080052d6   0x080052d6   0x0000000c   Code   RO         4617    i.__mathlib_dbl_invalid  m_ws.l(dunder.o)
    0x080052e2   0x080052e2   0x00000002   PAD
    0x080052e4   0x080052e4   0x0000035c   Code   RO         4469    i.log               m_ws.l(log.o)
    0x08005640   0x08005640   0x00000030   Code   RO         4301    i.main              main.o
    0x08005670   0x08005670   0x00000094   Code   RO         4478    i.round             m_ws.l(round.o)
    0x08005704   0x08005704   0x00000062   Code   RO         4400    x$fpl$d2f           fz_ws.l(d2f.o)
    0x08005766   0x08005766   0x00000002   PAD
    0x08005768   0x08005768   0x00000150   Code   RO         4402    x$fpl$dadd          fz_ws.l(daddsub_clz.o)
    0x080058b8   0x080058b8   0x00000010   Code   RO         4671    x$fpl$dcheck1       fz_ws.l(dcheck1.o)
    0x080058c8   0x080058c8   0x00000018   Code   RO         4577    x$fpl$dcmpinf       fz_ws.l(dcmpi.o)
    0x080058e0   0x080058e0   0x000002b0   Code   RO         4409    x$fpl$ddiv          fz_ws.l(ddiv.o)
    0x08005b90   0x08005b90   0x00000078   Code   RO         4579    x$fpl$deqf          fz_ws.l(deqf.o)
    0x08005c08   0x08005c08   0x0000005a   Code   RO         4416    x$fpl$dfixu         fz_ws.l(dfixu.o)
    0x08005c62   0x08005c62   0x0000002e   Code   RO         4421    x$fpl$dflt          fz_ws.l(dflt_clz.o)
    0x08005c90   0x08005c90   0x00000026   Code   RO         4420    x$fpl$dfltu         fz_ws.l(dflt_clz.o)
    0x08005cb6   0x08005cb6   0x00000002   PAD
    0x08005cb8   0x08005cb8   0x00000078   Code   RO         4426    x$fpl$dleqf         fz_ws.l(dleqf.o)
    0x08005d30   0x08005d30   0x00000154   Code   RO         4428    x$fpl$dmul          fz_ws.l(dmul.o)
    0x08005e84   0x08005e84   0x0000009c   Code   RO         4581    x$fpl$dnaninf       fz_ws.l(dnaninf.o)
    0x08005f20   0x08005f20   0x0000000c   Code   RO         4583    x$fpl$dretinf       fz_ws.l(dretinf.o)
    0x08005f2c   0x08005f2c   0x0000006c   Code   RO         4430    x$fpl$drleqf        fz_ws.l(drleqf.o)
    0x08005f98   0x08005f98   0x000000b4   Code   RO         4585    x$fpl$drnd          fz_ws.l(drnd.o)
    0x0800604c   0x0800604c   0x00000016   Code   RO         4403    x$fpl$drsb          fz_ws.l(daddsub_clz.o)
    0x08006062   0x08006062   0x00000002   PAD
    0x08006064   0x08006064   0x000001d4   Code   RO         4404    x$fpl$dsub          fz_ws.l(daddsub_clz.o)
    0x08006238   0x08006238   0x00000056   Code   RO         4432    x$fpl$f2d           fz_ws.l(f2d.o)
    0x0800628e   0x0800628e   0x00000002   PAD
    0x08006290   0x08006290   0x000000c4   Code   RO         4434    x$fpl$fadd          fz_ws.l(faddsub_clz.o)
    0x08006354   0x08006354   0x00000018   Code   RO         4587    x$fpl$fcmpinf       fz_ws.l(fcmpi.o)
    0x0800636c   0x0800636c   0x00000184   Code   RO         4441    x$fpl$fdiv          fz_ws.l(fdiv.o)
    0x080064f0   0x080064f0   0x0000003e   Code   RO         4444    x$fpl$ffixu         fz_ws.l(ffixu.o)
    0x0800652e   0x0800652e   0x00000002   PAD
    0x08006530   0x08006530   0x00000026   Code   RO         4448    x$fpl$ffltu         fz_ws.l(fflt_clz.o)
    0x08006556   0x08006556   0x00000002   PAD
    0x08006558   0x08006558   0x00000068   Code   RO         4454    x$fpl$fleqf         fz_ws.l(fleqf.o)
    0x080065c0   0x080065c0   0x00000102   Code   RO         4456    x$fpl$fmul          fz_ws.l(fmul.o)
    0x080066c2   0x080066c2   0x0000008c   Code   RO         4589    x$fpl$fnaninf       fz_ws.l(fnaninf.o)
    0x0800674e   0x0800674e   0x0000000a   Code   RO         4591    x$fpl$fretinf       fz_ws.l(fretinf.o)
    0x08006758   0x08006758   0x00000062   Code   RO         4458    x$fpl$frleqf        fz_ws.l(frleqf.o)
    0x080067ba   0x080067ba   0x00000014   Code   RO         4435    x$fpl$frsb          fz_ws.l(faddsub_clz.o)
    0x080067ce   0x080067ce   0x00000002   PAD
    0x080067d0   0x080067d0   0x000000ea   Code   RO         4436    x$fpl$fsub          fz_ws.l(faddsub_clz.o)
    0x080068ba   0x080068ba   0x00000064   Code   RO         4727    x$fpl$retnan        fz_ws.l(retnan.o)
    0x0800691e   0x0800691e   0x0000005c   Code   RO         4601    x$fpl$scalbn        fz_ws.l(scalbn.o)
    0x0800697a   0x0800697a   0x00000030   Code   RO         4779    x$fpl$trapveneer    fz_ws.l(trapv.o)
    0x080069aa   0x080069aa   0x00000000   Code   RO         4603    x$fpl$usenofp       fz_ws.l(usenofp.o)
    0x080069aa   0x080069aa   0x00001ef2   Data   RO          568    .constdata          oled_data.o
    0x0800889c   0x0800889c   0x00000004   PAD
    0x080088a0   0x080088a0   0x00000038   Data   RO         4470    .constdata          m_ws.l(log.o)
    0x080088d8   0x080088d8   0x0000000c   Data   RO         4574    .constdata          c_w.l(_monlen.o)
    0x080088e4   0x080088e4   0x00000004   PAD
    0x080088e8   0x080088e8   0x00000008   Data   RO         4630    .constdata          m_ws.l(qnan.o)
    0x080088f0   0x080088f0   0x00000020   Data   RO         4858    Region$$Table       anon$$obj.o


    Execution Region RW_IRAM1 (Exec base: 0x20000000, Load base: 0x08008910, Size: 0x00000b30, Max: 0x00005000, ABSOLUTE)

    Exec Addr    Load Addr    Size         Type   Attr      Idx    E Section Name        Object

    0x20000000   0x08008910   0x00000014   Data   RW          523    .data               key.o
    0x20000014   0x08008924   0x0000000d   Data   RW          590    .data               menu.o
    0x20000021   0x08008931   0x00000003   PAD
    0x20000024   0x08008934   0x0000000b   Data   RW          694    .data               ad.o
    0x2000002f   0x0800893f   0x00000001   PAD
    0x20000030   0x08008940   0x00000008   Data   RW          744    .data               hc_sr04.o
    0x20000038   0x08008948   0x00000002   Data   RW          798    .data               serial.o
    0x2000003a   0x0800894a   0x00000004   Data   RW          865    .data               voice_recognition.o
    0x2000003e   0x0800894e   0x00000002   PAD
    0x20000040   0x08008950   0x00000005   Data   RW          921    .data               count_down.o
    0x20000045   0x08008955   0x00000001   PAD
    0x20000046   0x08008956   0x00000008   Data   RW         1052    .data               myrtc.o
    0x2000004e   0x0800895e   0x00000002   PAD
    0x20000050   0x08008960   0x00000012   Data   RW         1147    .data               timer.o
    0x20000062   0x08008972   0x00000014   Data   RW         2910    .data               stm32f10x_rcc.o
    0x20000076   0x08008986   0x00000002   PAD
    0x20000078        -       0x00000400   Zero   RW          173    .bss                oled.o
    0x20000478        -       0x00000020   Zero   RW          693    .bss                ad.o
    0x20000498        -       0x0000000c   Zero   RW          743    .bss                hc_sr04.o
    0x200004a4        -       0x0000002c   Zero   RW         4392    .bss                c_w.l(localtime.o)
    0x200004d0        -       0x00000060   Zero   RW         4676    .bss                c_w.l(libspace.o)
    0x20000530        -       0x00000200   Zero   RW         1195    HEAP                startup_stm32f10x_md.o
    0x20000730        -       0x00000400   Zero   RW         1194    STACK               startup_stm32f10x_md.o


==============================================================================

Image component sizes


      Code (inc. data)   RO Data    RW Data    ZI Data      Debug   Object Name

       920        138          0         11         32       3992   ad.o
       528        106          0          5          0       6157   count_down.o
        70          0          0          0          0        882   delay.o
       824         94          0          8         12       4494   hc_sr04.o
       664         44          0         20          0       2856   key.o
         0          0          0          0          0     223168   led.o
        48          0          0          0          0        407   main.o
      7040       1456          0         13          0       7741   menu.o
       132         22          0          0          0       2979   misc.o
       162         18          0          0          0       1723   motor.o
      1304         82          0          8          0       9269   myrtc.o
      2330         64          0          0       1024      14328   oled.o
         0          0       7922          0          0       1047   oled_data.o
       164          4          0          0          0     259613   pwm.o
       308         36          0          2          0       2500   serial.o
        64         26        236          0       1536        788   startup_stm32f10x_md.o
       390         10          0          0          0      15801   stm32f10x_adc.o
        56         10          0          0          0       2019   stm32f10x_bkp.o
        84          0          0          0          0      12357   stm32f10x_dma.o
       200         18          0          0          0       3984   stm32f10x_exti.o
       394          4          0          0          0      13204   stm32f10x_gpio.o
        26          0          0          0          0       3542   stm32f10x_it.o
        12          6          0          0          0        454   stm32f10x_pwr.o
       472         64          0         20          0      15820   stm32f10x_rcc.o
       176         34          0          0          0       3123   stm32f10x_rtc.o
       480         62          0          0          0      27562   stm32f10x_tim.o
       472          6          0          0          0      12259   stm32f10x_usart.o
       328         28          0          0          0       1741   system_stm32f10x.o
       636         94          0         18          0       2381   timer.o
      1268         64          0          4          0       2710   voice_recognition.o

    ----------------------------------------------------------------------
     19586       2490       8194        120       2604     658901   Object Totals
         0          0         32          0          0          0   (incl. Generated)
        34          0          4         11          0          0   (incl. Padding)

    ----------------------------------------------------------------------

      Code (inc. data)   RO Data    RW Data    ZI Data      Debug   Library Member Name

         8          0          0          0          0         68   __main.o
         0          0          0          0          0          0   __rtentry.o
        12          0          0          0          0          0   __rtentry2.o
         6          0          0          0          0          0   __rtentry4.o
        52          8          0          0          0          0   __scatter.o
        26          0          0          0          0          0   __scatter_copy.o
        28          0          0          0          0          0   __scatter_zi.o
         0          0         12          0          0          0   _monlen.o
        22          0          0          0          0        100   _rserrno.o
        18          0          0          0          0         80   exit.o
         6          0          0          0          0        152   heapauxi.o
         0          0          0          0          0          0   indicate_semi.o
         2          0          0          0          0          0   libinit.o
         2          0          0          0          0          0   libinit2.o
         2          0          0          0          0          0   libshutdown.o
         2          0          0          0          0          0   libshutdown2.o
         8          4          0          0         96         68   libspace.o
        12          6          0          0         44         68   localtime.o
       184          6          0          0          0         80   localtime_internal.o
       428         10          0          0          0        116   mktime.o
         8          4          0          0          0         68   rt_errno_addr_intlibspace.o
        78          0          0          0          0         80   rt_memclr_w.o
       100          0          0          0          0         80   rt_memcpy_w.o
         2          0          0          0          0          0   rtexit.o
        10          0          0          0          0          0   rtexit2.o
       128          0          0          0          0         68   strcmpv7m.o
        12          4          0          0          0         68   sys_exit.o
        74          0          0          0          0         80   sys_stackheap_outer.o
         2          0          0          0          0         68   use_no_semi.o
        98          4          0          0          0         92   d2f.o
       826         16          0          0          0        348   daddsub_clz.o
        16          4          0          0          0         68   dcheck1.o
        24          0          0          0          0         68   dcmpi.o
       688        140          0          0          0        208   ddiv.o
       120          4          0          0          0         92   deqf.o
        90          4          0          0          0         92   dfixu.o
        84          0          0          0          0        136   dflt_clz.o
       120          4          0          0          0         92   dleqf.o
       340         12          0          0          0        104   dmul.o
       156          4          0          0          0         92   dnaninf.o
        12          0          0          0          0         68   dretinf.o
       108          0          0          0          0         80   drleqf.o
       180          4          0          0          0         80   drnd.o
        86          4          0          0          0         84   f2d.o
       450          8          0          0          0        236   faddsub_clz.o
        24          0          0          0          0         68   fcmpi.o
       388         76          0          0          0         96   fdiv.o
        62          4          0          0          0         84   ffixu.o
        38          0          0          0          0         68   fflt_clz.o
       104          4          0          0          0         84   fleqf.o
       258          4          0          0          0         84   fmul.o
       140          4          0          0          0         84   fnaninf.o
        10          0          0          0          0         68   fretinf.o
        98          0          0          0          0         68   frleqf.o
       100          0          0          0          0         68   retnan.o
        92          0          0          0          0         68   scalbn.o
        48          0          0          0          0         68   trapv.o
         0          0          0          0          0          0   usenofp.o
        34          4          0          0          0        204   dunder.o
       860         52         56          0          0        256   log.o
       170          0          0          0          0         96   poly.o
         0          0          8          0          0          0   qnan.o
       148         12          0          0          0         88   round.o

    ----------------------------------------------------------------------
      7228        410         80          0        140       4736   Library Totals
        24          0          4          0          0          0   (incl. Padding)

    ----------------------------------------------------------------------

      Code (inc. data)   RO Data    RW Data    ZI Data      Debug   Library Name

      1232         42         12          0        140       1244   c_w.l
      4760        300          0          0          0       2848   fz_ws.l
      1212         68         64          0          0        644   m_ws.l

    ----------------------------------------------------------------------
      7228        410         80          0        140       4736   Library Totals

    ----------------------------------------------------------------------

==============================================================================


      Code (inc. data)   RO Data    RW Data    ZI Data      Debug   

     26814       2900       8274        120       2744     652089   Grand Totals
     26814       2900       8274        120       2744     652089   ELF Image Totals
     26814       2900       8274        120          0          0   ROM Totals

==============================================================================

    Total RO  Size (Code + RO Data)                35088 (  34.27kB)
    Total RW  Size (RW Data + ZI Data)              2864 (   2.80kB)
    Total ROM Size (Code + RO Data + RW Data)      35208 (  34.38kB)

==============================================================================

