Component: ARM Compiler 5.06 update 5 (build 528) Tool: armlink [4d35e2]

==============================================================================

Section Cross References

    oled.o(i.OLED_Clear) refers to oled.o(.bss) for OLED_DisplayBuf
    oled.o(i.OLED_ClearArea) refers to oled.o(.bss) for OLED_DisplayBuf
    oled.o(i.OLED_DrawArc) refers to oled.o(i.OLED_IsInAngle) for OLED_IsInAngle
    oled.o(i.OLED_DrawArc) refers to oled.o(i.OLED_DrawPoint) for OLED_DrawPoint
    oled.o(i.OLED_DrawCircle) refers to oled.o(i.OLED_DrawPoint) for OLED_DrawPoint
    oled.o(i.OLED_DrawEllipse) refers to dflt_clz.o(x$fpl$dflt) for __aeabi_i2d
    oled.o(i.OLED_DrawEllipse) refers to daddsub_clz.o(x$fpl$dadd) for __aeabi_dadd
    oled.o(i.OLED_DrawEllipse) refers to dmul.o(x$fpl$dmul) for __aeabi_dmul
    oled.o(i.OLED_DrawEllipse) refers to d2f.o(x$fpl$d2f) for __aeabi_d2f
    oled.o(i.OLED_DrawEllipse) refers to oled.o(i.OLED_DrawPoint) for OLED_DrawPoint
    oled.o(i.OLED_DrawEllipse) refers to fleqf.o(x$fpl$fleqf) for __aeabi_cfcmple
    oled.o(i.OLED_DrawEllipse) refers to fflt_clz.o(x$fpl$fflt) for __aeabi_i2f
    oled.o(i.OLED_DrawEllipse) refers to faddsub_clz.o(x$fpl$fadd) for __aeabi_fadd
    oled.o(i.OLED_DrawEllipse) refers to daddsub_clz.o(x$fpl$dsub) for __aeabi_dsub
    oled.o(i.OLED_DrawEllipse) refers to dleqf.o(x$fpl$dleqf) for __aeabi_cdcmple
    oled.o(i.OLED_DrawLine) refers to oled.o(i.OLED_DrawPoint) for OLED_DrawPoint
    oled.o(i.OLED_DrawPoint) refers to oled.o(.bss) for OLED_DisplayBuf
    oled.o(i.OLED_DrawRectangle) refers to oled.o(i.OLED_DrawPoint) for OLED_DrawPoint
    oled.o(i.OLED_DrawTriangle) refers to oled.o(i.OLED_DrawLine) for OLED_DrawLine
    oled.o(i.OLED_DrawTriangle) refers to oled.o(i.OLED_pnpoly) for OLED_pnpoly
    oled.o(i.OLED_DrawTriangle) refers to oled.o(i.OLED_DrawPoint) for OLED_DrawPoint
    oled.o(i.OLED_GPIO_Init) refers to stm32f10x_rcc.o(i.RCC_APB2PeriphClockCmd) for RCC_APB2PeriphClockCmd
    oled.o(i.OLED_GPIO_Init) refers to stm32f10x_gpio.o(i.GPIO_Init) for GPIO_Init
    oled.o(i.OLED_GPIO_Init) refers to oled.o(i.OLED_W_SCL) for OLED_W_SCL
    oled.o(i.OLED_GPIO_Init) refers to oled.o(i.OLED_W_SDA) for OLED_W_SDA
    oled.o(i.OLED_GetPoint) refers to oled.o(.bss) for OLED_DisplayBuf
    oled.o(i.OLED_I2C_SendByte) refers to oled.o(i.OLED_W_SDA) for OLED_W_SDA
    oled.o(i.OLED_I2C_SendByte) refers to oled.o(i.OLED_W_SCL) for OLED_W_SCL
    oled.o(i.OLED_I2C_Start) refers to oled.o(i.OLED_W_SDA) for OLED_W_SDA
    oled.o(i.OLED_I2C_Start) refers to oled.o(i.OLED_W_SCL) for OLED_W_SCL
    oled.o(i.OLED_I2C_Stop) refers to oled.o(i.OLED_W_SDA) for OLED_W_SDA
    oled.o(i.OLED_I2C_Stop) refers to oled.o(i.OLED_W_SCL) for OLED_W_SCL
    oled.o(i.OLED_Init) refers to oled.o(i.OLED_GPIO_Init) for OLED_GPIO_Init
    oled.o(i.OLED_Init) refers to oled.o(i.OLED_WriteCommand) for OLED_WriteCommand
    oled.o(i.OLED_Init) refers to oled.o(i.OLED_Clear) for OLED_Clear
    oled.o(i.OLED_Init) refers to oled.o(i.OLED_Update) for OLED_Update
    oled.o(i.OLED_IsInAngle) refers to dflt_clz.o(x$fpl$dflt) for __aeabi_i2d
    oled.o(i.OLED_IsInAngle) refers to atan2.o(i.atan2) for atan2
    oled.o(i.OLED_IsInAngle) refers to ddiv.o(x$fpl$ddiv) for __aeabi_ddiv
    oled.o(i.OLED_IsInAngle) refers to dmul.o(x$fpl$dmul) for __aeabi_dmul
    oled.o(i.OLED_IsInAngle) refers to dfix.o(x$fpl$dfix) for __aeabi_d2iz
    oled.o(i.OLED_Printf) refers to vsprintf.o(.text) for vsprintf
    oled.o(i.OLED_Printf) refers to oled.o(i.OLED_ShowString) for OLED_ShowString
    oled.o(i.OLED_Reverse) refers to oled.o(.bss) for OLED_DisplayBuf
    oled.o(i.OLED_ReverseArea) refers to oled.o(.bss) for OLED_DisplayBuf
    oled.o(i.OLED_SetCursor) refers to oled.o(i.OLED_WriteCommand) for OLED_WriteCommand
    oled.o(i.OLED_ShowBinNum) refers to oled.o(i.OLED_Pow) for OLED_Pow
    oled.o(i.OLED_ShowBinNum) refers to oled.o(i.OLED_ShowChar) for OLED_ShowChar
    oled.o(i.OLED_ShowChar) refers to oled.o(i.OLED_ShowImage) for OLED_ShowImage
    oled.o(i.OLED_ShowChar) refers to oled_data.o(.constdata) for OLED_F8x16
    oled.o(i.OLED_ShowFloatNum) refers to drleqf.o(x$fpl$drleqf) for __aeabi_cdrcmple
    oled.o(i.OLED_ShowFloatNum) refers to oled.o(i.OLED_ShowChar) for OLED_ShowChar
    oled.o(i.OLED_ShowFloatNum) refers to dfixu.o(x$fpl$dfixu) for __aeabi_d2uiz
    oled.o(i.OLED_ShowFloatNum) refers to dflt_clz.o(x$fpl$dfltu) for __aeabi_ui2d
    oled.o(i.OLED_ShowFloatNum) refers to daddsub_clz.o(x$fpl$drsb) for __aeabi_drsub
    oled.o(i.OLED_ShowFloatNum) refers to oled.o(i.OLED_Pow) for OLED_Pow
    oled.o(i.OLED_ShowFloatNum) refers to dmul.o(x$fpl$dmul) for __aeabi_dmul
    oled.o(i.OLED_ShowFloatNum) refers to round.o(i.round) for round
    oled.o(i.OLED_ShowFloatNum) refers to oled.o(i.OLED_ShowNum) for OLED_ShowNum
    oled.o(i.OLED_ShowHexNum) refers to oled.o(i.OLED_Pow) for OLED_Pow
    oled.o(i.OLED_ShowHexNum) refers to oled.o(i.OLED_ShowChar) for OLED_ShowChar
[...]
    _rand_init                                - Undefined Weak Reference
    _signal_finish                            - Undefined Weak Reference
    _signal_init                              - Undefined Weak Reference
    _terminate_alloc                          - Undefined Weak Reference
    _terminate_user_alloc                     - Undefined Weak Reference
    _terminateio                              - Undefined Weak Reference
    __Vectors_Size                           0x000000ec   Number         0  startup_stm32f10x_md.o ABSOLUTE
    __Vectors                                0x08000000   Data           4  startup_stm32f10x_md.o(RESET)
    __Vectors_End                            0x080000ec   Data           0  startup_stm32f10x_md.o(RESET)
    __main                                   0x080000ed   Thumb Code     8  __main.o(!!!main)
    __scatterload                            0x080000f5   Thumb Code     0  __scatter.o(!!!scatter)
    __scatterload_rt2                        0x080000f5   Thumb Code    44  __scatter.o(!!!scatter)
    __scatterload_rt2_thumb_only             0x080000f5   Thumb Code     0  __scatter.o(!!!scatter)
    __scatterload_null                       0x08000103   Thumb Code     0  __scatter.o(!!!scatter)
    __scatterload_copy                       0x08000129   Thumb Code    26  __scatter_copy.o(!!handler_copy)
    __scatterload_zeroinit                   0x08000145   Thumb Code    28  __scatter_zi.o(!!handler_zi)
    _printf_d                                0x08000161   Thumb Code     0  _printf_d.o(.ARM.Collect$$_printf_percent$$00000009)
    _printf_percent                          0x08000161   Thumb Code     0  _printf_percent.o(.ARM.Collect$$_printf_percent$$00000000)
    _printf_s                                0x08000167   Thumb Code     0  _printf_s.o(.ARM.Collect$$_printf_percent$$00000014)
    _printf_percent_end                      0x0800016d   Thumb Code     0  _printf_percent_end.o(.ARM.Collect$$_printf_percent$$00000017)
    __rt_lib_init                            0x08000171   Thumb Code     0  libinit.o(.ARM.Collect$$libinit$$00000000)
    __rt_lib_init_alloca_1                   0x08000173   Thumb Code     0  libinit2.o(.ARM.Collect$$libinit$$0000002E)
    __rt_lib_init_argv_1                     0x08000173   Thumb Code     0  libinit2.o(.ARM.Collect$$libinit$$0000002C)
    __rt_lib_init_atexit_1                   0x08000173   Thumb Code     0  libinit2.o(.ARM.Collect$$libinit$$0000001B)
    __rt_lib_init_clock_1                    0x08000173   Thumb Code     0  libinit2.o(.ARM.Collect$$libinit$$00000021)
    __rt_lib_init_cpp_1                      0x08000173   Thumb Code     0  libinit2.o(.ARM.Collect$$libinit$$00000032)
    __rt_lib_init_exceptions_1               0x08000173   Thumb Code     0  libinit2.o(.ARM.Collect$$libinit$$00000030)
    __rt_lib_init_fp_1                       0x08000173   Thumb Code     0  libinit2.o(.ARM.Collect$$libinit$$00000002)
    __rt_lib_init_fp_trap_1                  0x08000173   Thumb Code     0  libinit2.o(.ARM.Collect$$libinit$$0000001F)
    __rt_lib_init_getenv_1                   0x08000173   Thumb Code     0  libinit2.o(.ARM.Collect$$libinit$$00000023)
    __rt_lib_init_heap_1                     0x08000173   Thumb Code     0  libinit2.o(.ARM.Collect$$libinit$$0000000A)
    __rt_lib_init_lc_collate_1               0x08000173   Thumb Code     0  libinit2.o(.ARM.Collect$$libinit$$00000011)
    __rt_lib_init_lc_ctype_1                 0x08000173   Thumb Code     0  libinit2.o(.ARM.Collect$$libinit$$00000013)
    __rt_lib_init_lc_monetary_1              0x08000173   Thumb Code     0  libinit2.o(.ARM.Collect$$libinit$$00000015)
    __rt_lib_init_lc_numeric_1               0x08000173   Thumb Code     0  libinit2.o(.ARM.Collect$$libinit$$00000017)
    __rt_lib_init_lc_time_1                  0x08000173   Thumb Code     0  libinit2.o(.ARM.Collect$$libinit$$00000019)
    __rt_lib_init_preinit_1                  0x08000173   Thumb Code     0  libinit2.o(.ARM.Collect$$libinit$$00000004)
    __rt_lib_init_rand_1                     0x08000173   Thumb Code     0  libinit2.o(.ARM.Collect$$libinit$$0000000E)
    __rt_lib_init_return                     0x08000173   Thumb Code     0  libinit2.o(.ARM.Collect$$libinit$$00000033)
    __rt_lib_init_signal_1                   0x08000173   Thumb Code     0  libinit2.o(.ARM.Collect$$libinit$$0000001D)
    __rt_lib_init_stdio_1                    0x08000173   Thumb Code     0  libinit2.o(.ARM.Collect$$libinit$$00000025)
    __rt_lib_init_user_alloc_1               0x08000173   Thumb Code     0  libinit2.o(.ARM.Collect$$libinit$$0000000C)
    __rt_lib_shutdown                        0x08000175   Thumb Code     0  libshutdown.o(.ARM.Collect$$libshutdown$$00000000)
    __rt_lib_shutdown_cpp_1                  0x08000177   Thumb Code     0  libshutdown2.o(.ARM.Collect$$libshutdown$$00000002)
    __rt_lib_shutdown_fp_trap_1              0x08000177   Thumb Code     0  libshutdown2.o(.ARM.Collect$$libshutdown$$00000007)
    __rt_lib_shutdown_heap_1                 0x08000177   Thumb Code     0  libshutdown2.o(.ARM.Collect$$libshutdown$$0000000F)
    __rt_lib_shutdown_return                 0x08000177   Thumb Code     0  libshutdown2.o(.ARM.Collect$$libshutdown$$00000010)
    __rt_lib_shutdown_signal_1               0x08000177   Thumb Code     0  libshutdown2.o(.ARM.Collect$$libshutdown$$0000000A)
    __rt_lib_shutdown_stdio_1                0x08000177   Thumb Code     0  libshutdown2.o(.ARM.Collect$$libshutdown$$00000004)
    __rt_lib_shutdown_user_alloc_1           0x08000177   Thumb Code     0  libshutdown2.o(.ARM.Collect$$libshutdown$$0000000C)
    __rt_entry                               0x08000179   Thumb Code     0  __rtentry.o(.ARM.Collect$$rtentry$$00000000)
    __rt_entry_presh_1                       0x08000179   Thumb Code     0  __rtentry2.o(.ARM.Collect$$rtentry$$00000002)
    __rt_entry_sh                            0x08000179   Thumb Code     0  __rtentry4.o(.ARM.Collect$$rtentry$$00000004)
    __rt_entry_li                            0x0800017f   Thumb Code     0  __rtentry2.o(.ARM.Collect$$rtentry$$0000000A)
    __rt_entry_postsh_1                      0x0800017f   Thumb Code     0  __rtentry2.o(.ARM.Collect$$rtentry$$00000009)
    __rt_entry_main                          0x08000183   Thumb Code     0  __rtentry2.o(.ARM.Collect$$rtentry$$0000000D)
    __rt_entry_postli_1                      0x08000183   Thumb Code     0  __rtentry2.o(.ARM.Collect$$rtentry$$0000000C)
    __rt_exit                                0x0800018b   Thumb Code     0  rtexit.o(.ARM.Collect$$rtexit$$00000000)
    __rt_exit_ls                             0x0800018d   Thumb Code     0  rtexit2.o(.ARM.Collect$$rtexit$$00000003)
    __rt_exit_prels_1                        0x0800018d   Thumb Code     0  rtexit2.o(.ARM.Collect$$rtexit$$00000002)
    __rt_exit_exit                           0x08000191   Thumb Code     0  rtexit2.o(.ARM.Collect$$rtexit$$00000004)
    Reset_Handler                            0x08000199   Thumb Code     8  startup_stm32f10x_md.o(.text)
    ADC1_2_IRQHandler                        0x080001b3   Thumb Code     0  startup_stm32f10x_md.o(.text)
    CAN1_RX1_IRQHandler                      0x080001b3   Thumb Code     0  startup_stm32f10x_md.o(.text)
    CAN1_SCE_IRQHandler                      0x080001b3   Thumb Code     0  startup_stm32f10x_md.o(.text)
    DMA1_Channel1_IRQHandler                 0x080001b3   Thumb Code     0  startup_stm32f10x_md.o(.text)
    DMA1_Channel2_IRQHandler                 0x080001b3   Thumb Code     0  startup_stm32f10x_md.o(.text)
    DMA1_Channel3_IRQHandler                 0x080001b3   Thumb Code     0  startup_stm32f10x_md.o(.text)
    DMA1_Channel4_IRQHandler                 0x080001b3   Thumb Code     0  startup_stm32f10x_md.o(.text)
    DMA1_Channel5_IRQHandler                 0x080001b3   Thumb Code     0  startup_stm32f10x_md.o(.text)
    DMA1_Channel6_IRQHandler                 0x080001b3   Thumb Code     0  startup_stm32f10x_md.o(.text)
    DMA1_Channel7_IRQHandler                 0x080001b3   Thumb Code     0  startup_stm32f10x_md.o(.text)
    EXTI0_IRQHandler                         0x080001b3   Thumb Code     0  startup_stm32f10x_md.o(.text)
    EXTI15_10_IRQHandler                     0x080001b3   Thumb Code     0  startup_stm32f10x_md.o(.text)
    EXTI1_IRQHandler                         0x080001b3   Thumb Code     0  startup_stm32f10x_md.o(.text)
    EXTI2_IRQHandler                         0x080001b3   Thumb Code     0  startup_stm32f10x_md.o(.text)
    EXTI3_IRQHandler                         0x080001b3   Thumb Code     0  startup_stm32f10x_md.o(.text)
    EXTI9_5_IRQHandler                       0x080001b3   Thumb Code     0  startup_stm32f10x_md.o(.text)
    FLASH_IRQHandler                         0x080001b3   Thumb Code     0  startup_stm32f10x_md.o(.text)
    I2C1_ER_IRQHandler                       0x080001b3   Thumb Code     0  startup_stm32f10x_md.o(.text)
    I2C1_EV_IRQHandler                       0x080001b3   Thumb Code     0  startup_stm32f10x_md.o(.text)
    I2C2_ER_IRQHandler                       0x080001b3   Thumb Code     0  startup_stm32f10x_md.o(.text)
    I2C2_EV_IRQHandler                       0x080001b3   Thumb Code     0  startup_stm32f10x_md.o(.text)
    PVD_IRQHandler                           0x080001b3   Thumb Code     0  startup_stm32f10x_md.o(.text)
    RCC_IRQHandler                           0x080001b3   Thumb Code     0  startup_stm32f10x_md.o(.text)
    RTCAlarm_IRQHandler                      0x080001b3   Thumb Code     0  startup_stm32f10x_md.o(.text)
    RTC_IRQHandler                           0x080001b3   Thumb Code     0  startup_stm32f10x_md.o(.text)
    SPI1_IRQHandler                          0x080001b3   Thumb Code     0  startup_stm32f10x_md.o(.text)
    SPI2_IRQHandler                          0x080001b3   Thumb Code     0  startup_stm32f10x_md.o(.text)
    TAMPER_IRQHandler                        0x080001b3   Thumb Code     0  startup_stm32f10x_md.o(.text)
    TIM1_BRK_IRQHandler                      0x080001b3   Thumb Code     0  startup_stm32f10x_md.o(.text)
    TIM1_CC_IRQHandler                       0x080001b3   Thumb Code     0  startup_stm32f10x_md.o(.text)
    TIM1_TRG_COM_IRQHandler                  0x080001b3   Thumb Code     0  startup_stm32f10x_md.o(.text)
    TIM2_IRQHandler                          0x080001b3   Thumb Code     0  startup_stm32f10x_md.o(.text)
    USART3_IRQHandler                        0x080001b3   Thumb Code     0  startup_stm32f10x_md.o(.text)
    USBWakeUp_IRQHandler                     0x080001b3   Thumb Code     0  startup_stm32f10x_md.o(.text)
    USB_HP_CAN1_TX_IRQHandler                0x080001b3   Thumb Code     0  startup_stm32f10x_md.o(.text)
    USB_LP_CAN1_RX0_IRQHandler               0x080001b3   Thumb Code     0  startup_stm32f10x_md.o(.text)
    WWDG_IRQHandler                          0x080001b3   Thumb Code     0  startup_stm32f10x_md.o(.text)
    __user_initial_stackheap                 0x080001b5   Thumb Code     0  startup_stm32f10x_md.o(.text)
    __2sprintf                               0x080001d9   Thumb Code    38  __2sprintf.o(.text)
    _printf_str                              0x08000205   Thumb Code    82  _printf_str.o(.text)
    _printf_int_dec                          0x08000259   Thumb Code   104  _printf_dec.o(.text)
    __printf                                 0x080002d1   Thumb Code   388  __printf_flags_ss_wp.o(.text)
    strcpy                                   0x08000459   Thumb Code    72  strcpy.o(.text)
    __aeabi_memcpy4                          0x080004a1   Thumb Code     0  rt_memcpy_w.o(.text)
    __aeabi_memcpy8                          0x080004a1   Thumb Code     0  rt_memcpy_w.o(.text)
    __rt_memcpy_w                            0x080004a1   Thumb Code   100  rt_memcpy_w.o(.text)
    _memcpy_lastbytes_aligned                0x080004e9   Thumb Code     0  rt_memcpy_w.o(.text)
    __aeabi_memclr                           0x08000505   Thumb Code     0  rt_memclr.o(.text)
    __rt_memclr                              0x08000505   Thumb Code    68  rt_memclr.o(.text)
    _memset                                  0x08000509   Thumb Code     0  rt_memclr.o(.text)
    strcmp                                   0x08000549   Thumb Code   128  strcmpv7m.o(.text)
    localtime                                0x080005c9   Thumb Code     6  localtime.o(.text)
    mktime                                   0x08000613   Thumb Code   356  mktime.o(.text)
    __use_two_region_memory                  0x08000781   Thumb Code     2  heapauxi.o(.text)
    __rt_heap_escrow$2region                 0x08000783   Thumb Code     2  heapauxi.o(.text)
    __rt_heap_expand$2region                 0x08000785   Thumb Code     2  heapauxi.o(.text)
    __read_errno                             0x08000787   Thumb Code    10  _rserrno.o(.text)
    __set_errno                              0x08000791   Thumb Code    12  _rserrno.o(.text)
    _printf_int_common                       0x0800079d   Thumb Code   178  _printf_intcommon.o(.text)
    _printf_char_common                      0x0800085b   Thumb Code    32  _printf_char_common.o(.text)
    _sputc                                   0x08000881   Thumb Code    10  _sputc.o(.text)
    _printf_cs_common                        0x0800088b   Thumb Code    20  _printf_char.o(.text)
    _printf_char                             0x0800089f   Thumb Code    16  _printf_char.o(.text)
    _printf_string                           0x080008af   Thumb Code     8  _printf_char.o(.text)
    __aeabi_memclr4                          0x080008b7   Thumb Code     0  rt_memclr_w.o(.text)
    __aeabi_memclr8                          0x080008b7   Thumb Code     0  rt_memclr_w.o(.text)
    __rt_memclr_w                            0x080008b7   Thumb Code    78  rt_memclr_w.o(.text)
    _memset_w                                0x080008bb   Thumb Code     0  rt_memclr_w.o(.text)
    _localtime_r                             0x08000905   Thumb Code   178  localtime_internal.o(.text)
    _n$localtime_r                           0x08000905   Thumb Code     0  localtime_internal.o(.text)
    __aeabi_errno_addr                       0x080009bd   Thumb Code     8  rt_errno_addr_intlibspace.o(.text)
    __errno$intlibspace                      0x080009bd   Thumb Code     0  rt_errno_addr_intlibspace.o(.text)
    __rt_errno_addr$intlibspace              0x080009bd   Thumb Code     0  rt_errno_addr_intlibspace.o(.text)
    __user_libspace                          0x080009c5   Thumb Code     8  libspace.o(.text)
    __user_perproc_libspace                  0x080009c5   Thumb Code     0  libspace.o(.text)
    __user_perthread_libspace                0x080009c5   Thumb Code     0  libspace.o(.text)
    __user_setup_stackheap                   0x080009cd   Thumb Code    74  sys_stackheap_outer.o(.text)
    exit                                     0x08000a17   Thumb Code    18  exit.o(.text)
    _sys_exit                                0x08000a29   Thumb Code     8  sys_exit.o(.text)
    __I$use$semihosting                      0x08000a35   Thumb Code     0  use_no_semi.o(.text)
    __use_no_semihosting_swi                 0x08000a35   Thumb Code     2  use_no_semi.o(.text)
    ADC_Cmd                                  0x08000a37   Thumb Code    22  stm32f10x_adc.o(i.ADC_Cmd)
    __semihosting_library_function           0x08000a37   Thumb Code     0  indicate_semi.o(.text)
    ADC_DMACmd                               0x08000a4d   Thumb Code    22  stm32f10x_adc.o(i.ADC_DMACmd)
    ADC_GetCalibrationStatus                 0x08000a63   Thumb Code    20  stm32f10x_adc.o(i.ADC_GetCalibrationStatus)
    ADC_GetResetCalibrationStatus            0x08000a77   Thumb Code    20  stm32f10x_adc.o(i.ADC_GetResetCalibrationStatus)
    ADC_Init                                 0x08000a8d   Thumb Code    70  stm32f10x_adc.o(i.ADC_Init)
    ADC_RegularChannelConfig                 0x08000add   Thumb Code   184  stm32f10x_adc.o(i.ADC_RegularChannelConfig)
    ADC_ResetCalibration                     0x08000b95   Thumb Code    10  stm32f10x_adc.o(i.ADC_ResetCalibration)
    ADC_SoftwareStartConvCmd                 0x08000b9f   Thumb Code    22  stm32f10x_adc.o(i.ADC_SoftwareStartConvCmd)
    ADC_StartCalibration                     0x08000bb5   Thumb Code    10  stm32f10x_adc.o(i.ADC_StartCalibration)
    AD_Collect_Start                         0x08000bc1   Thumb Code    54  ad.o(i.AD_Collect_Start)
    AD_Collect_Stop                          0x08000c05   Thumb Code    60  ad.o(i.AD_Collect_Stop)
    AD_Init                                  0x08000c55   Thumb Code   252  ad.o(i.AD_Init)
    AD_to_Temp                               0x08000d61   Thumb Code   278  ad.o(i.AD_to_Temp)
    BKP_ReadBackupRegister                   0x08000eb5   Thumb Code    24  stm32f10x_bkp.o(i.BKP_ReadBackupRegister)
    BKP_WriteBackupRegister                  0x08000ed1   Thumb Code    22  stm32f10x_bkp.o(i.BKP_WriteBackupRegister)
    Bluetooth                                0x08000eed   Thumb Code  1526  bluetooth.o(i.Bluetooth)
    Bluetooth_Init                           0x08001581   Thumb Code     8  bluetooth.o(i.Bluetooth_Init)
    BusFault_Handler                         0x08001589   Thumb Code     4  stm32f10x_it.o(i.BusFault_Handler)
    Count_Add_1h                             0x080015dd   Thumb Code    14  count_down.o(i.Count_Add_1h)
    Count_Add_1m                             0x080015f1   Thumb Code    12  count_down.o(i.Count_Add_1m)
    Count_Add_1s                             0x08001601   Thumb Code    12  count_down.o(i.Count_Add_1s)
    Count_Add_Hour                           0x08001611   Thumb Code    22  count_down.o(i.Count_Add_Hour)
    Count_Add_Minute                         0x0800162d   Thumb Code    18  count_down.o(i.Count_Add_Minute)
    Count_Add_Second                         0x08001645   Thumb Code    12  count_down.o(i.Count_Add_Second)
    Count_Down_Init                          0x08001655   Thumb Code   112  count_down.o(i.Count_Down_Init)
    Count_Down_Over                          0x080016c9   Thumb Code    22  count_down.o(i.Count_Down_Over)
    Count_Set_0                              0x080016f5   Thumb Code     8  count_down.o(i.Count_Set_0)
    Count_Start                              0x08001701   Thumb Code    18  count_down.o(i.Count_Start)
    Count_Stop                               0x0800171d   Thumb Code    18  count_down.o(i.Count_Stop)
    Count_Sub_1h                             0x08001739   Thumb Code    32  count_down.o(i.Count_Sub_1h)
    Count_Sub_1m                             0x0800175d   Thumb Code    28  count_down.o(i.Count_Sub_1m)
    Count_Sub_1s                             0x0800177d   Thumb Code    26  count_down.o(i.Count_Sub_1s)
    DMA_Cmd                                  0x0800179d   Thumb Code    24  stm32f10x_dma.o(i.DMA_Cmd)
    DMA_Init                                 0x080017b5   Thumb Code    60  stm32f10x_dma.o(i.DMA_Init)
    DebugMon_Handler                         0x080017f1   Thumb Code     2  stm32f10x_it.o(i.DebugMon_Handler)
    Delay_ms                                 0x080017f3   Thumb Code    24  delay.o(i.Delay_ms)
    Delay_us                                 0x0800180b   Thumb Code    46  delay.o(i.Delay_us)
    Distance_Warn                            0x08001839   Thumb Code    10  voice_recognition.o(i.Distance_Warn)
    EXTI4_IRQHandler                         0x080018c5   Thumb Code   100  hc_sr04.o(i.EXTI4_IRQHandler)
    EXTI_ClearITPendingBit                   0x0800193d   Thumb Code     6  stm32f10x_exti.o(i.EXTI_ClearITPendingBit)
    EXTI_GetITStatus                         0x08001949   Thumb Code    34  stm32f10x_exti.o(i.EXTI_GetITStatus)
    EXTI_Init                                0x08001971   Thumb Code   142  stm32f10x_exti.o(i.EXTI_Init)
    GPIO_EXTILineConfig                      0x08001a05   Thumb Code    60  stm32f10x_gpio.o(i.GPIO_EXTILineConfig)
    GPIO_Init                                0x08001a45   Thumb Code   278  stm32f10x_gpio.o(i.GPIO_Init)
    GPIO_ReadInputDataBit                    0x08001b5b   Thumb Code    18  stm32f10x_gpio.o(i.GPIO_ReadInputDataBit)
    GPIO_ResetBits                           0x08001b6d   Thumb Code     4  stm32f10x_gpio.o(i.GPIO_ResetBits)
    GPIO_SetBits                             0x08001b71   Thumb Code     4  stm32f10x_gpio.o(i.GPIO_SetBits)
    GPIO_StructInit                          0x08001b75   Thumb Code    16  stm32f10x_gpio.o(i.GPIO_StructInit)
    GPIO_WriteBit                            0x08001b85   Thumb Code    10  stm32f10x_gpio.o(i.GPIO_WriteBit)
    Get_Count                                0x08001c4d   Thumb Code     6  count_down.o(i.Get_Count)
    HC_SR04_GetDistance                      0x08001c59   Thumb Code    54  hc_sr04.o(i.HC_SR04_GetDistance)
    HC_SR04_Init                             0x08001c99   Thumb Code    80  hc_sr04.o(i.HC_SR04_Init)
    HardFault_Handler                        0x08001cf5   Thumb Code     4  stm32f10x_it.o(i.HardFault_Handler)
    Key_Check                                0x08001cf9   Thumb Code    32  key.o(i.Key_Check)
    Key_GetState                             0x08001d1d   Thumb Code    62  key.o(i.Key_GetState)
    Key_Init                                 0x08001d61   Thumb Code    40  key.o(i.Key_Init)
    Key_Tick                                 0x08001d8d   Thumb Code   492  key.o(i.Key_Tick)
    MemManage_Handler                        0x08001f91   Thumb Code     4  stm32f10x_it.o(i.MemManage_Handler)
    Menu1                                    0x08001f95   Thumb Code   442  menu.o(i.Menu1)
    Menu2_Clock                              0x0800220d   Thumb Code   718  menu.o(i.Menu2_Clock)
    Menu2_CountDown                          0x0800255d   Thumb Code   670  menu.o(i.Menu2_CountDown)
    Menu2_Debug                              0x08002881   Thumb Code   430  menu.o(i.Menu2_Debug)
    Menu2_Fan                                0x08002aa5   Thumb Code   670  menu.o(i.Menu2_Fan)
    Menu2_Temp                               0x08002dcd   Thumb Code   648  menu.o(i.Menu2_Temp)
    Menu3_CountDown                          0x080030dd   Thumb Code   718  menu.o(i.Menu3_CountDown)
    Menu3_SetDateAndTime                     0x08003475   Thumb Code   240  menu.o(i.Menu3_SetDateAndTime)
    Menu4_SetDate                            0x080035bd   Thumb Code   636  menu.o(i.Menu4_SetDate)
    Menu4_SetTime                            0x080038dd   Thumb Code   636  menu.o(i.Menu4_SetTime)
    Motor_Init                               0x08003bfd   Thumb Code    40  motor.o(i.Motor_Init)
    Motor_SetGear                            0x08003c29   Thumb Code    18  motor.o(i.Motor_SetGear)
    Motor_SetSpeed                           0x08003c3d   Thumb Code    58  motor.o(i.Motor_SetSpeed)
    Motor_Stop                               0x08003c81   Thumb Code    26  motor.o(i.Motor_Stop)
    MyRTC_Add_1Day                           0x08003ca1   Thumb Code    78  myrtc.o(i.MyRTC_Add_1Day)
    MyRTC_Add_1Hour                          0x08003cf5   Thumb Code    78  myrtc.o(i.MyRTC_Add_1Hour)
    MyRTC_Add_1Minute                        0x08003d49   Thumb Code    78  myrtc.o(i.MyRTC_Add_1Minute)
    MyRTC_Add_1Month                         0x08003d9d   Thumb Code    76  myrtc.o(i.MyRTC_Add_1Month)
    MyRTC_Add_1Second                        0x08003ded   Thumb Code    78  myrtc.o(i.MyRTC_Add_1Second)
    MyRTC_Add_1Year                          0x08003e41   Thumb Code    76  myrtc.o(i.MyRTC_Add_1Year)
    MyRTC_CalcWeekday                        0x08003e91   Thumb Code   220  myrtc.o(i.MyRTC_CalcWeekday)
    MyRTC_GetCurrentSec                      0x08003f7d   Thumb Code    12  myrtc.o(i.MyRTC_GetCurrentSec)
    MyRTC_GetWeekday                         0x08003f89   Thumb Code    20  myrtc.o(i.MyRTC_GetWeekday)
    MyRTC_Init                               0x08003fa1   Thumb Code   148  myrtc.o(i.MyRTC_Init)
    MyRTC_ReadTime                           0x0800406d   Thumb Code    88  myrtc.o(i.MyRTC_ReadTime)
    MyRTC_SetTime                            0x080040c9   Thumb Code    70  myrtc.o(i.MyRTC_SetTime)
    MyRTC_Sub_1Day                           0x08004115   Thumb Code    78  myrtc.o(i.MyRTC_Sub_1Day)
    MyRTC_Sub_1Hour                          0x08004169   Thumb Code    78  myrtc.o(i.MyRTC_Sub_1Hour)
    MyRTC_Sub_1Minute                        0x080041bd   Thumb Code    78  myrtc.o(i.MyRTC_Sub_1Minute)
    MyRTC_Sub_1Month                         0x08004211   Thumb Code    74  myrtc.o(i.MyRTC_Sub_1Month)
    MyRTC_Sub_1Second                        0x08004261   Thumb Code    78  myrtc.o(i.MyRTC_Sub_1Second)
    MyRTC_Sub_1Year                          0x080042b5   Thumb Code    76  myrtc.o(i.MyRTC_Sub_1Year)
    NMI_Handler                              0x08004305   Thumb Code     2  stm32f10x_it.o(i.NMI_Handler)
    NVIC_Init                                0x08004309   Thumb Code   100  misc.o(i.NVIC_Init)
    NVIC_PriorityGroupConfig                 0x08004379   Thumb Code    10  misc.o(i.NVIC_PriorityGroupConfig)
    OLED_Clear                               0x0800438d   Thumb Code    36  oled.o(i.OLED_Clear)
    OLED_ClearArea                           0x080043b5   Thumb Code   140  oled.o(i.OLED_ClearArea)
    OLED_DrawPoint                           0x08004445   Thumb Code    76  oled.o(i.OLED_DrawPoint)
    OLED_DrawRectangle                       0x08004495   Thumb Code   142  oled.o(i.OLED_DrawRectangle)
    OLED_GPIO_Init                           0x08004525   Thumb Code    92  oled.o(i.OLED_GPIO_Init)
    OLED_I2C_SendByte                        0x08004585   Thumb Code    62  oled.o(i.OLED_I2C_SendByte)
    OLED_I2C_Start                           0x080045c3   Thumb Code    28  oled.o(i.OLED_I2C_Start)
    OLED_I2C_Stop                            0x080045df   Thumb Code    22  oled.o(i.OLED_I2C_Stop)
    OLED_Init                                0x080045f5   Thumb Code   154  oled.o(i.OLED_Init)
    OLED_Pow                                 0x0800468f   Thumb Code    20  oled.o(i.OLED_Pow)
    OLED_ReverseArea                         0x080046a5   Thumb Code   140  oled.o(i.OLED_ReverseArea)
    OLED_SetCursor                           0x08004735   Thumb Code    34  oled.o(i.OLED_SetCursor)
    OLED_ShowChar                            0x08004759   Thumb Code    74  oled.o(i.OLED_ShowChar)
    OLED_ShowFloatNum                        0x080047ad   Thumb Code   210  oled.o(i.OLED_ShowFloatNum)
    OLED_ShowImage                           0x08004881   Thumb Code   248  oled.o(i.OLED_ShowImage)
    OLED_ShowNum                             0x0800497d   Thumb Code    76  oled.o(i.OLED_ShowNum)
    OLED_ShowString                          0x080049c9   Thumb Code   442  oled.o(i.OLED_ShowString)
    OLED_Update                              0x08004b8d   Thumb Code    36  oled.o(i.OLED_Update)
    OLED_UpdateArea                          0x08004bb5   Thumb Code   120  oled.o(i.OLED_UpdateArea)
    OLED_W_SCL                               0x08004c31   Thumb Code    18  oled.o(i.OLED_W_SCL)
    OLED_W_SDA                               0x08004c49   Thumb Code    18  oled.o(i.OLED_W_SDA)
    OLED_WriteCommand                        0x08004c61   Thumb Code    32  oled.o(i.OLED_WriteCommand)
    OLED_WriteData                           0x08004c81   Thumb Code    46  oled.o(i.OLED_WriteData)
    PWM_Init                                 0x08004cb1   Thumb Code   144  pwm.o(i.PWM_Init)
    PWM_SetCompare1                          0x08004d45   Thumb Code    16  pwm.o(i.PWM_SetCompare1)
    PWR_BackupAccessCmd                      0x08004d55   Thumb Code     6  stm32f10x_pwr.o(i.PWR_BackupAccessCmd)
    PendSV_Handler                           0x08004d61   Thumb Code     2  stm32f10x_it.o(i.PendSV_Handler)
    RCC_ADCCLKConfig                         0x08004d65   Thumb Code    18  stm32f10x_rcc.o(i.RCC_ADCCLKConfig)
    RCC_AHBPeriphClockCmd                    0x08004d7d   Thumb Code    26  stm32f10x_rcc.o(i.RCC_AHBPeriphClockCmd)
    RCC_APB1PeriphClockCmd                   0x08004d9d   Thumb Code    26  stm32f10x_rcc.o(i.RCC_APB1PeriphClockCmd)
    RCC_APB2PeriphClockCmd                   0x08004dbd   Thumb Code    26  stm32f10x_rcc.o(i.RCC_APB2PeriphClockCmd)
    RCC_GetClocksFreq                        0x08004ddd   Thumb Code   192  stm32f10x_rcc.o(i.RCC_GetClocksFreq)
    RCC_GetFlagStatus                        0x08004eb1   Thumb Code    56  stm32f10x_rcc.o(i.RCC_GetFlagStatus)
    RCC_LSEConfig                            0x08004eed   Thumb Code    46  stm32f10x_rcc.o(i.RCC_LSEConfig)
    RCC_RTCCLKCmd                            0x08004f21   Thumb Code     6  stm32f10x_rcc.o(i.RCC_RTCCLKCmd)
    RCC_RTCCLKConfig                         0x08004f2d   Thumb Code    12  stm32f10x_rcc.o(i.RCC_RTCCLKConfig)
    RTC_EnterConfigMode                      0x08004f3d   Thumb Code    14  stm32f10x_rtc.o(i.RTC_EnterConfigMode)
    RTC_ExitConfigMode                       0x08004f51   Thumb Code    16  stm32f10x_rtc.o(i.RTC_ExitConfigMode)
    RTC_GetCounter                           0x08004f65   Thumb Code    16  stm32f10x_rtc.o(i.RTC_GetCounter)
    RTC_SetCounter                           0x08004f79   Thumb Code    24  stm32f10x_rtc.o(i.RTC_SetCounter)
    RTC_SetPrescaler                         0x08004f95   Thumb Code    26  stm32f10x_rtc.o(i.RTC_SetPrescaler)
    RTC_WaitForLastTask                      0x08004fb5   Thumb Code    16  stm32f10x_rtc.o(i.RTC_WaitForLastTask)
    RTC_WaitForSynchro                       0x08004fc9   Thumb Code    30  stm32f10x_rtc.o(i.RTC_WaitForSynchro)
    SVC_Handler                              0x08004fed   Thumb Code     2  stm32f10x_it.o(i.SVC_Handler)
    Serial2_GetRxData                        0x08004ff1   Thumb Code     6  hc_04.o(i.Serial2_GetRxData)
    Serial2_GetRxFlag                        0x08004ffd   Thumb Code    22  hc_04.o(i.Serial2_GetRxFlag)
    Serial2_Init                             0x08005019   Thumb Code   168  hc_04.o(i.Serial2_Init)
    Serial2_SendByte                         0x080050c9   Thumb Code    28  hc_04.o(i.Serial2_SendByte)
    Serial2_SendString                       0x080050e9   Thumb Code    26  hc_04.o(i.Serial2_SendString)
    Serial_GetRxData                         0x08005105   Thumb Code     6  serial.o(i.Serial_GetRxData)
    Serial_GetRxFlag                         0x08005111   Thumb Code    22  serial.o(i.Serial_GetRxFlag)
    Serial_Init                              0x0800512d   Thumb Code   172  serial.o(i.Serial_Init)
    Serial_SendArray                         0x080051e1   Thumb Code    26  serial.o(i.Serial_SendArray)
    Serial_SendByte                          0x080051fd   Thumb Code    28  serial.o(i.Serial_SendByte)
    Serial_SendPacket                        0x0800521d   Thumb Code    24  serial.o(i.Serial_SendPacket)
    SysTick_Handler                          0x08005321   Thumb Code     2  stm32f10x_it.o(i.SysTick_Handler)
    SystemInit                               0x08005325   Thumb Code    78  system_stm32f10x.o(i.SystemInit)
    TIM1_UP_IRQHandler                       0x08005385   Thumb Code    88  count_down.o(i.TIM1_UP_IRQHandler)
    TIM3_IRQHandler                          0x080053fd   Thumb Code   266  timer.o(i.TIM3_IRQHandler)
    TIM4_IRQHandler                          0x08005539   Thumb Code    32  hc_sr04.o(i.TIM4_IRQHandler)
    TIM_CCxCmd                               0x080055d1   Thumb Code    30  stm32f10x_tim.o(i.TIM_CCxCmd)
    TIM_ClearFlag                            0x080055ef   Thumb Code     6  stm32f10x_tim.o(i.TIM_ClearFlag)
    TIM_ClearITPendingBit                    0x080055f5   Thumb Code     6  stm32f10x_tim.o(i.TIM_ClearITPendingBit)
    TIM_Cmd                                  0x080055fb   Thumb Code    24  stm32f10x_tim.o(i.TIM_Cmd)
    TIM_GetCounter                           0x08005613   Thumb Code     6  stm32f10x_tim.o(i.TIM_GetCounter)
    TIM_GetITStatus                          0x08005619   Thumb Code    34  stm32f10x_tim.o(i.TIM_GetITStatus)
    TIM_ITConfig                             0x0800563b   Thumb Code    18  stm32f10x_tim.o(i.TIM_ITConfig)
    TIM_InternalClockConfig                  0x0800564d   Thumb Code    12  stm32f10x_tim.o(i.TIM_InternalClockConfig)
    TIM_OC1Init                              0x08005659   Thumb Code   132  stm32f10x_tim.o(i.TIM_OC1Init)
    TIM_OCStructInit                         0x080056f1   Thumb Code    20  stm32f10x_tim.o(i.TIM_OCStructInit)
    TIM_SetCompare1                          0x08005705   Thumb Code     4  stm32f10x_tim.o(i.TIM_SetCompare1)
    TIM_SetCounter                           0x08005709   Thumb Code     4  stm32f10x_tim.o(i.TIM_SetCounter)
    TIM_TimeBaseInit                         0x0800570d   Thumb Code   122  stm32f10x_tim.o(i.TIM_TimeBaseInit)
    Temp_Match_Gear                          0x080057b1   Thumb Code   160  timer.o(i.Temp_Match_Gear)
    Timer_Init                               0x0800591d   Thumb Code   120  timer.o(i.Timer_Init)
    USART1_IRQHandler                        0x08005999   Thumb Code    44  serial.o(i.USART1_IRQHandler)
    USART2_IRQHandler                        0x080059d1   Thumb Code    44  hc_04.o(i.USART2_IRQHandler)
    USART_ClearITPendingBit                  0x08005a09   Thumb Code    30  stm32f10x_usart.o(i.USART_ClearITPendingBit)
    USART_Cmd                                0x08005a27   Thumb Code    24  stm32f10x_usart.o(i.USART_Cmd)
    USART_GetFlagStatus                      0x08005a3f   Thumb Code    26  stm32f10x_usart.o(i.USART_GetFlagStatus)
    USART_GetITStatus                        0x08005a59   Thumb Code    84  stm32f10x_usart.o(i.USART_GetITStatus)
    USART_ITConfig                           0x08005aad   Thumb Code    74  stm32f10x_usart.o(i.USART_ITConfig)
    USART_Init                               0x08005af9   Thumb Code   210  stm32f10x_usart.o(i.USART_Init)
    USART_ReceiveData                        0x08005bd1   Thumb Code    10  stm32f10x_usart.o(i.USART_ReceiveData)
    USART_SendData                           0x08005bdb   Thumb Code     8  stm32f10x_usart.o(i.USART_SendData)
    UsageFault_Handler                       0x08005be3   Thumb Code     4  stm32f10x_it.o(i.UsageFault_Handler)
    Voice_Recognition                        0x08005be9   Thumb Code  1286  voice_recognition.o(i.Voice_Recognition)
    Voice_Recognition_Init                   0x080060fd   Thumb Code     8  voice_recognition.o(i.Voice_Recognition_Init)
    __kernel_poly                            0x08006105   Thumb Code   170  poly.o(i.__kernel_poly)
    __mathlib_dbl_divzero                    0x080061b1   Thumb Code    12  dunder.o(i.__mathlib_dbl_divzero)
    __mathlib_dbl_infnan                     0x080061c1   Thumb Code     6  dunder.o(i.__mathlib_dbl_infnan)
    __mathlib_dbl_invalid                    0x080061c7   Thumb Code    12  dunder.o(i.__mathlib_dbl_invalid)
    _is_digit                                0x080061d3   Thumb Code    14  __printf_wp.o(i._is_digit)
    log                                      0x080061e1   Thumb Code   808  log.o(i.log)
    main                                     0x0800653d   Thumb Code    52  main.o(i.main)
    round                                    0x08006571   Thumb Code   136  round.o(i.round)
    __aeabi_d2f                              0x08006605   Thumb Code     0  d2f.o(x$fpl$d2f)
    _d2f                                     0x08006605   Thumb Code    98  d2f.o(x$fpl$d2f)
    __aeabi_dadd                             0x08006669   Thumb Code     0  daddsub_clz.o(x$fpl$dadd)
    _dadd                                    0x08006669   Thumb Code   332  daddsub_clz.o(x$fpl$dadd)
    __fpl_dcheck_NaN1                        0x080067b9   Thumb Code    10  dcheck1.o(x$fpl$dcheck1)
    __fpl_dcmp_Inf                           0x080067c9   Thumb Code    24  dcmpi.o(x$fpl$dcmpinf)
    __aeabi_ddiv                             0x080067e1   Thumb Code     0  ddiv.o(x$fpl$ddiv)
    _ddiv                                    0x080067e1   Thumb Code   552  ddiv.o(x$fpl$ddiv)
    __aeabi_cdcmpeq                          0x08006a91   Thumb Code     0  deqf.o(x$fpl$deqf)
    _dcmpeq                                  0x08006a91   Thumb Code   120  deqf.o(x$fpl$deqf)
    __aeabi_d2uiz                            0x08006b09   Thumb Code     0  dfixu.o(x$fpl$dfixu)
    _dfixu                                   0x08006b09   Thumb Code    90  dfixu.o(x$fpl$dfixu)
    __aeabi_i2d                              0x08006b63   Thumb Code     0  dflt_clz.o(x$fpl$dflt)
    _dflt                                    0x08006b63   Thumb Code    46  dflt_clz.o(x$fpl$dflt)
    __aeabi_ui2d                             0x08006b91   Thumb Code     0  dflt_clz.o(x$fpl$dfltu)
    _dfltu                                   0x08006b91   Thumb Code    38  dflt_clz.o(x$fpl$dfltu)
    __aeabi_cdcmple                          0x08006bb9   Thumb Code     0  dleqf.o(x$fpl$dleqf)
    _dcmple                                  0x08006bb9   Thumb Code   120  dleqf.o(x$fpl$dleqf)
    __fpl_dcmple_InfNaN                      0x08006c1b   Thumb Code     0  dleqf.o(x$fpl$dleqf)
    __aeabi_dmul                             0x08006c31   Thumb Code     0  dmul.o(x$fpl$dmul)
    _dmul                                    0x08006c31   Thumb Code   332  dmul.o(x$fpl$dmul)
    __fpl_dnaninf                            0x08006d85   Thumb Code   156  dnaninf.o(x$fpl$dnaninf)
    __fpl_dretinf                            0x08006e21   Thumb Code    12  dretinf.o(x$fpl$dretinf)
    __aeabi_cdrcmple                         0x08006e2d   Thumb Code     0  drleqf.o(x$fpl$drleqf)
    _drcmple                                 0x08006e2d   Thumb Code   108  drleqf.o(x$fpl$drleqf)
    _drnd                                    0x08006e99   Thumb Code   180  drnd.o(x$fpl$drnd)
    __aeabi_drsub                            0x08006f4d   Thumb Code     0  daddsub_clz.o(x$fpl$drsb)
    _drsb                                    0x08006f4d   Thumb Code    22  daddsub_clz.o(x$fpl$drsb)
    __aeabi_dsub                             0x08006f65   Thumb Code     0  daddsub_clz.o(x$fpl$dsub)
    _dsub                                    0x08006f65   Thumb Code   464  daddsub_clz.o(x$fpl$dsub)
    __aeabi_f2d                              0x08007139   Thumb Code     0  f2d.o(x$fpl$f2d)
    _f2d                                     0x08007139   Thumb Code    86  f2d.o(x$fpl$f2d)
    __aeabi_fadd                             0x08007191   Thumb Code     0  faddsub_clz.o(x$fpl$fadd)
    _fadd                                    0x08007191   Thumb Code   196  faddsub_clz.o(x$fpl$fadd)
    __fpl_fcmp_Inf                           0x08007255   Thumb Code    24  fcmpi.o(x$fpl$fcmpinf)
    __aeabi_fdiv                             0x0800726d   Thumb Code     0  fdiv.o(x$fpl$fdiv)
    _fdiv                                    0x0800726d   Thumb Code   384  fdiv.o(x$fpl$fdiv)
    __aeabi_f2uiz                            0x080073f1   Thumb Code     0  ffixu.o(x$fpl$ffixu)
    _ffixu                                   0x080073f1   Thumb Code    62  ffixu.o(x$fpl$ffixu)
    __aeabi_ui2f                             0x08007431   Thumb Code     0  fflt_clz.o(x$fpl$ffltu)
    _ffltu                                   0x08007431   Thumb Code    38  fflt_clz.o(x$fpl$ffltu)
    __aeabi_cfcmple                          0x08007459   Thumb Code     0  fleqf.o(x$fpl$fleqf)
    _fcmple                                  0x08007459   Thumb Code   104  fleqf.o(x$fpl$fleqf)
    __fpl_fcmple_InfNaN                      0x080074ab   Thumb Code     0  fleqf.o(x$fpl$fleqf)
    __aeabi_fmul                             0x080074c1   Thumb Code     0  fmul.o(x$fpl$fmul)
    _fmul                                    0x080074c1   Thumb Code   258  fmul.o(x$fpl$fmul)
    __fpl_fnaninf                            0x080075c3   Thumb Code   140  fnaninf.o(x$fpl$fnaninf)
    __fpl_fretinf                            0x0800764f   Thumb Code    10  fretinf.o(x$fpl$fretinf)
    __aeabi_cfrcmple                         0x08007659   Thumb Code     0  frleqf.o(x$fpl$frleqf)
    _frcmple                                 0x08007659   Thumb Code    98  frleqf.o(x$fpl$frleqf)
    __aeabi_frsub                            0x080076bb   Thumb Code     0  faddsub_clz.o(x$fpl$frsb)
    _frsb                                    0x080076bb   Thumb Code    20  faddsub_clz.o(x$fpl$frsb)
    __aeabi_fsub                             0x080076d1   Thumb Code     0  faddsub_clz.o(x$fpl$fsub)
    _fsub                                    0x080076d1   Thumb Code   234  faddsub_clz.o(x$fpl$fsub)
    __fpl_return_NaN                         0x080077bb   Thumb Code   100  retnan.o(x$fpl$retnan)
    __ARM_scalbn                             0x0800781f   Thumb Code    92  scalbn.o(x$fpl$scalbn)
    __fpl_cmpreturn                          0x0800787b   Thumb Code    48  trapv.o(x$fpl$trapveneer)
    OLED_F8x16                               0x080078aa   Data        1520  oled_data.o(.constdata)
    __I$use$fp                               0x080078aa   Number         0  usenofp.o(x$fpl$usenofp)
    OLED_F6x8                                0x08007e9a   Data         570  oled_data.o(.constdata)
    OLED_CF16x16                             0x080080d4   Data        4699  oled_data.o(.constdata)
    Diode                                    0x0800932f   Data          32  oled_data.o(.constdata)
    Dajinyu                                  0x0800934f   Data         504  oled_data.o(.constdata)
    cxk                                      0x08009547   Data         504  oled_data.o(.constdata)
    cxk1                                     0x0800973f   Data         352  oled_data.o(.constdata)
    _monlen                                  0x080098e8   Data          12  _monlen.o(.constdata)
    __mathlib_zero                           0x080098f8   Data           8  qnan.o(.constdata)
    Region$$Table$$Base                      0x08009900   Number         0  anon$$obj.o(Region$$Table)
    Region$$Table$$Limit                     0x08009920   Number         0  anon$$obj.o(Region$$Table)
    Key_Flag                                 0x20000000   Data           3  key.o(.data)
    CurrSelect1                              0x20000014   Data           1  menu.o(.data)
    CurrSelect2                              0x20000015   Data           1  menu.o(.data)
    CurrSelect3                              0x20000016   Data           1  menu.o(.data)
    CurrSelect4                              0x20000017   Data           1  menu.o(.data)
    CurrState                                0x20000018   Data           1  menu.o(.data)
    Working                                  0x20000019   Data           1  menu.o(.data)
    Gear                                     0x2000001a   Data           1  menu.o(.data)
    Last_Gear                                0x2000001b   Data           1  menu.o(.data)
    Temp                                     0x2000001c   Data           4  menu.o(.data)
    Temp2Gear                                0x20000020   Data           1  menu.o(.data)
    AD_Value                                 0x20000024   Data           2  ad.o(.data)
    Temp_Value                               0x20000028   Data           4  ad.o(.data)
    AD_Collect_Status                        0x2000002c   Data           1  ad.o(.data)
    Serial_RxData                            0x20000038   Data           1  serial.o(.data)
    Serial_RxFlag                            0x20000039   Data           1  serial.o(.data)
    Serial_PassFlag                          0x2000003a   Data           1  serial.o(.data)
    RxData                                   0x2000003c   Data           1  voice_recognition.o(.data)
    temp_int                                 0x2000003d   Data           1  voice_recognition.o(.data)
    temp_dec                                 0x2000003e   Data           1  voice_recognition.o(.data)
    Count_State                              0x2000003f   Data           1  voice_recognition.o(.data)
    High_Byte                                0x20000040   Data           1  voice_recognition.o(.data)
    Low_Byte                                 0x20000041   Data           1  voice_recognition.o(.data)
    Serial2_RxData                           0x20000042   Data           1  hc_04.o(.data)
    Serial2_RxFlag                           0x20000043   Data           1  hc_04.o(.data)
    RxData2                                  0x20000044   Data           1  bluetooth.o(.data)
    Weekday                                  0x20000045   Data           2  bluetooth.o(.data)
    cnt                                      0x20000048   Data           4  count_down.o(.data)
    Count_Started                            0x2000004c   Data           1  count_down.o(.data)
    MyRTC_Time                               0x2000004e   Data           8  myrtc.o(.data)
    last_warn_sec                            0x20000058   Data           4  timer.o(.data)
    now_sec                                  0x2000005c   Data           4  timer.o(.data)
    IsSafe                                   0x20000060   Data           1  timer.o(.data)
    current_dist                             0x20000064   Data           4  timer.o(.data)
    OLED_DisplayBuf                          0x20000080   Data        1024  oled.o(.bss)
    Serial_TxPacket                          0x200004ac   Data          16  serial.o(.bss)
    Serial_RxPacket                          0x200004bc   Data          16  serial.o(.bss)
    Str                                      0x200004cc   Data          30  bluetooth.o(.bss)
    __libspace_start                         0x20000518   Data          96  libspace.o(.bss)
    __temporary_stack_top$libspace           0x20000578   Data           0  libspace.o(.bss)



==============================================================================

Memory Map of the image

  Image Entry point : 0x080000ed

  Load Region LR_IROM1 (Base: 0x08000000, Size: 0x000099a0, Max: 0x00010000, ABSOLUTE)

    Execution Region ER_IROM1 (Exec base: 0x08000000, Load base: 0x08000000, Size: 0x00009920, Max: 0x00010000, ABSOLUTE)

    Exec Addr    Load Addr    Size         Type   Attr      Idx    E Section Name        Object

    0x08000000   0x08000000   0x000000ec   Data   RO         1296    RESET               startup_stm32f10x_md.o
    0x080000ec   0x080000ec   0x00000008   Code   RO         4535  * !!!main             c_w.l(__main.o)
    0x080000f4   0x080000f4   0x00000034   Code   RO         4968    !!!scatter          c_w.l(__scatter.o)
    0x08000128   0x08000128   0x0000001a   Code   RO         4970    !!handler_copy      c_w.l(__scatter_copy.o)
    0x08000142   0x08000142   0x00000002   PAD
    0x08000144   0x08000144   0x0000001c   Code   RO         4972    !!handler_zi        c_w.l(__scatter_zi.o)
    0x08000160   0x08000160   0x00000000   Code   RO         4519    .ARM.Collect$$_printf_percent$$00000000  c_w.l(_printf_percent.o)
    0x08000160   0x08000160   0x00000006   Code   RO         4518    .ARM.Collect$$_printf_percent$$00000009  c_w.l(_printf_d.o)
    0x08000166   0x08000166   0x00000006   Code   RO         4517    .ARM.Collect$$_printf_percent$$00000014  c_w.l(_printf_s.o)
    0x0800016c   0x0800016c   0x00000004   Code   RO         4677    .ARM.Collect$$_printf_percent$$00000017  c_w.l(_printf_percent_end.o)
    0x08000170   0x08000170   0x00000002   Code   RO         4832    .ARM.Collect$$libinit$$00000000  c_w.l(libinit.o)
    0x08000172   0x08000172   0x00000000   Code   RO         4843    .ARM.Collect$$libinit$$00000002  c_w.l(libinit2.o)
    0x08000172   0x08000172   0x00000000   Code   RO         4845    .ARM.Collect$$libinit$$00000004  c_w.l(libinit2.o)
    0x08000172   0x08000172   0x00000000   Code   RO         4848    .ARM.Collect$$libinit$$0000000A  c_w.l(libinit2.o)
    0x08000172   0x08000172   0x00000000   Code   RO         4850    .ARM.Collect$$libinit$$0000000C  c_w.l(libinit2.o)
    0x08000172   0x08000172   0x00000000   Code   RO         4852    .ARM.Collect$$libinit$$0000000E  c_w.l(libinit2.o)
    0x08000172   0x08000172   0x00000000   Code   RO         4855    .ARM.Collect$$libinit$$00000011  c_w.l(libinit2.o)
    0x08000172   0x08000172   0x00000000   Code   RO         4857    .ARM.Collect$$libinit$$00000013  c_w.l(libinit2.o)
    0x08000172   0x08000172   0x00000000   Code   RO         4859    .ARM.Collect$$libinit$$00000015  c_w.l(libinit2.o)
    0x08000172   0x08000172   0x00000000   Code   RO         4861    .ARM.Collect$$libinit$$00000017  c_w.l(libinit2.o)
    0x08000172   0x08000172   0x00000000   Code   RO         4863    .ARM.Collect$$libinit$$00000019  c_w.l(libinit2.o)
    0x08000172   0x08000172   0x00000000   Code   RO         4865    .ARM.Collect$$libinit$$0000001B  c_w.l(libinit2.o)
    0x08000172   0x08000172   0x00000000   Code   RO         4867    .ARM.Collect$$libinit$$0000001D  c_w.l(libinit2.o)
    0x08000172   0x08000172   0x00000000   Code   RO         4869    .ARM.Collect$$libinit$$0000001F  c_w.l(libinit2.o)
    0x08000172   0x08000172   0x00000000   Code   RO         4871    .ARM.Collect$$libinit$$00000021  c_w.l(libinit2.o)
    0x08000172   0x08000172   0x00000000   Code   RO         4873    .ARM.Collect$$libinit$$00000023  c_w.l(libinit2.o)
    0x08000172   0x08000172   0x00000000   Code   RO         4875    .ARM.Collect$$libinit$$00000025  c_w.l(libinit2.o)
    0x08000172   0x08000172   0x00000000   Code   RO         4879    .ARM.Collect$$libinit$$0000002C  c_w.l(libinit2.o)
    0x08000172   0x08000172   0x00000000   Code   RO         4881    .ARM.Collect$$libinit$$0000002E  c_w.l(libinit2.o)
    0x08000172   0x08000172   0x00000000   Code   RO         4883    .ARM.Collect$$libinit$$00000030  c_w.l(libinit2.o)
    0x08000172   0x08000172   0x00000000   Code   RO         4885    .ARM.Collect$$libinit$$00000032  c_w.l(libinit2.o)
    0x08000172   0x08000172   0x00000002   Code   RO         4886    .ARM.Collect$$libinit$$00000033  c_w.l(libinit2.o)
    0x08000174   0x08000174   0x00000002   Code   RO         4908    .ARM.Collect$$libshutdown$$00000000  c_w.l(libshutdown.o)
    0x08000176   0x08000176   0x00000000   Code   RO         4921    .ARM.Collect$$libshutdown$$00000002  c_w.l(libshutdown2.o)
    0x08000176   0x08000176   0x00000000   Code   RO         4923    .ARM.Collect$$libshutdown$$00000004  c_w.l(libshutdown2.o)
    0x08000176   0x08000176   0x00000000   Code   RO         4926    .ARM.Collect$$libshutdown$$00000007  c_w.l(libshutdown2.o)
    0x08000176   0x08000176   0x00000000   Code   RO         4929    .ARM.Collect$$libshutdown$$0000000A  c_w.l(libshutdown2.o)
    0x08000176   0x08000176   0x00000000   Code   RO         4931    .ARM.Collect$$libshutdown$$0000000C  c_w.l(libshutdown2.o)
    0x08000176   0x08000176   0x00000000   Code   RO         4934    .ARM.Collect$$libshutdown$$0000000F  c_w.l(libshutdown2.o)
    0x08000176   0x08000176   0x00000002   Code   RO         4935    .ARM.Collect$$libshutdown$$00000010  c_w.l(libshutdown2.o)
    0x08000178   0x08000178   0x00000000   Code   RO         4617    .ARM.Collect$$rtentry$$00000000  c_w.l(__rtentry.o)
    0x08000178   0x08000178   0x00000000   Code   RO         4747    .ARM.Collect$$rtentry$$00000002  c_w.l(__rtentry2.o)
    0x08000178   0x08000178   0x00000006   Code   RO         4759    .ARM.Collect$$rtentry$$00000004  c_w.l(__rtentry4.o)
    0x0800017e   0x0800017e   0x00000000   Code   RO         4749    .ARM.Collect$$rtentry$$00000009  c_w.l(__rtentry2.o)
    0x0800017e   0x0800017e   0x00000004   Code   RO         4750    .ARM.Collect$$rtentry$$0000000A  c_w.l(__rtentry2.o)
    0x08000182   0x08000182   0x00000000   Code   RO         4752    .ARM.Collect$$rtentry$$0000000C  c_w.l(__rtentry2.o)
    0x08000182   0x08000182   0x00000008   Code   RO         4753    .ARM.Collect$$rtentry$$0000000D  c_w.l(__rtentry2.o)
    0x0800018a   0x0800018a   0x00000002   Code   RO         4837    .ARM.Collect$$rtexit$$00000000  c_w.l(rtexit.o)
    0x0800018c   0x0800018c   0x00000000   Code   RO         4890    .ARM.Collect$$rtexit$$00000002  c_w.l(rtexit2.o)
    0x0800018c   0x0800018c   0x00000004   Code   RO         4891    .ARM.Collect$$rtexit$$00000003  c_w.l(rtexit2.o)
    0x08000190   0x08000190   0x00000006   Code   RO         4892    .ARM.Collect$$rtexit$$00000004  c_w.l(rtexit2.o)
    0x08000196   0x08000196   0x00000002   PAD
    0x08000198   0x08000198   0x00000040   Code   RO         1297    .text               startup_stm32f10x_md.o
    0x080001d8   0x080001d8   0x0000002c   Code   RO         4487    .text               c_w.l(__2sprintf.o)
    0x08000204   0x08000204   0x00000052   Code   RO         4493    .text               c_w.l(_printf_str.o)
    0x08000256   0x08000256   0x00000002   PAD
    0x08000258   0x08000258   0x00000078   Code   RO         4495    .text               c_w.l(_printf_dec.o)
    0x080002d0   0x080002d0   0x00000188   Code   RO         4514    .text               c_w.l(__printf_flags_ss_wp.o)
    0x08000458   0x08000458   0x00000048   Code   RO         4520    .text               c_w.l(strcpy.o)
    0x080004a0   0x080004a0   0x00000064   Code   RO         4522    .text               c_w.l(rt_memcpy_w.o)
    0x08000504   0x08000504   0x00000044   Code   RO         4524    .text               c_w.l(rt_memclr.o)
    0x08000548   0x08000548   0x00000080   Code   RO         4526    .text               c_w.l(strcmpv7m.o)
    0x080005c8   0x080005c8   0x0000000c   Code   RO         4528    .text               c_w.l(localtime.o)
    0x080005d4   0x080005d4   0x000001ac   Code   RO         4531    .text               c_w.l(mktime.o)
    0x08000780   0x08000780   0x00000006   Code   RO         4533    .text               c_w.l(heapauxi.o)
    0x08000786   0x08000786   0x00000016   Code   RO         4618    .text               c_w.l(_rserrno.o)
    0x0800079c   0x0800079c   0x000000b2   Code   RO         4624    .text               c_w.l(_printf_intcommon.o)
    0x0800084e   0x0800084e   0x00000002   PAD
    0x08000850   0x08000850   0x00000030   Code   RO         4628    .text               c_w.l(_printf_char_common.o)
    0x08000880   0x08000880   0x0000000a   Code   RO         4630    .text               c_w.l(_sputc.o)
    0x0800088a   0x0800088a   0x0000002c   Code   RO         4632    .text               c_w.l(_printf_char.o)
    0x080008b6   0x080008b6   0x0000004e   Code   RO         4687    .text               c_w.l(rt_memclr_w.o)
    0x08000904   0x08000904   0x000000b8   Code   RO         4690    .text               c_w.l(localtime_internal.o)
    0x080009bc   0x080009bc   0x00000008   Code   RO         4764    .text               c_w.l(rt_errno_addr_intlibspace.o)
    0x080009c4   0x080009c4   0x00000008   Code   RO         4783    .text               c_w.l(libspace.o)
    0x080009cc   0x080009cc   0x0000004a   Code   RO         4786    .text               c_w.l(sys_stackheap_outer.o)
    0x08000a16   0x08000a16   0x00000012   Code   RO         4825    .text               c_w.l(exit.o)
    0x08000a28   0x08000a28   0x0000000c   Code   RO         4900    .text               c_w.l(sys_exit.o)
    0x08000a34   0x08000a34   0x00000002   Code   RO         4911    .text               c_w.l(use_no_semi.o)
    0x08000a36   0x08000a36   0x00000000   Code   RO         4913    .text               c_w.l(indicate_semi.o)
    0x08000a36   0x08000a36   0x00000016   Code   RO         1410    i.ADC_Cmd           stm32f10x_adc.o
    0x08000a4c   0x08000a4c   0x00000016   Code   RO         1411    i.ADC_DMACmd        stm32f10x_adc.o
    0x08000a62   0x08000a62   0x00000014   Code   RO         1418    i.ADC_GetCalibrationStatus  stm32f10x_adc.o
    0x08000a76   0x08000a76   0x00000014   Code   RO         1424    i.ADC_GetResetCalibrationStatus  stm32f10x_adc.o
    0x08000a8a   0x08000a8a   0x00000002   PAD
    0x08000a8c   0x08000a8c   0x00000050   Code   RO         1428    i.ADC_Init          stm32f10x_adc.o
    0x08000adc   0x08000adc   0x000000b8   Code   RO         1432    i.ADC_RegularChannelConfig  stm32f10x_adc.o
    0x08000b94   0x08000b94   0x0000000a   Code   RO         1433    i.ADC_ResetCalibration  stm32f10x_adc.o
    0x08000b9e   0x08000b9e   0x00000016   Code   RO         1435    i.ADC_SoftwareStartConvCmd  stm32f10x_adc.o
    0x08000bb4   0x08000bb4   0x0000000a   Code   RO         1437    i.ADC_StartCalibration  stm32f10x_adc.o
    0x08000bbe   0x08000bbe   0x00000002   PAD
    0x08000bc0   0x08000bc0   0x00000044   Code   RO          644    i.AD_Collect_Start  ad.o
    0x08000c04   0x08000c04   0x00000050   Code   RO          645    i.AD_Collect_Stop   ad.o
    0x08000c54   0x08000c54   0x0000010c   Code   RO          646    i.AD_Init           ad.o
    0x08000d60   0x08000d60   0x00000154   Code   RO          647    i.AD_to_Temp        ad.o
    0x08000eb4   0x08000eb4   0x0000001c   Code   RO         1636    i.BKP_ReadBackupRegister  stm32f10x_bkp.o
    0x08000ed0   0x08000ed0   0x0000001c   Code   RO         1640    i.BKP_WriteBackupRegister  stm32f10x_bkp.o
    0x08000eec   0x08000eec   0x00000694   Code   RO          944    i.Bluetooth         bluetooth.o
    0x08001580   0x08001580   0x00000008   Code   RO          945    i.Bluetooth_Init    bluetooth.o
    0x08001588   0x08001588   0x00000004   Code   RO         4420    i.BusFault_Handler  stm32f10x_it.o
    0x0800158c   0x0800158c   0x00000050   Code   RO          695    i.CalcWindowAverage  hc_sr04.o
    0x080015dc   0x080015dc   0x00000014   Code   RO          970    i.Count_Add_1h      count_down.o
    0x080015f0   0x080015f0   0x00000010   Code   RO          971    i.Count_Add_1m      count_down.o
    0x08001600   0x08001600   0x00000010   Code   RO          972    i.Count_Add_1s      count_down.o
    0x08001610   0x08001610   0x0000001c   Code   RO          973    i.Count_Add_Hour    count_down.o
    0x0800162c   0x0800162c   0x00000018   Code   RO          974    i.Count_Add_Minute  count_down.o
    0x08001644   0x08001644   0x00000010   Code   RO          975    i.Count_Add_Second  count_down.o
    0x08001654   0x08001654   0x00000074   Code   RO          976    i.Count_Down_Init   count_down.o
    0x080016c8   0x080016c8   0x0000002c   Code   RO          977    i.Count_Down_Over   count_down.o
    0x080016f4   0x080016f4   0x0000000c   Code   RO          978    i.Count_Set_0       count_down.o
    0x08001700   0x08001700   0x0000001c   Code   RO          979    i.Count_Start       count_down.o
    0x0800171c   0x0800171c   0x0000001c   Code   RO          980    i.Count_Stop        count_down.o
    0x08001738   0x08001738   0x00000024   Code   RO          981    i.Count_Sub_1h      count_down.o
    0x0800175c   0x0800175c   0x00000020   Code   RO          982    i.Count_Sub_1m      count_down.o
    0x0800177c   0x0800177c   0x00000020   Code   RO          983    i.Count_Sub_1s      count_down.o
    0x0800179c   0x0800179c   0x00000018   Code   RO         2116    i.DMA_Cmd           stm32f10x_dma.o
    0x080017b4   0x080017b4   0x0000003c   Code   RO         2122    i.DMA_Init          stm32f10x_dma.o
    0x080017f0   0x080017f0   0x00000002   Code   RO         4421    i.DebugMon_Handler  stm32f10x_it.o
    0x080017f2   0x080017f2   0x00000018   Code   RO         1089    i.Delay_ms          delay.o
    0x0800180a   0x0800180a   0x0000002e   Code   RO         1091    i.Delay_us          delay.o
    0x08001838   0x08001838   0x0000000a   Code   RO          837    i.Distance_Warn     voice_recognition.o
    0x08001842   0x08001842   0x00000002   PAD
    0x08001844   0x08001844   0x00000080   Code   RO          696    i.ECHO_EXTI_Init    hc_sr04.o
    0x080018c4   0x080018c4   0x00000078   Code   RO          697    i.EXTI4_IRQHandler  hc_sr04.o
    0x0800193c   0x0800193c   0x0000000c   Code   RO         2190    i.EXTI_ClearITPendingBit  stm32f10x_exti.o
    0x08001948   0x08001948   0x00000028   Code   RO         2194    i.EXTI_GetITStatus  stm32f10x_exti.o
    0x08001970   0x08001970   0x00000094   Code   RO         2195    i.EXTI_Init         stm32f10x_exti.o
    0x08001a04   0x08001a04   0x00000040   Code   RO         2549    i.GPIO_EXTILineConfig  stm32f10x_gpio.o
    0x08001a44   0x08001a44   0x00000116   Code   RO         2552    i.GPIO_Init         stm32f10x_gpio.o
    0x08001b5a   0x08001b5a   0x00000012   Code   RO         2556    i.GPIO_ReadInputDataBit  stm32f10x_gpio.o
    0x08001b6c   0x08001b6c   0x00000004   Code   RO         2559    i.GPIO_ResetBits    stm32f10x_gpio.o
    0x08001b70   0x08001b70   0x00000004   Code   RO         2560    i.GPIO_SetBits      stm32f10x_gpio.o
    0x08001b74   0x08001b74   0x00000010   Code   RO         2561    i.GPIO_StructInit   stm32f10x_gpio.o
    0x08001b84   0x08001b84   0x0000000a   Code   RO         2563    i.GPIO_WriteBit     stm32f10x_gpio.o
    0x08001b8e   0x08001b8e   0x00000002   PAD
    0x08001b90   0x08001b90   0x000000bc   Code   RO          698    i.GetSingleDistance  hc_sr04.o
    0x08001c4c   0x08001c4c   0x0000000c   Code   RO          984    i.Get_Count         count_down.o
    0x08001c58   0x08001c58   0x00000040   Code   RO          699    i.HC_SR04_GetDistance  hc_sr04.o
    0x08001c98   0x08001c98   0x0000005c   Code   RO          700    i.HC_SR04_Init      hc_sr04.o
    0x08001cf4   0x08001cf4   0x00000004   Code   RO         4422    i.HardFault_Handler  stm32f10x_it.o
    0x08001cf8   0x08001cf8   0x00000024   Code   RO          469    i.Key_Check         key.o
    0x08001d1c   0x08001d1c   0x00000044   Code   RO          471    i.Key_GetState      key.o
    0x08001d60   0x08001d60   0x0000002c   Code   RO          472    i.Key_Init          key.o
    0x08001d8c   0x08001d8c   0x00000204   Code   RO          474    i.Key_Tick          key.o
    0x08001f90   0x08001f90   0x00000004   Code   RO         4423    i.MemManage_Handler  stm32f10x_it.o
    0x08001f94   0x08001f94   0x00000278   Code   RO          532    i.Menu1             menu.o
    0x0800220c   0x0800220c   0x00000350   Code   RO          533    i.Menu2_Clock       menu.o
    0x0800255c   0x0800255c   0x00000324   Code   RO          534    i.Menu2_CountDown   menu.o
    0x08002880   0x08002880   0x00000224   Code   RO          535    i.Menu2_Debug       menu.o
    0x08002aa4   0x08002aa4   0x00000328   Code   RO          536    i.Menu2_Fan         menu.o
    0x08002dcc   0x08002dcc   0x00000310   Code   RO          537    i.Menu2_Temp        menu.o
    0x080030dc   0x080030dc   0x00000398   Code   RO          538    i.Menu3_CountDown   menu.o
    0x08003474   0x08003474   0x00000148   Code   RO          539    i.Menu3_SetDateAndTime  menu.o
    0x080035bc   0x080035bc   0x00000320   Code   RO          540    i.Menu4_SetDate     menu.o
    0x080038dc   0x080038dc   0x00000320   Code   RO          541    i.Menu4_SetTime     menu.o
    0x08003bfc   0x08003bfc   0x0000002c   Code   RO          436    i.Motor_Init        motor.o
    0x08003c28   0x08003c28   0x00000012   Code   RO          437    i.Motor_SetGear     motor.o
    0x08003c3a   0x08003c3a   0x00000002   PAD
    0x08003c3c   0x08003c3c   0x00000044   Code   RO          438    i.Motor_SetSpeed    motor.o
    0x08003c80   0x08003c80   0x00000020   Code   RO          439    i.Motor_Stop        motor.o
    0x08003ca0   0x08003ca0   0x00000054   Code   RO         1113    i.MyRTC_Add_1Day    myrtc.o
    0x08003cf4   0x08003cf4   0x00000054   Code   RO         1114    i.MyRTC_Add_1Hour   myrtc.o
    0x08003d48   0x08003d48   0x00000054   Code   RO         1115    i.MyRTC_Add_1Minute  myrtc.o
    0x08003d9c   0x08003d9c   0x00000050   Code   RO         1116    i.MyRTC_Add_1Month  myrtc.o
    0x08003dec   0x08003dec   0x00000054   Code   RO         1117    i.MyRTC_Add_1Second  myrtc.o
    0x08003e40   0x08003e40   0x00000050   Code   RO         1118    i.MyRTC_Add_1Year   myrtc.o
    0x08003e90   0x08003e90   0x000000ec   Code   RO         1119    i.MyRTC_CalcWeekday  myrtc.o
    0x08003f7c   0x08003f7c   0x0000000c   Code   RO         1120    i.MyRTC_GetCurrentSec  myrtc.o
    0x08003f88   0x08003f88   0x00000018   Code   RO         1121    i.MyRTC_GetWeekday  myrtc.o
    0x08003fa0   0x08003fa0   0x00000098   Code   RO         1122    i.MyRTC_Init        myrtc.o
    0x08004038   0x08004038   0x00000034   Code   RO         1123    i.MyRTC_IsLeapYear  myrtc.o
    0x0800406c   0x0800406c   0x0000005c   Code   RO         1124    i.MyRTC_ReadTime    myrtc.o
    0x080040c8   0x080040c8   0x0000004c   Code   RO         1125    i.MyRTC_SetTime     myrtc.o
    0x08004114   0x08004114   0x00000054   Code   RO         1126    i.MyRTC_Sub_1Day    myrtc.o
    0x08004168   0x08004168   0x00000054   Code   RO         1127    i.MyRTC_Sub_1Hour   myrtc.o
    0x080041bc   0x080041bc   0x00000054   Code   RO         1128    i.MyRTC_Sub_1Minute  myrtc.o
    0x08004210   0x08004210   0x00000050   Code   RO         1129    i.MyRTC_Sub_1Month  myrtc.o
    0x08004260   0x08004260   0x00000054   Code   RO         1130    i.MyRTC_Sub_1Second  myrtc.o
    0x080042b4   0x080042b4   0x00000050   Code   RO         1131    i.MyRTC_Sub_1Year   myrtc.o
    0x08004304   0x08004304   0x00000002   Code   RO         4424    i.NMI_Handler       stm32f10x_it.o
    0x08004306   0x08004306   0x00000002   PAD
    0x08004308   0x08004308   0x00000070   Code   RO         1365    i.NVIC_Init         misc.o
    0x08004378   0x08004378   0x00000014   Code   RO         1366    i.NVIC_PriorityGroupConfig  misc.o
    0x0800438c   0x0800438c   0x00000028   Code   RO            1    i.OLED_Clear        oled.o
    0x080043b4   0x080043b4   0x00000090   Code   RO            2    i.OLED_ClearArea    oled.o
    0x08004444   0x08004444   0x00000050   Code   RO            7    i.OLED_DrawPoint    oled.o
    0x08004494   0x08004494   0x0000008e   Code   RO            8    i.OLED_DrawRectangle  oled.o
    0x08004522   0x08004522   0x00000002   PAD
    0x08004524   0x08004524   0x00000060   Code   RO           10    i.OLED_GPIO_Init    oled.o
    0x08004584   0x08004584   0x0000003e   Code   RO           12    i.OLED_I2C_SendByte  oled.o
    0x080045c2   0x080045c2   0x0000001c   Code   RO           13    i.OLED_I2C_Start    oled.o
    0x080045de   0x080045de   0x00000016   Code   RO           14    i.OLED_I2C_Stop     oled.o
    0x080045f4   0x080045f4   0x0000009a   Code   RO           15    i.OLED_Init         oled.o
    0x0800468e   0x0800468e   0x00000014   Code   RO           17    i.OLED_Pow          oled.o
    0x080046a2   0x080046a2   0x00000002   PAD
    0x080046a4   0x080046a4   0x00000090   Code   RO           20    i.OLED_ReverseArea  oled.o
    0x08004734   0x08004734   0x00000022   Code   RO           21    i.OLED_SetCursor    oled.o
    0x08004756   0x08004756   0x00000002   PAD
    0x08004758   0x08004758   0x00000054   Code   RO           23    i.OLED_ShowChar     oled.o
    0x080047ac   0x080047ac   0x000000d2   Code   RO           24    i.OLED_ShowFloatNum  oled.o
    0x0800487e   0x0800487e   0x00000002   PAD
    0x08004880   0x08004880   0x000000fc   Code   RO           26    i.OLED_ShowImage    oled.o
    0x0800497c   0x0800497c   0x0000004c   Code   RO           27    i.OLED_ShowNum      oled.o
    0x080049c8   0x080049c8   0x000001c4   Code   RO           29    i.OLED_ShowString   oled.o
    0x08004b8c   0x08004b8c   0x00000028   Code   RO           30    i.OLED_Update       oled.o
    0x08004bb4   0x08004bb4   0x0000007c   Code   RO           31    i.OLED_UpdateArea   oled.o
    0x08004c30   0x08004c30   0x00000018   Code   RO           32    i.OLED_W_SCL        oled.o
    0x08004c48   0x08004c48   0x00000018   Code   RO           33    i.OLED_W_SDA        oled.o
    0x08004c60   0x08004c60   0x00000020   Code   RO           34    i.OLED_WriteCommand  oled.o
    0x08004c80   0x08004c80   0x0000002e   Code   RO           35    i.OLED_WriteData    oled.o
    0x08004cae   0x08004cae   0x00000002   PAD
    0x08004cb0   0x08004cb0   0x00000094   Code   RO          335    i.PWM_Init          pwm.o
    0x08004d44   0x08004d44   0x00000010   Code   RO          336    i.PWM_SetCompare1   pwm.o
    0x08004d54   0x08004d54   0x0000000c   Code   RO         2915    i.PWR_BackupAccessCmd  stm32f10x_pwr.o
    0x08004d60   0x08004d60   0x00000002   Code   RO         4425    i.PendSV_Handler    stm32f10x_it.o
    0x08004d62   0x08004d62   0x00000002   PAD
    0x08004d64   0x08004d64   0x00000018   Code   RO         2978    i.RCC_ADCCLKConfig  stm32f10x_rcc.o
    0x08004d7c   0x08004d7c   0x00000020   Code   RO         2979    i.RCC_AHBPeriphClockCmd  stm32f10x_rcc.o
    0x08004d9c   0x08004d9c   0x00000020   Code   RO         2980    i.RCC_APB1PeriphClockCmd  stm32f10x_rcc.o
    0x08004dbc   0x08004dbc   0x00000020   Code   RO         2982    i.RCC_APB2PeriphClockCmd  stm32f10x_rcc.o
    0x08004ddc   0x08004ddc   0x000000d4   Code   RO         2990    i.RCC_GetClocksFreq  stm32f10x_rcc.o
    0x08004eb0   0x08004eb0   0x0000003c   Code   RO         2991    i.RCC_GetFlagStatus  stm32f10x_rcc.o
    0x08004eec   0x08004eec   0x00000034   Code   RO         2998    i.RCC_LSEConfig     stm32f10x_rcc.o
    0x08004f20   0x08004f20   0x0000000c   Code   RO         3005    i.RCC_RTCCLKCmd     stm32f10x_rcc.o
    0x08004f2c   0x08004f2c   0x00000010   Code   RO         3006    i.RCC_RTCCLKConfig  stm32f10x_rcc.o
    0x08004f3c   0x08004f3c   0x00000014   Code   RO         3183    i.RTC_EnterConfigMode  stm32f10x_rtc.o
    0x08004f50   0x08004f50   0x00000014   Code   RO         3184    i.RTC_ExitConfigMode  stm32f10x_rtc.o
    0x08004f64   0x08004f64   0x00000014   Code   RO         3185    i.RTC_GetCounter    stm32f10x_rtc.o
    0x08004f78   0x08004f78   0x0000001c   Code   RO         3191    i.RTC_SetCounter    stm32f10x_rtc.o
    0x08004f94   0x08004f94   0x00000020   Code   RO         3192    i.RTC_SetPrescaler  stm32f10x_rtc.o
    0x08004fb4   0x08004fb4   0x00000014   Code   RO         3193    i.RTC_WaitForLastTask  stm32f10x_rtc.o
    0x08004fc8   0x08004fc8   0x00000024   Code   RO         3194    i.RTC_WaitForSynchro  stm32f10x_rtc.o
    0x08004fec   0x08004fec   0x00000002   Code   RO         4426    i.SVC_Handler       stm32f10x_it.o
    0x08004fee   0x08004fee   0x00000002   PAD
    0x08004ff0   0x08004ff0   0x0000000c   Code   RO          872    i.Serial2_GetRxData  hc_04.o
    0x08004ffc   0x08004ffc   0x0000001c   Code   RO          873    i.Serial2_GetRxFlag  hc_04.o
    0x08005018   0x08005018   0x000000b0   Code   RO          874    i.Serial2_Init      hc_04.o
    0x080050c8   0x080050c8   0x00000020   Code   RO          877    i.Serial2_SendByte  hc_04.o
    0x080050e8   0x080050e8   0x0000001a   Code   RO          879    i.Serial2_SendString  hc_04.o
    0x08005102   0x08005102   0x00000002   PAD
    0x08005104   0x08005104   0x0000000c   Code   RO          748    i.Serial_GetRxData  serial.o
    0x08005110   0x08005110   0x0000001c   Code   RO          749    i.Serial_GetRxFlag  serial.o
    0x0800512c   0x0800512c   0x000000b4   Code   RO          751    i.Serial_Init       serial.o
    0x080051e0   0x080051e0   0x0000001a   Code   RO          753    i.Serial_SendArray  serial.o
    0x080051fa   0x080051fa   0x00000002   PAD
    0x080051fc   0x080051fc   0x00000020   Code   RO          754    i.Serial_SendByte   serial.o
    0x0800521c   0x0800521c   0x0000001c   Code   RO          756    i.Serial_SendPacket  serial.o
    0x08005238   0x08005238   0x00000008   Code   RO         1312    i.SetSysClock       system_stm32f10x.o
    0x08005240   0x08005240   0x000000e0   Code   RO         1313    i.SetSysClockTo72   system_stm32f10x.o
    0x08005320   0x08005320   0x00000002   Code   RO         4427    i.SysTick_Handler   stm32f10x_it.o
    0x08005322   0x08005322   0x00000002   PAD
    0x08005324   0x08005324   0x00000060   Code   RO         1315    i.SystemInit        system_stm32f10x.o
    0x08005384   0x08005384   0x00000078   Code   RO          985    i.TIM1_UP_IRQHandler  count_down.o
    0x080053fc   0x080053fc   0x0000013c   Code   RO         1241    i.TIM3_IRQHandler   timer.o
    0x08005538   0x08005538   0x00000028   Code   RO          701    i.TIM4_IRQHandler   hc_sr04.o
    0x08005560   0x08005560   0x00000070   Code   RO          702    i.TIM4_TimeInit     hc_sr04.o
    0x080055d0   0x080055d0   0x0000001e   Code   RO         3618    i.TIM_CCxCmd        stm32f10x_tim.o
    0x080055ee   0x080055ee   0x00000006   Code   RO         3620    i.TIM_ClearFlag     stm32f10x_tim.o
    0x080055f4   0x080055f4   0x00000006   Code   RO         3621    i.TIM_ClearITPendingBit  stm32f10x_tim.o
    0x080055fa   0x080055fa   0x00000018   Code   RO         3626    i.TIM_Cmd           stm32f10x_tim.o
    0x08005612   0x08005612   0x00000006   Code   RO         3645    i.TIM_GetCounter    stm32f10x_tim.o
    0x08005618   0x08005618   0x00000022   Code   RO         3647    i.TIM_GetITStatus   stm32f10x_tim.o
    0x0800563a   0x0800563a   0x00000012   Code   RO         3651    i.TIM_ITConfig      stm32f10x_tim.o
    0x0800564c   0x0800564c   0x0000000c   Code   RO         3653    i.TIM_InternalClockConfig  stm32f10x_tim.o
    0x08005658   0x08005658   0x00000098   Code   RO         3655    i.TIM_OC1Init       stm32f10x_tim.o
    0x080056f0   0x080056f0   0x00000014   Code   RO         3673    i.TIM_OCStructInit  stm32f10x_tim.o
    0x08005704   0x08005704   0x00000004   Code   RO         3687    i.TIM_SetCompare1   stm32f10x_tim.o
    0x08005708   0x08005708   0x00000004   Code   RO         3691    i.TIM_SetCounter    stm32f10x_tim.o
    0x0800570c   0x0800570c   0x000000a4   Code   RO         3697    i.TIM_TimeBaseInit  stm32f10x_tim.o
    0x080057b0   0x080057b0   0x000000c8   Code   RO         1242    i.Temp_Match_Gear   timer.o
    0x08005878   0x08005878   0x00000078   Code   RO          648    i.Temp_SlidingWindow  ad.o
    0x080058f0   0x080058f0   0x0000002c   Code   RO          649    i.Temp_Window_Reset  ad.o
    0x0800591c   0x0800591c   0x0000007c   Code   RO         1243    i.Timer_Init        timer.o
    0x08005998   0x08005998   0x00000038   Code   RO          758    i.USART1_IRQHandler  serial.o
    0x080059d0   0x080059d0   0x00000038   Code   RO          880    i.USART2_IRQHandler  hc_04.o
    0x08005a08   0x08005a08   0x0000001e   Code   RO         4162    i.USART_ClearITPendingBit  stm32f10x_usart.o
    0x08005a26   0x08005a26   0x00000018   Code   RO         4165    i.USART_Cmd         stm32f10x_usart.o
    0x08005a3e   0x08005a3e   0x0000001a   Code   RO         4168    i.USART_GetFlagStatus  stm32f10x_usart.o
    0x08005a58   0x08005a58   0x00000054   Code   RO         4169    i.USART_GetITStatus  stm32f10x_usart.o
    0x08005aac   0x08005aac   0x0000004a   Code   RO         4171    i.USART_ITConfig    stm32f10x_usart.o
    0x08005af6   0x08005af6   0x00000002   PAD
    0x08005af8   0x08005af8   0x000000d8   Code   RO         4172    i.USART_Init        stm32f10x_usart.o
    0x08005bd0   0x08005bd0   0x0000000a   Code   RO         4179    i.USART_ReceiveData  stm32f10x_usart.o
    0x08005bda   0x08005bda   0x00000008   Code   RO         4182    i.USART_SendData    stm32f10x_usart.o
    0x08005be2   0x08005be2   0x00000004   Code   RO         4428    i.UsageFault_Handler  stm32f10x_it.o
    0x08005be6   0x08005be6   0x00000002   PAD
    0x08005be8   0x08005be8   0x00000514   Code   RO          838    i.Voice_Recognition  voice_recognition.o
    0x080060fc   0x080060fc   0x00000008   Code   RO          839    i.Voice_Recognition_Init  voice_recognition.o
    0x08006104   0x08006104   0x000000aa   Code   RO         4743    i.__kernel_poly     m_ws.l(poly.o)
    0x080061ae   0x080061ae   0x00000002   PAD
    0x080061b0   0x080061b0   0x00000010   Code   RO         4729    i.__mathlib_dbl_divzero  m_ws.l(dunder.o)
    0x080061c0   0x080061c0   0x00000006   Code   RO         4730    i.__mathlib_dbl_infnan  m_ws.l(dunder.o)
    0x080061c6   0x080061c6   0x0000000c   Code   RO         4732    i.__mathlib_dbl_invalid  m_ws.l(dunder.o)
    0x080061d2   0x080061d2   0x0000000e   Code   RO         4507    i._is_digit         c_w.l(__printf_wp.o)
    0x080061e0   0x080061e0   0x0000035c   Code   RO         4606    i.log               m_ws.l(log.o)
    0x0800653c   0x0800653c   0x00000034   Code   RO         4401    i.main              main.o
    0x08006570   0x08006570   0x00000094   Code   RO         4615    i.round             m_ws.l(round.o)
    0x08006604   0x08006604   0x00000062   Code   RO         4537    x$fpl$d2f           fz_ws.l(d2f.o)
    0x08006666   0x08006666   0x00000002   PAD
    0x08006668   0x08006668   0x00000150   Code   RO         4539    x$fpl$dadd          fz_ws.l(daddsub_clz.o)
    0x080067b8   0x080067b8   0x00000010   Code   RO         4779    x$fpl$dcheck1       fz_ws.l(dcheck1.o)
    0x080067c8   0x080067c8   0x00000018   Code   RO         4692    x$fpl$dcmpinf       fz_ws.l(dcmpi.o)
    0x080067e0   0x080067e0   0x000002b0   Code   RO         4546    x$fpl$ddiv          fz_ws.l(ddiv.o)
    0x08006a90   0x08006a90   0x00000078   Code   RO         4694    x$fpl$deqf          fz_ws.l(deqf.o)
    0x08006b08   0x08006b08   0x0000005a   Code   RO         4553    x$fpl$dfixu         fz_ws.l(dfixu.o)
    0x08006b62   0x08006b62   0x0000002e   Code   RO         4558    x$fpl$dflt          fz_ws.l(dflt_clz.o)
    0x08006b90   0x08006b90   0x00000026   Code   RO         4557    x$fpl$dfltu         fz_ws.l(dflt_clz.o)
    0x08006bb6   0x08006bb6   0x00000002   PAD
    0x08006bb8   0x08006bb8   0x00000078   Code   RO         4563    x$fpl$dleqf         fz_ws.l(dleqf.o)
    0x08006c30   0x08006c30   0x00000154   Code   RO         4565    x$fpl$dmul          fz_ws.l(dmul.o)
    0x08006d84   0x08006d84   0x0000009c   Code   RO         4696    x$fpl$dnaninf       fz_ws.l(dnaninf.o)
    0x08006e20   0x08006e20   0x0000000c   Code   RO         4698    x$fpl$dretinf       fz_ws.l(dretinf.o)
    0x08006e2c   0x08006e2c   0x0000006c   Code   RO         4567    x$fpl$drleqf        fz_ws.l(drleqf.o)
    0x08006e98   0x08006e98   0x000000b4   Code   RO         4700    x$fpl$drnd          fz_ws.l(drnd.o)
    0x08006f4c   0x08006f4c   0x00000016   Code   RO         4540    x$fpl$drsb          fz_ws.l(daddsub_clz.o)
    0x08006f62   0x08006f62   0x00000002   PAD
    0x08006f64   0x08006f64   0x000001d4   Code   RO         4541    x$fpl$dsub          fz_ws.l(daddsub_clz.o)
    0x08007138   0x08007138   0x00000056   Code   RO         4569    x$fpl$f2d           fz_ws.l(f2d.o)
    0x0800718e   0x0800718e   0x00000002   PAD
    0x08007190   0x08007190   0x000000c4   Code   RO         4571    x$fpl$fadd          fz_ws.l(faddsub_clz.o)
    0x08007254   0x08007254   0x00000018   Code   RO         4702    x$fpl$fcmpinf       fz_ws.l(fcmpi.o)
    0x0800726c   0x0800726c   0x00000184   Code   RO         4578    x$fpl$fdiv          fz_ws.l(fdiv.o)
    0x080073f0   0x080073f0   0x0000003e   Code   RO         4581    x$fpl$ffixu         fz_ws.l(ffixu.o)
    0x0800742e   0x0800742e   0x00000002   PAD
    0x08007430   0x08007430   0x00000026   Code   RO         4585    x$fpl$ffltu         fz_ws.l(fflt_clz.o)
    0x08007456   0x08007456   0x00000002   PAD
    0x08007458   0x08007458   0x00000068   Code   RO         4591    x$fpl$fleqf         fz_ws.l(fleqf.o)
    0x080074c0   0x080074c0   0x00000102   Code   RO         4593    x$fpl$fmul          fz_ws.l(fmul.o)
    0x080075c2   0x080075c2   0x0000008c   Code   RO         4704    x$fpl$fnaninf       fz_ws.l(fnaninf.o)
    0x0800764e   0x0800764e   0x0000000a   Code   RO         4706    x$fpl$fretinf       fz_ws.l(fretinf.o)
    0x08007658   0x08007658   0x00000062   Code   RO         4595    x$fpl$frleqf        fz_ws.l(frleqf.o)
    0x080076ba   0x080076ba   0x00000014   Code   RO         4572    x$fpl$frsb          fz_ws.l(faddsub_clz.o)
    0x080076ce   0x080076ce   0x00000002   PAD
    0x080076d0   0x080076d0   0x000000ea   Code   RO         4573    x$fpl$fsub          fz_ws.l(faddsub_clz.o)
    0x080077ba   0x080077ba   0x00000064   Code   RO         4835    x$fpl$retnan        fz_ws.l(retnan.o)
    0x0800781e   0x0800781e   0x0000005c   Code   RO         4716    x$fpl$scalbn        fz_ws.l(scalbn.o)
    0x0800787a   0x0800787a   0x00000030   Code   RO         4887    x$fpl$trapveneer    fz_ws.l(trapv.o)
    0x080078aa   0x080078aa   0x00000000   Code   RO         4718    x$fpl$usenofp       fz_ws.l(usenofp.o)
    0x080078aa   0x080078aa   0x00001ff5   Data   RO          520    .constdata          oled_data.o
    0x0800989f   0x0800989f   0x00000011   Data   RO         4515    .constdata          c_w.l(__printf_flags_ss_wp.o)
    0x080098b0   0x080098b0   0x00000038   Data   RO         4607    .constdata          m_ws.l(log.o)
    0x080098e8   0x080098e8   0x0000000c   Data   RO         4689    .constdata          c_w.l(_monlen.o)
    0x080098f4   0x080098f4   0x00000004   PAD
    0x080098f8   0x080098f8   0x00000008   Data   RO         4745    .constdata          m_ws.l(qnan.o)
    0x08009900   0x08009900   0x00000020   Data   RO         4966    Region$$Table       anon$$obj.o


    Execution Region RW_IRAM1 (Exec base: 0x20000000, Load base: 0x08009920, Size: 0x00000b78, Max: 0x00005000, ABSOLUTE)

    Exec Addr    Load Addr    Size         Type   Attr      Idx    E Section Name        Object

    0x20000000   0x08009920   0x00000014   Data   RW          475    .data               key.o
    0x20000014   0x08009934   0x0000000d   Data   RW          542    .data               menu.o
    0x20000021   0x08009941   0x00000003   PAD
    0x20000024   0x08009944   0x0000000b   Data   RW          651    .data               ad.o
    0x2000002f   0x0800994f   0x00000001   PAD
    0x20000030   0x08009950   0x00000008   Data   RW          704    .data               hc_sr04.o
    0x20000038   0x08009958   0x00000004   Data   RW          761    .data               serial.o
    0x2000003c   0x0800995c   0x00000006   Data   RW          840    .data               voice_recognition.o
    0x20000042   0x08009962   0x00000002   Data   RW          882    .data               hc_04.o
    0x20000044   0x08009964   0x00000003   Data   RW          947    .data               bluetooth.o
    0x20000047   0x08009967   0x00000001   PAD
    0x20000048   0x08009968   0x00000005   Data   RW          986    .data               count_down.o
    0x2000004d   0x0800996d   0x00000001   PAD
    0x2000004e   0x0800996e   0x00000008   Data   RW         1132    .data               myrtc.o
    0x20000056   0x08009976   0x00000002   PAD
    0x20000058   0x08009978   0x00000012   Data   RW         1244    .data               timer.o
    0x2000006a   0x0800998a   0x00000014   Data   RW         3010    .data               stm32f10x_rcc.o
    0x2000007e   0x0800999e   0x00000002   PAD
    0x20000080        -       0x00000400   Zero   RW           37    .bss                oled.o
    0x20000480        -       0x00000020   Zero   RW          650    .bss                ad.o
    0x200004a0        -       0x0000000c   Zero   RW          703    .bss                hc_sr04.o
    0x200004ac        -       0x00000020   Zero   RW          760    .bss                serial.o
    0x200004cc        -       0x0000001e   Zero   RW          946    .bss                bluetooth.o
    0x200004ea   0x0800999e   0x00000002   PAD
    0x200004ec        -       0x0000002c   Zero   RW         4529    .bss                c_w.l(localtime.o)
    0x20000518        -       0x00000060   Zero   RW         4784    .bss                c_w.l(libspace.o)
    0x20000578        -       0x00000200   Zero   RW         1295    HEAP                startup_stm32f10x_md.o
    0x20000778        -       0x00000400   Zero   RW         1294    STACK               startup_stm32f10x_md.o


==============================================================================

Image component sizes


      Code (inc. data)   RO Data    RW Data    ZI Data      Debug   Object Name

       920        138          0         11         32       3864   ad.o
      1692        292          0          3         30       2385   bluetooth.o
       580        132          0          5          0       6567   count_down.o
        70          0          0          0          0        882   delay.o
       330         36          0          2          0       3035   hc_04.o
       824         94          0          8         12       4494   hc_sr04.o
       664         44          0         20          0       2856   key.o
        52          0          0          0          0        411   main.o
      7272       1508          0         13          0       7825   menu.o
       132         22          0          0          0       2979   misc.o
       162         20          0          0          0       1723   motor.o
      1636        108          0          8          0      10976   myrtc.o
      2330         64          0          0       1024     237496   oled.o
         0          0       8181          0          0       1047   oled_data.o
       164          4          0          0          0     259613   pwm.o
       362         40          0          4         32       3995   serial.o
        64         26        236          0       1536        788   startup_stm32f10x_md.o
       390         10          0          0          0      15801   stm32f10x_adc.o
        56         10          0          0          0       2019   stm32f10x_bkp.o
        84          0          0          0          0      12357   stm32f10x_dma.o
       200         18          0          0          0       3984   stm32f10x_exti.o
       394          4          0          0          0      13204   stm32f10x_gpio.o
        26          0          0          0          0       3542   stm32f10x_it.o
        12          6          0          0          0        454   stm32f10x_pwr.o
       472         64          0         20          0      15820   stm32f10x_rcc.o
       176         34          0          0          0       3123   stm32f10x_rtc.o
       480         62          0          0          0      27562   stm32f10x_tim.o
       472          6          0          0          0      12259   stm32f10x_usart.o
       328         28          0          0          0       1741   system_stm32f10x.o
       640         94          0         18          0       2405   timer.o
      1318         72          0          6          0       2403   voice_recognition.o

    ----------------------------------------------------------------------
     22338       2936       8449        128       2668     667610   Object Totals
         0          0         32          0          0          0   (incl. Generated)
        36          0          0         10          2          0   (incl. Padding)

    ----------------------------------------------------------------------

      Code (inc. data)   RO Data    RW Data    ZI Data      Debug   Library Member Name

        44          6          0          0          0         84   __2sprintf.o
         8          0          0          0          0         68   __main.o
       392          4         17          0          0         92   __printf_flags_ss_wp.o
        14          0          0          0          0         68   __printf_wp.o
         0          0          0          0          0          0   __rtentry.o
        12          0          0          0          0          0   __rtentry2.o
         6          0          0          0          0          0   __rtentry4.o
        52          8          0          0          0          0   __scatter.o
        26          0          0          0          0          0   __scatter_copy.o
        28          0          0          0          0          0   __scatter_zi.o
         0          0         12          0          0          0   _monlen.o
        44          0          0          0          0        108   _printf_char.o
        48          6          0          0          0         96   _printf_char_common.o
         6          0          0          0          0          0   _printf_d.o
       120         16          0          0          0         92   _printf_dec.o
       178          0          0          0          0         88   _printf_intcommon.o
         0          0          0          0          0          0   _printf_percent.o
         4          0          0          0          0          0   _printf_percent_end.o
         6          0          0          0          0          0   _printf_s.o
        82          0          0          0          0         80   _printf_str.o
        22          0          0          0          0        100   _rserrno.o
        10          0          0          0          0         68   _sputc.o
        18          0          0          0          0         80   exit.o
         6          0          0          0          0        152   heapauxi.o
         0          0          0          0          0          0   indicate_semi.o
         2          0          0          0          0          0   libinit.o
         2          0          0          0          0          0   libinit2.o
         2          0          0          0          0          0   libshutdown.o
         2          0          0          0          0          0   libshutdown2.o
         8          4          0          0         96         68   libspace.o
        12          6          0          0         44         68   localtime.o
       184          6          0          0          0         80   localtime_internal.o
       428         10          0          0          0        116   mktime.o
         8          4          0          0          0         68   rt_errno_addr_intlibspace.o
        68          0          0          0          0         68   rt_memclr.o
        78          0          0          0          0         80   rt_memclr_w.o
       100          0          0          0          0         80   rt_memcpy_w.o
         2          0          0          0          0          0   rtexit.o
        10          0          0          0          0          0   rtexit2.o
       128          0          0          0          0         68   strcmpv7m.o
        72          0          0          0          0         80   strcpy.o
        12          4          0          0          0         68   sys_exit.o
        74          0          0          0          0         80   sys_stackheap_outer.o
         2          0          0          0          0         68   use_no_semi.o
        98          4          0          0          0         92   d2f.o
       826         16          0          0          0        348   daddsub_clz.o
        16          4          0          0          0         68   dcheck1.o
        24          0          0          0          0         68   dcmpi.o
       688        140          0          0          0        208   ddiv.o
       120          4          0          0          0         92   deqf.o
        90          4          0          0          0         92   dfixu.o
        84          0          0          0          0        136   dflt_clz.o
       120          4          0          0          0         92   dleqf.o
       340         12          0          0          0        104   dmul.o
       156          4          0          0          0         92   dnaninf.o
        12          0          0          0          0         68   dretinf.o
       108          0          0          0          0         80   drleqf.o
       180          4          0          0          0         80   drnd.o
        86          4          0          0          0         84   f2d.o
       450          8          0          0          0        236   faddsub_clz.o
        24          0          0          0          0         68   fcmpi.o
       388         76          0          0          0         96   fdiv.o
        62          4          0          0          0         84   ffixu.o
        38          0          0          0          0         68   fflt_clz.o
       104          4          0          0          0         84   fleqf.o
       258          4          0          0          0         84   fmul.o
       140          4          0          0          0         84   fnaninf.o
        10          0          0          0          0         68   fretinf.o
        98          0          0          0          0         68   frleqf.o
       100          0          0          0          0         68   retnan.o
        92          0          0          0          0         68   scalbn.o
        48          0          0          0          0         68   trapv.o
         0          0          0          0          0          0   usenofp.o
        34          4          0          0          0        204   dunder.o
       860         52         56          0          0        256   log.o
       170          0          0          0          0         96   poly.o
         0          0          8          0          0          0   qnan.o
       148         12          0          0          0         88   round.o

    ----------------------------------------------------------------------
      8316        442         97          0        140       5660   Library Totals
        24          0          4          0          0          0   (incl. Padding)

    ----------------------------------------------------------------------

      Code (inc. data)   RO Data    RW Data    ZI Data      Debug   Library Name

      2320         74         29          0        140       2168   c_w.l
      4760        300          0          0          0       2848   fz_ws.l
      1212         68         64          0          0        644   m_ws.l

    ----------------------------------------------------------------------
      8316        442         97          0        140       5660   Library Totals

    ----------------------------------------------------------------------

==============================================================================


      Code (inc. data)   RO Data    RW Data    ZI Data      Debug   

     30654       3378       8546        128       2808     660474   Grand Totals
     30654       3378       8546        128       2808     660474   ELF Image Totals
     30654       3378       8546        128          0          0   ROM Totals

==============================================================================

    Total RO  Size (Code + RO Data)                39200 (  38.28kB)
    Total RW  Size (RW Data + ZI Data)              2936 (   2.87kB)
    Total ROM Size (Code + RO Data + RW Data)      39328 (  38.41kB)

==============================================================================

